Archive member included because of file (symbol)

/home/chuby/Dropbox/WorkSpace/lpc1769/CMSISv2p00_LPC17xx/Debug/libCMSISv2p00_LPC17xx.a(system_LPC17xx.o)
                              ./src/cr_startup_lpc176x.o (SystemInit)
/usr/local/lpcxpresso_5.0.14_1063/lpcxpresso/tools/bin/../lib/gcc/arm-none-eabi/4.6.2/../../../../arm-none-eabi/lib/armv7-m/libcr_semihost.a(_cr__main.o)
                              ./src/cr_startup_lpc176x.o (__main)
/usr/local/lpcxpresso_5.0.14_1063/lpcxpresso/tools/bin/../lib/gcc/arm-none-eabi/4.6.2/../../../../arm-none-eabi/lib/armv7-m/libcr_c.a(memcpy.o)
                              ./src/att.o (memcpy)
/usr/local/lpcxpresso_5.0.14_1063/lpcxpresso/tools/bin/../lib/gcc/arm-none-eabi/4.6.2/../../../../arm-none-eabi/lib/armv7-m/libcr_c.a(memset.o)
                              ./src/hci_cmds.o (memset)
/usr/local/lpcxpresso_5.0.14_1063/lpcxpresso/tools/bin/../lib/gcc/arm-none-eabi/4.6.2/../../../../arm-none-eabi/lib/armv7-m/libcr_c.a(fpprintf.o)
                              ./src/utils.o (sprintf)
/usr/local/lpcxpresso_5.0.14_1063/lpcxpresso/tools/bin/../lib/gcc/arm-none-eabi/4.6.2/../../../../arm-none-eabi/lib/armv7-m/libcr_c.a(initio.o)
                              /usr/local/lpcxpresso_5.0.14_1063/lpcxpresso/tools/bin/../lib/gcc/arm-none-eabi/4.6.2/../../../../arm-none-eabi/lib/armv7-m/libcr_semihost.a(_cr__main.o) (_initio)
/usr/local/lpcxpresso_5.0.14_1063/lpcxpresso/tools/bin/../lib/gcc/arm-none-eabi/4.6.2/../../../../arm-none-eabi/lib/armv7-m/libcr_c.a(memcmp.o)
                              ./src/att.o (memcmp)
/usr/local/lpcxpresso_5.0.14_1063/lpcxpresso/tools/bin/../lib/gcc/arm-none-eabi/4.6.2/../../../../arm-none-eabi/lib/armv7-m/libcr_c.a(printf.o)
                              /usr/local/lpcxpresso_5.0.14_1063/lpcxpresso/tools/bin/../lib/gcc/arm-none-eabi/4.6.2/../../../../arm-none-eabi/lib/armv7-m/libcr_c.a(fpprintf.o) (__vfprintf)
/usr/local/lpcxpresso_5.0.14_1063/lpcxpresso/tools/bin/../lib/gcc/arm-none-eabi/4.6.2/../../../../arm-none-eabi/lib/armv7-m/libcr_c.a(setvbuf.o)
                              /usr/local/lpcxpresso_5.0.14_1063/lpcxpresso/tools/bin/../lib/gcc/arm-none-eabi/4.6.2/../../../../arm-none-eabi/lib/armv7-m/libcr_c.a(initio.o) (setvbuf)
/usr/local/lpcxpresso_5.0.14_1063/lpcxpresso/tools/bin/../lib/gcc/arm-none-eabi/4.6.2/../../../../arm-none-eabi/lib/armv7-m/libcr_c.a(stdio.o)
                              /usr/local/lpcxpresso_5.0.14_1063/lpcxpresso/tools/bin/../lib/gcc/arm-none-eabi/4.6.2/../../../../arm-none-eabi/lib/armv7-m/libcr_c.a(fpprintf.o) (__Ciob)
/usr/local/lpcxpresso_5.0.14_1063/lpcxpresso/tools/bin/../lib/gcc/arm-none-eabi/4.6.2/../../../../arm-none-eabi/lib/armv7-m/libcr_c.a(strlen.o)
                              ./src/hci_cmds.o (strlen)
/usr/local/lpcxpresso_5.0.14_1063/lpcxpresso/tools/bin/../lib/gcc/arm-none-eabi/4.6.2/../../../../arm-none-eabi/lib/armv7-m/libcr_c.a(strncmp.o)
                              ./src/remote_device_db_memory.o (strncmp)
/usr/local/lpcxpresso_5.0.14_1063/lpcxpresso/tools/bin/../lib/gcc/arm-none-eabi/4.6.2/../../../../arm-none-eabi/lib/armv7-m/libcr_c.a(strncpy.o)
                              ./src/remote_device_db_memory.o (strncpy)
/usr/local/lpcxpresso_5.0.14_1063/lpcxpresso/tools/bin/../lib/gcc/arm-none-eabi/4.6.2/../../../../arm-none-eabi/lib/armv7-m/libcr_c.a(__fillbuf.o)
                              /usr/local/lpcxpresso_5.0.14_1063/lpcxpresso/tools/bin/../lib/gcc/arm-none-eabi/4.6.2/../../../../arm-none-eabi/lib/armv7-m/libcr_c.a(stdio.o) (__filbuf)
/usr/local/lpcxpresso_5.0.14_1063/lpcxpresso/tools/bin/../lib/gcc/arm-none-eabi/4.6.2/../../../../arm-none-eabi/lib/armv7-m/libcr_c.a(_deferredlazyseek.o)
                              /usr/local/lpcxpresso_5.0.14_1063/lpcxpresso/tools/bin/../lib/gcc/arm-none-eabi/4.6.2/../../../../arm-none-eabi/lib/armv7-m/libcr_c.a(__fillbuf.o) (_deferredlazyseek)
/usr/local/lpcxpresso_5.0.14_1063/lpcxpresso/tools/bin/../lib/gcc/arm-none-eabi/4.6.2/../../../../arm-none-eabi/lib/armv7-m/libcr_c.a(_fdopen.o)
                              /usr/local/lpcxpresso_5.0.14_1063/lpcxpresso/tools/bin/../lib/gcc/arm-none-eabi/4.6.2/../../../../arm-none-eabi/lib/armv7-m/libcr_c.a(initio.o) (_fdopen)
/usr/local/lpcxpresso_5.0.14_1063/lpcxpresso/tools/bin/../lib/gcc/arm-none-eabi/4.6.2/../../../../arm-none-eabi/lib/armv7-m/libcr_c.a(_fflush.o)
                              /usr/local/lpcxpresso_5.0.14_1063/lpcxpresso/tools/bin/../lib/gcc/arm-none-eabi/4.6.2/../../../../arm-none-eabi/lib/armv7-m/libcr_c.a(__fillbuf.o) (_fflush)
/usr/local/lpcxpresso_5.0.14_1063/lpcxpresso/tools/bin/../lib/gcc/arm-none-eabi/4.6.2/../../../../arm-none-eabi/lib/armv7-m/libcr_c.a(_frexpl.o)
                              /usr/local/lpcxpresso_5.0.14_1063/lpcxpresso/tools/bin/../lib/gcc/arm-none-eabi/4.6.2/../../../../arm-none-eabi/lib/armv7-m/libcr_c.a(fpprintf.o) (_frexpl)
[...]
Memory Configuration

Name             Origin             Length             Attributes
MFlash512        0x00000000         0x00080000         xr
RamLoc32         0x10000000         0x00008000         xrw
RamAHB32         0x2007c000         0x00008000         xrw
*default*        0x00000000         0xffffffff

Linker script and memory map

LOAD ./src/att.o
LOAD ./src/btstack_memory.o
LOAD ./src/cr_startup_lpc176x.o
LOAD ./src/hal_cpu.o
LOAD ./src/hal_tick.o
LOAD ./src/hal_uart_dma.o
LOAD ./src/hci.o
LOAD ./src/hci_cmds.o
LOAD ./src/hci_dump.o
LOAD ./src/hci_transport_h4_dma.o
LOAD ./src/l2cap.o
LOAD ./src/l2cap_signaling.o
LOAD ./src/linked_list.o
LOAD ./src/lpc17xx_clkpwr.o
LOAD ./src/lpc17xx_libcfg_default.o
LOAD ./src/lpc17xx_pinsel.o
LOAD ./src/lpc17xx_timer.o
LOAD ./src/lpc17xx_uart.o
LOAD ./src/main.o
LOAD ./src/memory_pool.o
LOAD ./src/remote_device_db_memory.o
LOAD ./src/rfcomm.o
LOAD ./src/run_loop.o
LOAD ./src/run_loop_embedded.o
LOAD ./src/sdp_util.o
LOAD ./src/utils.o
LOAD /home/chuby/Dropbox/WorkSpace/lpc1769/CMSISv2p00_LPC17xx/Debug/libCMSISv2p00_LPC17xx.a
START GROUP
LOAD /usr/local/lpcxpresso_5.0.14_1063/lpcxpresso/tools/bin/../lib/gcc/arm-none-eabi/4.6.2/../../../../arm-none-eabi/lib/armv7-m/libcr_semihost.a
LOAD /usr/local/lpcxpresso_5.0.14_1063/lpcxpresso/tools/bin/../lib/gcc/arm-none-eabi/4.6.2/../../../../arm-none-eabi/lib/armv7-m/libcr_c.a
LOAD /usr/local/lpcxpresso_5.0.14_1063/lpcxpresso/tools/bin/../lib/gcc/arm-none-eabi/4.6.2/armv7-m/libcr_eabihelpers.a
END GROUP
                0x00080000                __top_MFlash512 = 0x80000
                0x10008000                __top_RamLoc32 = 0x10008000
                0x20084000                __top_RamAHB32 = 0x20084000

.text           0x00000000     0x8140
 FILL mask 0xff
 *(.isr_vector)
 .isr_vector    0x00000000       0xcc ./src/cr_startup_lpc176x.o
                0x00000000                g_pfnVectors
                0x000000cc                . = ALIGN (0x4)
                0x000000cc                __section_table_start = .
                0x000000cc                __data_section_table = .
                0x000000cc        0x4 LONG 0x8140 LOADADDR (.data)
                0x000000d0        0x4 LONG 0x10000000 ADDR (.data)
                0x000000d4        0x4 LONG 0x44 SIZEOF (.data)
                0x000000d8        0x4 LONG 0x8140 LOADADDR (.data_RAM2)
                0x000000dc        0x4 LONG 0x2007c000 ADDR (.data_RAM2)
                0x000000e0        0x4 LONG 0x0 SIZEOF (.data_RAM2)
                0x000000e4                __data_section_table_end = .
                0x000000e4                __bss_section_table = .
                0x000000e4        0x4 LONG 0x10000044 ADDR (.bss)
                0x000000e8        0x4 LONG 0x4b8 SIZEOF (.bss)
                0x000000ec        0x4 LONG 0x2007c000 ADDR (.bss_RAM2)
                0x000000f0        0x4 LONG 0x0 SIZEOF (.bss_RAM2)
                0x000000f4                __bss_section_table_end = .
                0x000000f4                __section_table_end = .
 *(.after_vectors*)
 .after_vectors
                0x000000f4       0x78 ./src/cr_startup_lpc176x.o
                0x000000f4                NMI_Handler
                0x000000f6                HardFault_Handler
                0x000000f8                MemManage_Handler
                0x000000fa                BusFault_Handler
                0x000000fc                UsageFault_Handler
                0x000000fe                SVC_Handler
                0x00000100                DebugMon_Handler
                0x00000102                PendSV_Handler
                0x00000104                SysTick_Handler
                0x00000106                data_init
                0x00000118                bss_init
                0x00000128                ResetISR
                0x00000168                TIMER2_IRQHandler
                0x00000168                RIT_IRQHandler
                0x00000168                I2C0_IRQHandler
                0x00000168                USBActivity_IRQHandler
                0x00000168                PWM1_IRQHandler
                0x00000168                I2C1_IRQHandler
                0x00000168                EINT2_IRQHandler
                0x00000168                EINT3_IRQHandler
                0x00000168                CANActivity_IRQHandler
                0x00000168                TIMER3_IRQHandler
                0x00000168                UART0_IRQHandler
                0x00000168                IntDefaultHandler
                0x00000168                PLL0_IRQHandler
                0x00000168                CAN_IRQHandler
                0x00000168                PLL1_IRQHandler
                0x00000168                SSP0_IRQHandler
                0x00000168                I2S_IRQHandler
                0x00000168                I2C2_IRQHandler
                0x00000168                RTC_IRQHandler
                0x00000168                SPI_IRQHandler
                0x00000168                EINT1_IRQHandler
                0x00000168                TIMER1_IRQHandler
                0x00000168                UART2_IRQHandler
                0x00000168                ADC_IRQHandler
                0x00000168                SSP1_IRQHandler
                0x00000168                USB_IRQHandler
                0x00000168                BOD_IRQHandler
                0x00000168                WDT_IRQHandler
                0x00000168                QEI_IRQHandler
                0x00000168                EINT0_IRQHandler
                0x00000168                DMA_IRQHandler
                0x00000168                UART3_IRQHandler
                0x00000168                MCPWM_IRQHandler
                0x00000168                ENET_IRQHandler
                0x000002fc                . = 0x2fc
 *fill*         0x0000016c      0x190 ff
                0x000002fc                PROVIDE (__CRP_WORD_START__, .)
 *(.crp)
 .crp           0x000002fc        0x4 ./src/main.o
                0x000002fc                CRP_WORD
                0x00000300                PROVIDE (__CRP_WORD_END__, .)
                0x00000001                ASSERT (! ((__CRP_WORD_START__ == __CRP_WORD_END__)), Linker CRP Enabled, but no CRP_WORD provided within application)
 *(.text*)
 .text.btstack_memory_hci_connection_get
                0x00000300       0x18 ./src/btstack_memory.o
                0x00000300                btstack_memory_hci_connection_get
 .text.btstack_memory_hci_connection_free
                0x00000318       0x20 ./src/btstack_memory.o
                0x00000318                btstack_memory_hci_connection_free
 .text.btstack_memory_db_mem_device_name_get
                0x00000338       0x10 ./src/btstack_memory.o
                0x00000338                btstack_memory_db_mem_device_name_get
 .text.btstack_memory_db_mem_device_name_free
                0x00000348       0x14 ./src/btstack_memory.o
                0x00000348                btstack_memory_db_mem_device_name_free
 .text.btstack_memory_db_mem_device_link_key_get
                0x0000035c       0x18 ./src/btstack_memory.o
                0x0000035c                btstack_memory_db_mem_device_link_key_get
 .text.btstack_memory_db_mem_device_link_key_free
                0x00000374       0x20 ./src/btstack_memory.o
                0x00000374                btstack_memory_db_mem_device_link_key_free
 .text.btstack_memory_db_mem_service_get
                0x00000394       0x10 ./src/btstack_memory.o
                0x00000394                btstack_memory_db_mem_service_get
 .text.btstack_memory_init
                0x000003a4       0x40 ./src/btstack_memory.o
                0x000003a4                btstack_memory_init
 .text.NVIC_EnableIRQ
                0x000003e4       0x38 ./src/hal_cpu.o
 .text.NVIC_DisableIRQ
                0x0000041c       0x3c ./src/hal_cpu.o
 .text.hal_cpu_enable_irqs
                0x00000458       0x20 ./src/hal_cpu.o
                0x00000458                hal_cpu_enable_irqs
 .text.hal_cpu_disable_irqs
                0x00000478       0x20 ./src/hal_cpu.o
                0x00000478                hal_cpu_disable_irqs
 .text.hal_cpu_enable_irqs_and_sleep
                0x00000498       0x28 ./src/hal_cpu.o
                0x00000498                hal_cpu_enable_irqs_and_sleep
 .text.NVIC_EnableIRQ
                0x000004c0       0x38 ./src/hal_tick.o
 .text.dummy_handler
                0x000004f8        0xc ./src/hal_tick.o
 .text.hal_tick_init
                0x00000504       0xbc ./src/hal_tick.o
                0x00000504                hal_tick_init
 .text.hal_tick_set_handler
                0x000005c0       0x38 ./src/hal_tick.o
                0x000005c0                hal_tick_set_handler
 .text.hal_tick_get_tick_period_in_ms
                0x000005f8       0x10 ./src/hal_tick.o
                0x000005f8                hal_tick_get_tick_period_in_ms
 .text.TIMER0_IRQHandler
                0x00000608       0x20 ./src/hal_tick.o
                0x00000608                TIMER0_IRQHandler
 .text.dummy_handler
                0x00000628        0xc ./src/hal_uart_dma.o
                0x00000628                dummy_handler
 .text.hal_uart_dma_enable_rx
                0x00000634       0x1c ./src/hal_uart_dma.o
 .text.hal_uart_dma_disable_rx
                0x00000650       0x1c ./src/hal_uart_dma.o
 .text.hal_uart_dma_init
                0x0000066c       0x4c ./src/hal_uart_dma.o
                0x0000066c                hal_uart_dma_init
 .text.hal_uart_dma_set_baud
                0x000006b8       0x18 ./src/hal_uart_dma.o
                0x000006b8                hal_uart_dma_set_baud
 .text.hal_uart_dma_set_block_received
                0x000006d0       0x20 ./src/hal_uart_dma.o
                0x000006d0                hal_uart_dma_set_block_received
 .text.hal_uart_dma_set_block_sent
                0x000006f0       0x20 ./src/hal_uart_dma.o
                0x000006f0                hal_uart_dma_set_block_sent
 .text.hal_uart_dma_send_block
                0x00000710       0x5c ./src/hal_uart_dma.o
                0x00000710                hal_uart_dma_send_block
 .text.hal_uart_dma_receive_block
                0x0000076c       0x58 ./src/hal_uart_dma.o
                0x0000076c                hal_uart_dma_receive_block
 .text.UART1_IRQHandler
                0x000007c4      0x1c8 ./src/hal_uart_dma.o
                0x000007c4                UART1_IRQHandler
 .text.connection_for_handle
                0x0000098c       0x44 ./src/hci.o
                0x0000098c                connection_for_handle
 .text.hci_connection_timeout_handler
                0x000009d0       0x4c ./src/hci.o
 .text.hci_connection_timestamp
                0x00000a1c       0x1c ./src/hci.o
 .text.create_connection_for_addr
                0x00000a38       0x98 ./src/hci.o
 .text.connection_for_address
                0x00000ad0       0x4c ./src/hci.o
 .text.connectionSetAuthenticationFlags
                0x00000b1c       0x24 ./src/hci.o
 .text.connectionClearAuthenticationFlags
                0x00000b40       0x30 ./src/hci.o
 .text.hci_add_connection_flags_for_flipped_bd_addr
                0x00000b70       0x44 ./src/hci.o
 .text.hci_drop_link_key_for_bd_addr
                0x00000bb4       0x34 ./src/hci.o
                0x00000bb4                hci_drop_link_key_for_bd_addr
 .text.nr_hci_connections
                0x00000be8       0x3c ./src/hci.o
 .text.dummy_handler
                0x00000c24       0x1c ./src/hci.o
 .text.hci_number_free_acl_slots
                0x00000c40       0x6c ./src/hci.o
                0x00000c40                hci_number_free_acl_slots
 .text.hci_can_send_packet_now
                0x00000cac       0x68 ./src/hci.o
                0x00000cac                hci_can_send_packet_now
 .text.acl_handler
                0x00000d14      0x20c ./src/hci.o
 .text.hci_shutdown_connection
                0x00000f20       0x40 ./src/hci.o
 .text.hci_acl_packet_types_for_buffer_size
                0x00000f60       0x80 ./src/hci.o
 .text.event_handler
                0x00000fe0      0x7cc ./src/hci.o
 .text.packet_handler
                0x000017ac       0x3c ./src/hci.o
 .text.hci_init
                0x000017e8       0xf8 ./src/hci.o
                0x000017e8                hci_init
 .text.hci_power_control_on
                0x000018e0       0xe4 ./src/hci.o
 .text.hci_power_control_off
                0x000019c4       0x68 ./src/hci.o
 .text.hci_power_control_sleep
                0x00001a2c       0x50 ./src/hci.o
 .text.hci_power_control_wake
                0x00001a7c       0x44 ./src/hci.o
 .text.hci_power_control
                0x00001ac0      0x228 ./src/hci.o
                0x00001ac0                hci_power_control
 .text.hci_run  0x00001ce8      0x518 ./src/hci.o
                0x00001ce8                hci_run
 .text.hci_send_cmd_packet
                0x00002200      0x1f8 ./src/hci.o
                0x00002200                hci_send_cmd_packet
 .text.hci_send_cmd
                0x000023f8       0x3c ./src/hci.o
                0x000023f8                hci_send_cmd
 .text.hci_emit_state
                0x00002434       0x5c ./src/hci.o
                0x00002434                hci_emit_state
 .text.hci_emit_connection_complete
                0x00002490       0x8c ./src/hci.o
                0x00002490                hci_emit_connection_complete
 .text.hci_emit_disconnection_complete
                0x0000251c       0x70 ./src/hci.o
                0x0000251c                hci_emit_disconnection_complete
 .text.hci_emit_l2cap_check_timeout
                0x0000258c       0x64 ./src/hci.o
                0x0000258c                hci_emit_l2cap_check_timeout
 .text.hci_emit_nr_connections_changed
                0x000025f0       0x58 ./src/hci.o
                0x000025f0                hci_emit_nr_connections_changed
 .text.hci_emit_hci_open_failed
                0x00002648       0x4c ./src/hci.o
                0x00002648                hci_emit_hci_open_failed
 .text.hci_emit_discoverable_enabled
                0x00002694       0x54 ./src/hci.o
                0x00002694                hci_emit_discoverable_enabled
 .text.hci_create_cmd_internal
                0x000026e8      0x378 ./src/hci_cmds.o
                0x000026e8                hci_create_cmd_internal
 .text.hci_dump_packet
                0x00002a60       0x1c ./src/hci_dump.o
                0x00002a60                hci_dump_packet
 .text.h4_init_sm
                0x00002a7c       0x4c ./src/hci_transport_h4_dma.o
 .text.h4_open  0x00002ac8       0x50 ./src/hci_transport_h4_dma.o
 .text.h4_close
                0x00002b18       0x18 ./src/hci_transport_h4_dma.o
 .text.h4_block_received
                0x00002b30      0x1ec ./src/hci_transport_h4_dma.o
 .text.h4_block_sent
                0x00002d1c       0x5c ./src/hci_transport_h4_dma.o
 .text.h4_register_packet_handler
                0x00002d78       0x20 ./src/hci_transport_h4_dma.o
 .text.h4_process
                0x00002d98       0x9c ./src/hci_transport_h4_dma.o
 .text.h4_send_packet
                0x00002e34       0xb0 ./src/hci_transport_h4_dma.o
 .text.h4_set_baudrate
                0x00002ee4       0x2c ./src/hci_transport_h4_dma.o
 .text.h4_can_send_packet_now
                0x00002f10       0x28 ./src/hci_transport_h4_dma.o
 .text.h4_get_transport_name
                0x00002f38       0x14 ./src/hci_transport_h4_dma.o
 .text.dummy_handler
                0x00002f4c       0x1c ./src/hci_transport_h4_dma.o
 .text.hci_transport_h4_dma_instance
                0x00002f68       0x14 ./src/hci_transport_h4_dma.o
                0x00002f68                hci_transport_h4_dma_instance
 .text.linked_list_get_last_item
                0x00002f7c       0x3c ./src/linked_list.o
                0x00002f7c                linked_list_get_last_item
 .text.linked_list_add
                0x00002fb8       0x44 ./src/linked_list.o
                0x00002fb8                linked_list_add
 .text.linked_list_remove
                0x00002ffc       0x44 ./src/linked_list.o
                0x00002ffc                linked_list_remove
 .text.linked_item_set_user
                0x00003040       0x24 ./src/linked_list.o
                0x00003040                linked_item_set_user
 .text.linked_item_get_user
                0x00003064       0x18 ./src/linked_list.o
                0x00003064                linked_item_get_user
 .text.CLKPWR_SetPCLKDiv
                0x0000307c       0xcc ./src/lpc17xx_clkpwr.o
                0x0000307c                CLKPWR_SetPCLKDiv
 .text.CLKPWR_GetPCLKSEL
                0x00003148       0x54 ./src/lpc17xx_clkpwr.o
                0x00003148                CLKPWR_GetPCLKSEL
 .text.CLKPWR_GetPCLK
                0x0000319c       0x74 ./src/lpc17xx_clkpwr.o
                0x0000319c                CLKPWR_GetPCLK
 .text.CLKPWR_ConfigPPWR
                0x00003210       0x78 ./src/lpc17xx_clkpwr.o
                0x00003210                CLKPWR_ConfigPPWR
 .text.CLKPWR_Sleep
                0x00003288       0x1c ./src/lpc17xx_clkpwr.o
                0x00003288                CLKPWR_Sleep
 .text.check_failed
                0x000032a4        0xc ./src/lpc17xx_libcfg_default.o
                0x000032a4                check_failed
 .text.getPClock
                0x000032b0       0x68 ./src/lpc17xx_timer.o
 .text.converUSecToVal
                0x00003318       0x64 ./src/lpc17xx_timer.o
 .text.converPtrToTimeNum
                0x0000337c       0x6c ./src/lpc17xx_timer.o
 .text.TIM_ClearIntPending
                0x000033e8       0xa0 ./src/lpc17xx_timer.o
                0x000033e8                TIM_ClearIntPending
 .text.TIM_Init
                0x00003488      0x1cc ./src/lpc17xx_timer.o
                0x00003488                TIM_Init
 .text.TIM_Cmd  0x00003654       0x78 ./src/lpc17xx_timer.o
                0x00003654                TIM_Cmd
 .text.TIM_ResetCounter
                0x000036cc       0x6c ./src/lpc17xx_timer.o
                0x000036cc                TIM_ResetCounter
 .text.TIM_ConfigMatch
                0x00003738      0x1cc ./src/lpc17xx_timer.o
                0x00003738                TIM_ConfigMatch
 .text.uart_set_divisors
                0x00003904      0x26c ./src/lpc17xx_uart.o
 .text.UART_Init
                0x00003b70      0x398 ./src/lpc17xx_uart.o
                0x00003b70                UART_Init
 .text.UART_ConfigStructInit
                0x00003f08       0x34 ./src/lpc17xx_uart.o
                0x00003f08                UART_ConfigStructInit
 .text.UART_SendByte
                0x00003f3c       0x78 ./src/lpc17xx_uart.o
                0x00003f3c                UART_SendByte
 .text.UART_ReceiveByte
                0x00003fb4       0x78 ./src/lpc17xx_uart.o
                0x00003fb4                UART_ReceiveByte
 .text.UART_Send
                0x0000402c      0x10c ./src/lpc17xx_uart.o
                0x0000402c                UART_Send
 .text.UART_IntConfig
                0x00004138      0x1d0 ./src/lpc17xx_uart.o
                0x00004138                UART_IntConfig
 .text.UART_FIFOConfig
                0x00004308      0x184 ./src/lpc17xx_uart.o
                0x00004308                UART_FIFOConfig
 .text.UART_FIFOConfigStructInit
                0x0000448c       0x34 ./src/lpc17xx_uart.o
                0x0000448c                UART_FIFOConfigStructInit
 .text.UART_TxCmd
                0x000044c0       0xe8 ./src/lpc17xx_uart.o
                0x000044c0                UART_TxCmd
 .text.UART_FullModemForcePinState
                0x000045a8       0xcc ./src/lpc17xx_uart.o
                0x000045a8                UART_FullModemForcePinState
 .text.main     0x00004674       0x9c ./src/main.o
                0x00004674                main
 .text.memory_pool_create
                0x00004710       0x50 ./src/memory_pool.o
                0x00004710                memory_pool_create
 .text.memory_pool_get
                0x00004760       0x38 ./src/memory_pool.o
                0x00004760                memory_pool_get
 .text.memory_pool_free
                0x00004798       0x2c ./src/memory_pool.o
                0x00004798                memory_pool_free
 .text.db_open  0x000047c4        0xc ./src/remote_device_db_memory.o
 .text.db_close
                0x000047d0        0xc ./src/remote_device_db_memory.o
 .text.get_item
                0x000047dc       0x4c ./src/remote_device_db_memory.o
 .text.get_name
                0x00004828       0x68 ./src/remote_device_db_memory.o
 .text.get_link_key
                0x00004890       0x6c ./src/remote_device_db_memory.o
 .text.delete_link_key
                0x000048fc       0x44 ./src/remote_device_db_memory.o
 .text.put_link_key
                0x00004940       0xa8 ./src/remote_device_db_memory.o
 .text.delete_name
                0x000049e8       0x44 ./src/remote_device_db_memory.o
 .text.put_name
                0x00004a2c       0xa0 ./src/remote_device_db_memory.o
 .text.persistent_rfcomm_channel
                0x00004acc       0xb0 ./src/remote_device_db_memory.o
 .text.run_loop_assert
                0x00004b7c        0xc ./src/run_loop.o
                0x00004b7c                run_loop_assert
 .text.run_loop_add_data_source
                0x00004b88       0x24 ./src/run_loop.o
                0x00004b88                run_loop_add_data_source
 .text.run_loop_remove_data_source
                0x00004bac       0x28 ./src/run_loop.o
                0x00004bac                run_loop_remove_data_source
 .text.run_loop_add_timer
                0x00004bd4       0x24 ./src/run_loop.o
                0x00004bd4                run_loop_add_timer
 .text.run_loop_remove_timer
                0x00004bf8       0x28 ./src/run_loop.o
                0x00004bf8                run_loop_remove_timer
 .text.run_loop_execute
                0x00004c20       0x18 ./src/run_loop.o
                0x00004c20                run_loop_execute
 .text.run_loop_init
                0x00004c38       0x3c ./src/run_loop.o
                0x00004c38                run_loop_init
 .text.embedded_trigger
                0x00004c74       0x18 ./src/run_loop_embedded.o
                0x00004c74                embedded_trigger
 .text.embedded_add_data_source
                0x00004c8c       0x20 ./src/run_loop_embedded.o
                0x00004c8c                embedded_add_data_source
 .text.embedded_remove_data_source
                0x00004cac       0x24 ./src/run_loop_embedded.o
                0x00004cac                embedded_remove_data_source
 .text.embedded_add_timer
                0x00004cd0       0x4c ./src/run_loop_embedded.o
                0x00004cd0                embedded_add_timer
 .text.embedded_remove_timer
                0x00004d1c       0x24 ./src/run_loop_embedded.o
                0x00004d1c                embedded_remove_timer
 .text.embedded_dump_timer
                0x00004d40        0xc ./src/run_loop_embedded.o
                0x00004d40                embedded_dump_timer
 .text.embedded_execute
                0x00004d4c       0x9c ./src/run_loop_embedded.o
                0x00004d4c                embedded_execute
 .text.embedded_tick_handler
                0x00004de8       0x30 ./src/run_loop_embedded.o
 .text.embedded_get_ticks
                0x00004e18       0x18 ./src/run_loop_embedded.o
                0x00004e18                embedded_get_ticks
 .text.embedded_ticks_for_ms
                0x00004e30       0x20 ./src/run_loop_embedded.o
                0x00004e30                embedded_ticks_for_ms
 .text.run_loop_set_timer
                0x00004e50       0x3c ./src/run_loop_embedded.o
                0x00004e50                run_loop_set_timer
 .text.embedded_init
                0x00004e8c       0x40 ./src/run_loop_embedded.o
                0x00004e8c                embedded_init
 .text.bt_store_16
                0x00004ecc       0x48 ./src/utils.o
                0x00004ecc                bt_store_16
 .text.bt_flip_addr
                0x00004f14       0x58 ./src/utils.o
                0x00004f14                bt_flip_addr
 .text.SystemInit
                0x00004f6c       0xe4 /home/chuby/Dropbox/WorkSpace/lpc1769/CMSISv2p00_LPC17xx/Debug/libCMSISv2p00_LPC17xx.a(system_LPC17xx.o)
                0x00004f6c                SystemInit
 .text.__main   0x00005050       0x14 /usr/local/lpcxpresso_5.0.14_1063/lpcxpresso/tools/bin/../lib/gcc/arm-none-eabi/4.6.2/../../../../arm-none-eabi/lib/armv7-m/libcr_semihost.a(_cr__main.o)
                0x00005050                __main
                0x00005050                __CR_SEMIHOST
 .text.memcpy   0x00005064        0x4 /usr/local/lpcxpresso_5.0.14_1063/lpcxpresso/tools/bin/../lib/gcc/arm-none-eabi/4.6.2/../../../../arm-none-eabi/lib/armv7-m/libcr_c.a(memcpy.o)
                0x00005064                memcpy
 .text.memset   0x00005068        0x4 /usr/local/lpcxpresso_5.0.14_1063/lpcxpresso/tools/bin/../lib/gcc/arm-none-eabi/4.6.2/../../../../arm-none-eabi/lib/armv7-m/libcr_c.a(memset.o)
                0x00005068                memset
 .text.lose_trailing_zeros
                0x0000506c       0x1e /usr/local/lpcxpresso_5.0.14_1063/lpcxpresso/tools/bin/../lib/gcc/arm-none-eabi/4.6.2/../../../../arm-none-eabi/lib/armv7-m/libcr_c.a(fpprintf.o)
 .text.fp_round
                0x0000508a       0x54 /usr/local/lpcxpresso_5.0.14_1063/lpcxpresso/tools/bin/../lib/gcc/arm-none-eabi/4.6.2/../../../../arm-none-eabi/lib/armv7-m/libcr_c.a(fpprintf.o)
 .text.pr_dec.constprop.1
                0x000050de       0x22 /usr/local/lpcxpresso_5.0.14_1063/lpcxpresso/tools/bin/../lib/gcc/arm-none-eabi/4.6.2/../../../../arm-none-eabi/lib/armv7-m/libcr_c.a(fpprintf.o)
 .text.sprintf  0x00005100       0x70 /usr/local/lpcxpresso_5.0.14_1063/lpcxpresso/tools/bin/../lib/gcc/arm-none-eabi/4.6.2/../../../../arm-none-eabi/lib/armv7-m/libcr_c.a(fpprintf.o)
                0x00005100                sprintf
 .text.fp_display
                0x00005170      0x908 /usr/local/lpcxpresso_5.0.14_1063/lpcxpresso/tools/bin/../lib/gcc/arm-none-eabi/4.6.2/../../../../arm-none-eabi/lib/armv7-m/libcr_c.a(fpprintf.o)
 .text.vsnprintf
                0x00005a78       0x5c /usr/local/lpcxpresso_5.0.14_1063/lpcxpresso/tools/bin/../lib/gcc/arm-none-eabi/4.6.2/../../../../arm-none-eabi/lib/armv7-m/libcr_c.a(fpprintf.o)
                0x00005a78                vsnprintf
 .text.printf   0x00005ad4       0x54 /usr/local/lpcxpresso_5.0.14_1063/lpcxpresso/tools/bin/../lib/gcc/arm-none-eabi/4.6.2/../../../../arm-none-eabi/lib/armv7-m/libcr_c.a(fpprintf.o)
                0x00005ad4                printf
 .text._initio  0x00005b28       0x9c /usr/local/lpcxpresso_5.0.14_1063/lpcxpresso/tools/bin/../lib/gcc/arm-none-eabi/4.6.2/../../../../arm-none-eabi/lib/armv7-m/libcr_c.a(initio.o)
                0x00005b28                _initio
 .text.memcmp   0x00005bc4       0x38 /usr/local/lpcxpresso_5.0.14_1063/lpcxpresso/tools/bin/../lib/gcc/arm-none-eabi/4.6.2/../../../../arm-none-eabi/lib/armv7-m/libcr_c.a(memcmp.o)
                0x00005bc4                memcmp
 .text.__vfprintf
                0x00005bfc      0xd54 /usr/local/lpcxpresso_5.0.14_1063/lpcxpresso/tools/bin/../lib/gcc/arm-none-eabi/4.6.2/../../../../arm-none-eabi/lib/armv7-m/libcr_c.a(printf.o)
                0x00005bfc                __vfprintf
 .text.setvbuf  0x00006950       0x48 /usr/local/lpcxpresso_5.0.14_1063/lpcxpresso/tools/bin/../lib/gcc/arm-none-eabi/4.6.2/../../../../arm-none-eabi/lib/armv7-m/libcr_c.a(setvbuf.o)
                0x00006950                setvbuf
 .text.strlen   0x00006998       0x4c /usr/local/lpcxpresso_5.0.14_1063/lpcxpresso/tools/bin/../lib/gcc/arm-none-eabi/4.6.2/../../../../arm-none-eabi/lib/armv7-m/libcr_c.a(strlen.o)
                0x00006998                strlen
 .text.strncmp  0x000069e4       0x4e /usr/local/lpcxpresso_5.0.14_1063/lpcxpresso/tools/bin/../lib/gcc/arm-none-eabi/4.6.2/../../../../arm-none-eabi/lib/armv7-m/libcr_c.a(strncmp.o)
                0x000069e4                strncmp
 .text.strncpy  0x00006a32       0x54 /usr/local/lpcxpresso_5.0.14_1063/lpcxpresso/tools/bin/../lib/gcc/arm-none-eabi/4.6.2/../../../../arm-none-eabi/lib/armv7-m/libcr_c.a(strncpy.o)
                0x00006a32                strncpy
 .text._deferredlazyseek
                0x00006a86       0x44 /usr/local/lpcxpresso_5.0.14_1063/lpcxpresso/tools/bin/../lib/gcc/arm-none-eabi/4.6.2/../../../../arm-none-eabi/lib/armv7-m/libcr_c.a(_deferredlazyseek.o)
                0x00006a86                _deferredlazyseek
 .text.__flsbuf
                0x00006aca      0x14e /usr/local/lpcxpresso_5.0.14_1063/lpcxpresso/tools/bin/../lib/gcc/arm-none-eabi/4.6.2/../../../../arm-none-eabi/lib/armv7-m/libcr_c.a(_deferredlazyseek.o)
                0x00006aca                __flsbuf
 .text._fdopen  0x00006c18       0x6c /usr/local/lpcxpresso_5.0.14_1063/lpcxpresso/tools/bin/../lib/gcc/arm-none-eabi/4.6.2/../../../../arm-none-eabi/lib/armv7-m/libcr_c.a(_fdopen.o)
                0x00006c18                _fdopen
 .text._fflush  0x00006c84       0x58 /usr/local/lpcxpresso_5.0.14_1063/lpcxpresso/tools/bin/../lib/gcc/arm-none-eabi/4.6.2/../../../../arm-none-eabi/lib/armv7-m/libcr_c.a(_fflush.o)
                0x00006c84                _fflush
 .text._frexpl  0x00006cdc       0x60 /usr/local/lpcxpresso_5.0.14_1063/lpcxpresso/tools/bin/../lib/gcc/arm-none-eabi/4.6.2/../../../../arm-none-eabi/lib/armv7-m/libcr_c.a(_frexpl.o)
                0x00006cdc                _frexpl
 .text._ldexpl  0x00006d3c       0x50 /usr/local/lpcxpresso_5.0.14_1063/lpcxpresso/tools/bin/../lib/gcc/arm-none-eabi/4.6.2/../../../../arm-none-eabi/lib/armv7-m/libcr_c.a(_ldexpl.o)
                0x00006d3c                _ldexpl
 .text._Cwritebuf
                0x00006d8c       0x84 /usr/local/lpcxpresso_5.0.14_1063/lpcxpresso/tools/bin/../lib/gcc/arm-none-eabi/4.6.2/../../../../arm-none-eabi/lib/armv7-m/libcr_c.a(_writebuf.o)
                0x00006d8c                _Cwritebuf
 .text.malloc   0x00006e10       0xbc /usr/local/lpcxpresso_5.0.14_1063/lpcxpresso/tools/bin/../lib/gcc/arm-none-eabi/4.6.2/../../../../arm-none-eabi/lib/armv7-m/libcr_c.a(alloc.o)
                0x00006e10                malloc
 .text.free     0x00006ecc        0xa /usr/local/lpcxpresso_5.0.14_1063/lpcxpresso/tools/bin/../lib/gcc/arm-none-eabi/4.6.2/../../../../arm-none-eabi/lib/armv7-m/libcr_c.a(alloc.o)
                0x00006ecc                free
 *fill*         0x00006ed6        0x2 00
 .text._Csys_alloc
                0x00006ed8       0x20 /usr/local/lpcxpresso_5.0.14_1063/lpcxpresso/tools/bin/../lib/gcc/arm-none-eabi/4.6.2/../../../../arm-none-eabi/lib/armv7-m/libcr_c.a(alloc.o)
                0x00006ed8                _Csys_alloc
 .text.fclose   0x00006ef8       0x6c /usr/local/lpcxpresso_5.0.14_1063/lpcxpresso/tools/bin/../lib/gcc/arm-none-eabi/4.6.2/../../../../arm-none-eabi/lib/armv7-m/libcr_c.a(fclose.o)
                0x00006ef8                fclose
 .text.fflush   0x00006f64       0x34 /usr/local/lpcxpresso_5.0.14_1063/lpcxpresso/tools/bin/../lib/gcc/arm-none-eabi/4.6.2/../../../../arm-none-eabi/lib/armv7-m/libcr_c.a(fflush.o)
                0x00006f64                fflush
 .text.fseek    0x00006f98      0x104 /usr/local/lpcxpresso_5.0.14_1063/lpcxpresso/tools/bin/../lib/gcc/arm-none-eabi/4.6.2/../../../../arm-none-eabi/lib/armv7-m/libcr_c.a(fseek.o)
                0x00006f98                fseek
 .text.ftell    0x0000709c       0x4c /usr/local/lpcxpresso_5.0.14_1063/lpcxpresso/tools/bin/../lib/gcc/arm-none-eabi/4.6.2/../../../../arm-none-eabi/lib/armv7-m/libcr_c.a(ftell.o)
                0x0000709c                ftell
 .text.remove   0x000070e8       0x14 /usr/local/lpcxpresso_5.0.14_1063/lpcxpresso/tools/bin/../lib/gcc/arm-none-eabi/4.6.2/../../../../arm-none-eabi/lib/armv7-m/libcr_c.a(remove.o)
                0x000070e8                remove
 .text._do_fflush
                0x000070fc       0x42 /usr/local/lpcxpresso_5.0.14_1063/lpcxpresso/tools/bin/../lib/gcc/arm-none-eabi/4.6.2/../../../../arm-none-eabi/lib/armv7-m/libcr_c.a(_do_fflush.o)
                0x000070fc                _do_fflush
 .text.__aeabi_division_uldivmod
                0x0000713e      0x174 /usr/local/lpcxpresso_5.0.14_1063/lpcxpresso/tools/bin/../lib/gcc/arm-none-eabi/4.6.2/armv7-m/libcr_eabihelpers.a(division.o)
                0x0000713e                __aeabi_uldivmod
                0x00007142                __bhs_ldivmod1
 .text.__aeabi_division_idiv0
                0x000072b2        0x2 /usr/local/lpcxpresso_5.0.14_1063/lpcxpresso/tools/bin/../lib/gcc/arm-none-eabi/4.6.2/armv7-m/libcr_eabihelpers.a(division.o)
                0x000072b2                __aeabi_idiv0
 .text.__aeabi_dmul
                0x000072b4      0x138 /usr/local/lpcxpresso_5.0.14_1063/lpcxpresso/tools/bin/../lib/gcc/arm-none-eabi/4.6.2/armv7-m/libcr_eabihelpers.a(double.o)
                0x000072b4                __aeabi_dmul
 .text.__aeabi_ddiv
                0x000073ec      0x168 /usr/local/lpcxpresso_5.0.14_1063/lpcxpresso/tools/bin/../lib/gcc/arm-none-eabi/4.6.2/armv7-m/libcr_eabihelpers.a(double.o)
                0x000073ec                __aeabi_ddiv
 .text.__aeabi_dsub
                0x00007554      0x1f4 /usr/local/lpcxpresso_5.0.14_1063/lpcxpresso/tools/bin/../lib/gcc/arm-none-eabi/4.6.2/armv7-m/libcr_eabihelpers.a(double.o)
                0x00007554                __aeabi_dsub
 .text.__aeabi_dadd
                0x00007748      0x154 /usr/local/lpcxpresso_5.0.14_1063/lpcxpresso/tools/bin/../lib/gcc/arm-none-eabi/4.6.2/armv7-m/libcr_eabihelpers.a(double.o)
                0x00007748                __aeabi_dadd
 .text.__aeabi_d2iz
                0x0000789c       0x40 /usr/local/lpcxpresso_5.0.14_1063/lpcxpresso/tools/bin/../lib/gcc/arm-none-eabi/4.6.2/armv7-m/libcr_eabihelpers.a(double.o)
                0x0000789c                __aeabi_d2iz
 .text.__bhs_ui2d
                0x000078dc       0x5c /usr/local/lpcxpresso_5.0.14_1063/lpcxpresso/tools/bin/../lib/gcc/arm-none-eabi/4.6.2/armv7-m/libcr_eabihelpers.a(double.o)
                0x000078dc                __bhs_ui2d
 .text.__aeabi_i2d
                0x00007938       0x10 /usr/local/lpcxpresso_5.0.14_1063/lpcxpresso/tools/bin/../lib/gcc/arm-none-eabi/4.6.2/armv7-m/libcr_eabihelpers.a(double.o)
                0x00007938                __aeabi_i2d
 .text.__aeabi_dcmpeq
                0x00007948       0x3c /usr/local/lpcxpresso_5.0.14_1063/lpcxpresso/tools/bin/../lib/gcc/arm-none-eabi/4.6.2/armv7-m/libcr_eabihelpers.a(double.o)
                0x00007948                __aeabi_dcmpeq
 .text.__aeabi_dcmplt
                0x00007984       0x5c /usr/local/lpcxpresso_5.0.14_1063/lpcxpresso/tools/bin/../lib/gcc/arm-none-eabi/4.6.2/armv7-m/libcr_eabihelpers.a(double.o)
                0x00007984                __aeabi_dcmplt
 .text.__aeabi_dcmple
                0x000079e0       0x58 /usr/local/lpcxpresso_5.0.14_1063/lpcxpresso/tools/bin/../lib/gcc/arm-none-eabi/4.6.2/armv7-m/libcr_eabihelpers.a(double.o)
                0x000079e0                __aeabi_dcmple
 .text.__aeabi_dcmpge
                0x00007a38       0x5c /usr/local/lpcxpresso_5.0.14_1063/lpcxpresso/tools/bin/../lib/gcc/arm-none-eabi/4.6.2/armv7-m/libcr_eabihelpers.a(double.o)
                0x00007a38                __aeabi_dcmpge
 .text.__aeabi_memcpy
                0x00007a94       0x26 /usr/local/lpcxpresso_5.0.14_1063/lpcxpresso/tools/bin/../lib/gcc/arm-none-eabi/4.6.2/armv7-m/libcr_eabihelpers.a(memcpy.o)
                0x00007a94                __aeabi_memcpy
                0x00007a94                __aeabi_memcpy4
                0x00007a94                __aeabi_memcpy8
 .text.__aeabi_memset_lowlevel
                0x00007aba       0x24 /usr/local/lpcxpresso_5.0.14_1063/lpcxpresso/tools/bin/../lib/gcc/arm-none-eabi/4.6.2/armv7-m/libcr_eabihelpers.a(memcpy.o)
                0x00007aba                __aeabi_lowlevel_memset
 *fill*         0x00007ade        0x2 00
 .text.__sys_appexit
                0x00007ae0        0xc /usr/local/lpcxpresso_5.0.14_1063/lpcxpresso/tools/bin/../lib/gcc/arm-none-eabi/4.6.2/../../../../arm-none-eabi/lib/armv7-m/libcr_semihost.a(__sys_appexit.o)
                0x00007ae0                __exit
                0x00007ae0                __sys_appexit
 .text.__sys_close
                0x00007aec        0xc /usr/local/lpcxpresso_5.0.14_1063/lpcxpresso/tools/bin/../lib/gcc/arm-none-eabi/4.6.2/../../../../arm-none-eabi/lib/armv7-m/libcr_semihost.a(__sys_close.o)
                0x00007aec                __sys_close
 .text.__sys_flen
                0x00007af8        0xc /usr/local/lpcxpresso_5.0.14_1063/lpcxpresso/tools/bin/../lib/gcc/arm-none-eabi/4.6.2/../../../../arm-none-eabi/lib/armv7-m/libcr_semihost.a(__sys_flen.o)
                0x00007af8                __sys_flen
 .text.__sys_istty
                0x00007b04        0xc /usr/local/lpcxpresso_5.0.14_1063/lpcxpresso/tools/bin/../lib/gcc/arm-none-eabi/4.6.2/../../../../arm-none-eabi/lib/armv7-m/libcr_semihost.a(__sys_istty.o)
                0x00007b04                __sys_istty
 .text.__sys_remove
                0x00007b10        0xc /usr/local/lpcxpresso_5.0.14_1063/lpcxpresso/tools/bin/../lib/gcc/arm-none-eabi/4.6.2/../../../../arm-none-eabi/lib/armv7-m/libcr_semihost.a(__sys_remove.o)
                0x00007b10                __sys_remove
 .text.__sys_seek
                0x00007b1c        0xc /usr/local/lpcxpresso_5.0.14_1063/lpcxpresso/tools/bin/../lib/gcc/arm-none-eabi/4.6.2/../../../../arm-none-eabi/lib/armv7-m/libcr_semihost.a(__sys_seek.o)
                0x00007b1c                __sys_seek
 .text.__sys_tmpnam
                0x00007b28        0xc /usr/local/lpcxpresso_5.0.14_1063/lpcxpresso/tools/bin/../lib/gcc/arm-none-eabi/4.6.2/../../../../arm-none-eabi/lib/armv7-m/libcr_semihost.a(__sys_tmpnam.o)
                0x00007b28                __sys_tmpnam
 .text.__sys_write
                0x00007b34        0xc /usr/local/lpcxpresso_5.0.14_1063/lpcxpresso/tools/bin/../lib/gcc/arm-none-eabi/4.6.2/../../../../arm-none-eabi/lib/armv7-m/libcr_semihost.a(__sys_write.o)
                0x00007b34                __write
                0x00007b34                __sys_write
 .text._sbrk    0x00007b40       0x40 /usr/local/lpcxpresso_5.0.14_1063/lpcxpresso/tools/bin/../lib/gcc/arm-none-eabi/4.6.2/../../../../arm-none-eabi/lib/armv7-m/libcr_semihost.a(_cr_sbrk.o)
                0x00007b40                _sbrk
 .text.__check_heap_overflow
                0x00007b80       0x2c /usr/local/lpcxpresso_5.0.14_1063/lpcxpresso/tools/bin/../lib/gcc/arm-none-eabi/4.6.2/../../../../arm-none-eabi/lib/armv7-m/libcr_semihost.a(_cr_check_heap.o)
                0x00007b80                __check_heap_overflow
 *(.rodata .rodata.*)
 .rodata        0x00007bac      0x20c ./src/hci.o
 .rodata.packet_type_sizes
                0x00007db8       0x20 ./src/hci.o
 .rodata        0x00007dd8       0xe0 ./src/hci_cmds.o
 .rodata.hci_create_connection
                0x00007eb8        0x8 ./src/hci_cmds.o
                0x00007eb8                hci_create_connection
 .rodata.hci_disconnect
                0x00007ec0        0x8 ./src/hci_cmds.o
                0x00007ec0                hci_disconnect
 .rodata.hci_accept_connection_request
                0x00007ec8        0x8 ./src/hci_cmds.o
                0x00007ec8                hci_accept_connection_request
 .rodata.hci_reject_connection_request
                0x00007ed0        0x8 ./src/hci_cmds.o
                0x00007ed0                hci_reject_connection_request
 .rodata.hci_link_key_request_reply
                0x00007ed8        0x8 ./src/hci_cmds.o
                0x00007ed8                hci_link_key_request_reply
 .rodata.hci_link_key_request_negative_reply
                0x00007ee0        0x8 ./src/hci_cmds.o
                0x00007ee0                hci_link_key_request_negative_reply
 .rodata.hci_pin_code_request_reply
                0x00007ee8        0x8 ./src/hci_cmds.o
                0x00007ee8                hci_pin_code_request_reply
 .rodata.hci_pin_code_request_negative_reply
                0x00007ef0        0x8 ./src/hci_cmds.o
                0x00007ef0                hci_pin_code_request_negative_reply
 .rodata.hci_reset
                0x00007ef8        0x8 ./src/hci_cmds.o
                0x00007ef8                hci_reset
 .rodata.hci_delete_stored_link_key
                0x00007f00        0x8 ./src/hci_cmds.o
                0x00007f00                hci_delete_stored_link_key
 .rodata.hci_write_page_timeout
                0x00007f08        0x8 ./src/hci_cmds.o
                0x00007f08                hci_write_page_timeout
 .rodata.hci_write_scan_enable
                0x00007f10        0x8 ./src/hci_cmds.o
                0x00007f10                hci_write_scan_enable
 .rodata.hci_read_local_supported_features
                0x00007f18        0x8 ./src/hci_cmds.o
                0x00007f18                hci_read_local_supported_features
 .rodata.hci_read_buffer_size
                0x00007f20        0x8 ./src/hci_cmds.o
                0x00007f20                hci_read_buffer_size
 .rodata.hci_read_bd_addr
                0x00007f28        0x8 ./src/hci_cmds.o
                0x00007f28                hci_read_bd_addr
 .rodata        0x00007f30       0x9c ./src/hci_transport_h4_dma.o
 .rodata        0x00007fcc       0x18 ./src/lpc17xx_timer.o
 .rodata        0x00007fe4       0x18 ./src/lpc17xx_uart.o
 .rodata        0x00007ffc       0x74 ./src/main.o
 .rodata.remote_device_db_memory
                0x00008070       0x24 ./src/remote_device_db_memory.o
                0x00008070                remote_device_db_memory
 .rodata.run_loop_embedded
                0x00008094       0x1c ./src/run_loop_embedded.o
                0x00008094                run_loop_embedded
 .rodata.str1.1
                0x000080b0       0x34 /usr/local/lpcxpresso_5.0.14_1063/lpcxpresso/tools/bin/../lib/gcc/arm-none-eabi/4.6.2/../../../../arm-none-eabi/lib/armv7-m/libcr_c.a(fpprintf.o)
                                 0x35 (size before relaxing)
 .rodata.str1.1
                0x000080e4        0x4 /usr/local/lpcxpresso_5.0.14_1063/lpcxpresso/tools/bin/../lib/gcc/arm-none-eabi/4.6.2/../../../../arm-none-eabi/lib/armv7-m/libcr_c.a(initio.o)
 .rodata.str1.1
                0x000080e8       0x31 /usr/local/lpcxpresso_5.0.14_1063/lpcxpresso/tools/bin/../lib/gcc/arm-none-eabi/4.6.2/../../../../arm-none-eabi/lib/armv7-m/libcr_c.a(printf.o)
                                 0x38 (size before relaxing)
 .rodata.str1.1
                0x00008119       0x18 /usr/local/lpcxpresso_5.0.14_1063/lpcxpresso/tools/bin/../lib/gcc/arm-none-eabi/4.6.2/../../../../arm-none-eabi/lib/armv7-m/libcr_c.a(alloc.o)
 *fill*         0x00008131        0x7 00
 .rodata.__huge_vall
                0x00008138        0x8 /usr/local/lpcxpresso_5.0.14_1063/lpcxpresso/tools/bin/../lib/gcc/arm-none-eabi/4.6.2/../../../../arm-none-eabi/lib/armv7-m/libcr_c.a(_hugeval.o)
                0x00008138                __huge_vall
                0x00008140                . = ALIGN (0x4)

.glue_7         0x00008140        0x0
 .glue_7        0x00000000        0x0 linker stubs

.glue_7t        0x00008140        0x0
 .glue_7t       0x00000000        0x0 linker stubs

.vfp11_veneer   0x00008140        0x0
 .vfp11_veneer  0x00000000        0x0 linker stubs

.v4_bx          0x00008140        0x0
 .v4_bx         0x00000000        0x0 linker stubs

.ARM.extab
 *(.ARM.extab* .gnu.linkonce.armextab.*)
                0x00008140                __exidx_start = .

.ARM.exidx
 *(.ARM.exidx* .gnu.linkonce.armexidx.*)
                0x00008140                __exidx_end = .
                0x00008140                _etext = .

.data_RAM2      0x2007c000        0x0 load address 0x00008140
 FILL mask 0xff
 *(.data.$RAM2*)
 *(.data.$RamAHB32*)
                0x2007c000                . = ALIGN (0x4)

.uninit_RESERVED
                0x10000000        0x0
 *(.bss.$RESERVED*)
                0x10000000                . = ALIGN (0x4)
                0x10000000                _end_uninit_RESERVED = .

.data           0x10000000       0x44 load address 0x00008140
 FILL mask 0xff
                0x10000000                _data = .
 *(vtable)
 *(.data*)
 .data.tick_handler
                0x10000000        0x4 ./src/hal_tick.o
 .data.rx_done_handler
                0x10000004        0x4 ./src/hal_uart_dma.o
 .data.tx_done_handler
                0x10000008        0x4 ./src/hal_uart_dma.o
 .data.packet_handler
                0x1000000c        0x4 ./src/hci_transport_h4_dma.o
 .data.hci_transport_h4_dma_ds
                0x10000010       0x10 ./src/hci_transport_h4_dma.o
 .data.hci_transport_h4_dma
                0x10000020       0x20 ./src/hci_transport_h4_dma.o
 .data.SystemCoreClock
                0x10000040        0x4 /home/chuby/Dropbox/WorkSpace/lpc1769/CMSISv2p00_LPC17xx/Debug/libCMSISv2p00_LPC17xx.a(system_LPC17xx.o)
                0x10000040                SystemCoreClock
                0x10000044                . = ALIGN (0x4)
                0x10000044                _edata = .

.bss_RAM2       0x2007c000        0x0
 *(.bss.$RAM2*)
 *(.bss.$RamAHB32*)
                0x2007c000                . = ALIGN (0x4)

.bss            0x10000044      0x4b8
                0x10000044                _bss = .
 *(.bss*)
 .bss.hci_connection_storage
                0x10000044       0x6c ./src/btstack_memory.o
 .bss.hci_connection_pool
                0x100000b0        0x4 ./src/btstack_memory.o
 .bss.db_mem_device_link_key_storage
                0x100000b4       0x40 ./src/btstack_memory.o
 .bss.db_mem_device_link_key_pool
                0x100000f4        0x4 ./src/btstack_memory.o
 .bss.UART1IRQ_ON
                0x100000f8        0x1 ./src/hal_cpu.o
                0x100000f8                UART1IRQ_ON
 *fill*         0x100000f9        0x3 00
 .bss.TTC0      0x100000fc        0x8 ./src/hal_tick.o
 .bss.MATC0     0x10000104        0xc ./src/hal_tick.o
 .bss.UART_CFG_1152
                0x10000110        0x8 ./src/hal_uart_dma.o
 .bss.FIFO_DEFAULT
                0x10000118        0x4 ./src/hal_uart_dma.o
 .bss.bytes_to_read
                0x1000011c        0x2 ./src/hal_uart_dma.o
 *fill*         0x1000011e        0x2 00
 .bss.rx_buffer_ptr
                0x10000120        0x4 ./src/hal_uart_dma.o
 .bss.tx_buffer_ptr
                0x10000124        0x4 ./src/hal_uart_dma.o
 .bss.hci_stack
                0x10000128      0x138 ./src/hci.o
 .bss.h4_state  0x10000260        0x1 ./src/hci_transport_h4_dma.o
 *fill*         0x10000261        0x3 00
 .bss.read_pos  0x10000264        0x4 ./src/hci_transport_h4_dma.o
 .bss.bytes_to_read
                0x10000268        0x4 ./src/hci_transport_h4_dma.o
 .bss.hci_packet
                0x1000026c      0x104 ./src/hci_transport_h4_dma.o
 .bss.tx_state  0x10000370        0x1 ./src/hci_transport_h4_dma.o
 .bss.tx_packet_type
                0x10000371        0x1 ./src/hci_transport_h4_dma.o
 *fill*         0x10000372        0x2 00
 .bss.tx_data   0x10000374        0x4 ./src/hci_transport_h4_dma.o
 .bss.tx_len    0x10000378        0x2 ./src/hci_transport_h4_dma.o
 *fill*         0x1000037a        0x2 00
 .bss.config.5939
                0x1000037c       0x10 ./src/main.o
 .bss.db_mem_link_keys
                0x1000038c        0x4 ./src/remote_device_db_memory.o
                0x1000038c                db_mem_link_keys
 .bss.db_mem_names
                0x10000390        0x4 ./src/remote_device_db_memory.o
                0x10000390                db_mem_names
 .bss.db_mem_services
                0x10000394        0x4 ./src/remote_device_db_memory.o
 .bss.the_run_loop
                0x10000398        0x4 ./src/run_loop.o
 .bss.data_sources
                0x1000039c        0x4 ./src/run_loop_embedded.o
 .bss.timers    0x100003a0        0x4 ./src/run_loop_embedded.o
 .bss.system_ticks
                0x100003a4        0x4 ./src/run_loop_embedded.o
 .bss.trigger_event_received
                0x100003a8        0x4 ./src/run_loop_embedded.o
 .bss.errno     0x100003ac        0x4 /usr/local/lpcxpresso_5.0.14_1063/lpcxpresso/tools/bin/../lib/gcc/arm-none-eabi/4.6.2/../../../../arm-none-eabi/lib/armv7-m/libcr_c.a(errno.o)
                0x100003ac                errno
 *(COMMON)
 COMMON         0x100003b0        0x4 /usr/local/lpcxpresso_5.0.14_1063/lpcxpresso/tools/bin/../lib/gcc/arm-none-eabi/4.6.2/../../../../arm-none-eabi/lib/armv7-m/libcr_c.a(initio.o)
                0x100003b0                _extra
 COMMON         0x100003b4      0x140 /usr/local/lpcxpresso_5.0.14_1063/lpcxpresso/tools/bin/../lib/gcc/arm-none-eabi/4.6.2/../../../../arm-none-eabi/lib/armv7-m/libcr_c.a(stdio.o)
                0x100003b4                __Ciob
 COMMON         0x100004f4        0x8 /usr/local/lpcxpresso_5.0.14_1063/lpcxpresso/tools/bin/../lib/gcc/arm-none-eabi/4.6.2/../../../../arm-none-eabi/lib/armv7-m/libcr_c.a(__init_alloc.o)
                0x100004f4                __heaps
                0x100004f8                __end_of_heap
                0x100004fc                . = ALIGN (0x4)
                0x100004fc                _ebss = .
                0x100004fc                PROVIDE (end, .)

.noinit_RAM2    0x2007c000        0x0
 *(.noinit.$RAM2*)
 *(.noinit.$RamAHB32*)
                0x2007c000                . = ALIGN (0x4)

.noinit         0x100004fc        0x0
                0x100004fc                _noinit = .
 *(.noinit*)
                0x100004fc                . = ALIGN (0x4)
                0x100004fc                _end_noinit = .
                0x100004fc                PROVIDE (_pvHeapStart, .)
                0x10008000                PROVIDE (_vStackTop, (__top_RamLoc32 - 0x0))
OUTPUT(EBN_Anchor_Node.axf elf32-littlearm)

.debug_info     0x00000000     0xeed0
 .debug_info    0x00000000     0x12d1 ./src/att.o
 .debug_info    0x000012d1      0x5ed ./src/btstack_memory.o
 .debug_info    0x000018be      0x2dd ./src/cr_startup_lpc176x.o
 .debug_info    0x00001b9b      0x3f8 ./src/hal_cpu.o
 .debug_info    0x00001f93      0x69b ./src/hal_tick.o
 .debug_info    0x0000262e      0xa2b ./src/hal_uart_dma.o
 .debug_info    0x00003059     0x1661 ./src/hci.o
 .debug_info    0x000046ba      0x996 ./src/hci_cmds.o
 .debug_info    0x00005050      0x193 ./src/hci_dump.o
 .debug_info    0x000051e3      0x5cd ./src/hci_transport_h4_dma.o
 .debug_info    0x000057b0     0x16aa ./src/l2cap.o
 .debug_info    0x00006e5a      0x257 ./src/l2cap_signaling.o
 .debug_info    0x000070b1      0x250 ./src/linked_list.o
 .debug_info    0x00007301      0x6d7 ./src/lpc17xx_clkpwr.o
 .debug_info    0x000079d8       0xcd ./src/lpc17xx_libcfg_default.o
 .debug_info    0x00007aa5      0x4b9 ./src/lpc17xx_pinsel.o
 .debug_info    0x00007f5e      0x891 ./src/lpc17xx_timer.o
 .debug_info    0x000087ef     0x1495 ./src/lpc17xx_uart.o
 .debug_info    0x00009c84      0x7a9 ./src/main.o
 .debug_info    0x0000a42d      0x1ba ./src/memory_pool.o
 .debug_info    0x0000a5e7      0x647 ./src/remote_device_db_memory.o
 .debug_info    0x0000ac2e     0x1f3f ./src/rfcomm.o
 .debug_info    0x0000cb6d      0x424 ./src/run_loop.o
 .debug_info    0x0000cf91      0x499 ./src/run_loop_embedded.o
 .debug_info    0x0000d42a     0x1335 ./src/sdp_util.o
 .debug_info    0x0000e75f      0x3e2 ./src/utils.o
 .debug_info    0x0000eb41      0x38f /home/chuby/Dropbox/WorkSpace/lpc1769/CMSISv2p00_LPC17xx/Debug/libCMSISv2p00_LPC17xx.a(system_LPC17xx.o)

.debug_abbrev   0x00000000     0x2665
 .debug_abbrev  0x00000000      0x1c4 ./src/att.o
 .debug_abbrev  0x000001c4      0x177 ./src/btstack_memory.o
 .debug_abbrev  0x0000033b      0x12b ./src/cr_startup_lpc176x.o
 .debug_abbrev  0x00000466      0x132 ./src/hal_cpu.o
 .debug_abbrev  0x00000598      0x1b2 ./src/hal_tick.o
 .debug_abbrev  0x0000074a      0x18c ./src/hal_uart_dma.o
 .debug_abbrev  0x000008d6      0x2ca ./src/hci.o
 .debug_abbrev  0x00000ba0      0x11c ./src/hci_cmds.o
 .debug_abbrev  0x00000cbc       0xb0 ./src/hci_dump.o
 .debug_abbrev  0x00000d6c      0x1c5 ./src/hci_transport_h4_dma.o
 .debug_abbrev  0x00000f31      0x279 ./src/l2cap.o
 .debug_abbrev  0x000011aa      0x124 ./src/l2cap_signaling.o
 .debug_abbrev  0x000012ce       0xdd ./src/linked_list.o
 .debug_abbrev  0x000013ab      0x197 ./src/lpc17xx_clkpwr.o
 .debug_abbrev  0x00001542       0x6a ./src/lpc17xx_libcfg_default.o
 .debug_abbrev  0x000015ac      0x11f ./src/lpc17xx_pinsel.o
 .debug_abbrev  0x000016cb      0x1b6 ./src/lpc17xx_timer.o
 .debug_abbrev  0x00001881      0x1ec ./src/lpc17xx_uart.o
 .debug_abbrev  0x00001a6d      0x18e ./src/main.o
 .debug_abbrev  0x00001bfb       0xdb ./src/memory_pool.o
 .debug_abbrev  0x00001cd6      0x148 ./src/remote_device_db_memory.o
 .debug_abbrev  0x00001e1e      0x1f1 ./src/rfcomm.o
 .debug_abbrev  0x0000200f      0x147 ./src/run_loop.o
 .debug_abbrev  0x00002156      0x171 ./src/run_loop_embedded.o
 .debug_abbrev  0x000022c7      0x1eb ./src/sdp_util.o
 .debug_abbrev  0x000024b2       0xd0 ./src/utils.o
 .debug_abbrev  0x00002582       0xe3 /home/chuby/Dropbox/WorkSpace/lpc1769/CMSISv2p00_LPC17xx/Debug/libCMSISv2p00_LPC17xx.a(system_LPC17xx.o)

.debug_loc      0x00000000     0x5bd8
 .debug_loc     0x00000000      0x9ae ./src/att.o
 .debug_loc     0x000009ae      0x3b0 ./src/btstack_memory.o
 .debug_loc     0x00000d5e      0x102 ./src/cr_startup_lpc176x.o
 .debug_loc     0x00000e60      0x12c ./src/hal_cpu.o
 .debug_loc     0x00000f8c      0x120 ./src/hal_tick.o
 .debug_loc     0x000010ac      0x22c ./src/hal_uart_dma.o
 .debug_loc     0x000012d8      0x9f6 ./src/hci.o
 .debug_loc     0x00001cce       0x7c ./src/hci_cmds.o
 .debug_loc     0x00001d4a       0xd4 ./src/hci_dump.o
 .debug_loc     0x00001e1e      0x290 ./src/hci_transport_h4_dma.o
 .debug_loc     0x000020ae      0x9fc ./src/l2cap.o
 .debug_loc     0x00002aaa       0x90 ./src/l2cap_signaling.o
 .debug_loc     0x00002b3a      0x188 ./src/linked_list.o
 .debug_loc     0x00002cc2      0x190 ./src/lpc17xx_clkpwr.o
 .debug_loc     0x00002e52       0x38 ./src/lpc17xx_libcfg_default.o
 .debug_loc     0x00002e8a      0x150 ./src/lpc17xx_pinsel.o
 .debug_loc     0x00002fda      0x380 ./src/lpc17xx_timer.o
 .debug_loc     0x0000335a      0x65a ./src/lpc17xx_uart.o
 .debug_loc     0x000039b4       0xe1 ./src/main.o
 .debug_loc     0x00003a95       0xa8 ./src/memory_pool.o
 .debug_loc     0x00003b3d      0x218 ./src/remote_device_db_memory.o
 .debug_loc     0x00003d55      0xf02 ./src/rfcomm.o
 .debug_loc     0x00004c57      0x20c ./src/run_loop.o
 .debug_loc     0x00004e63      0x264 ./src/run_loop_embedded.o
 .debug_loc     0x000050c7      0x851 ./src/sdp_util.o
 .debug_loc     0x00005918      0x2a0 ./src/utils.o
 .debug_loc     0x00005bb8       0x20 /home/chuby/Dropbox/WorkSpace/lpc1769/CMSISv2p00_LPC17xx/Debug/libCMSISv2p00_LPC17xx.a(system_LPC17xx.o)

.debug_aranges  0x00000000     0x1050
 .debug_aranges
                0x00000000      0x178 ./src/att.o
 .debug_aranges
                0x00000178       0xb0 ./src/btstack_memory.o
 .debug_aranges
                0x00000228       0x80 ./src/cr_startup_lpc176x.o
 .debug_aranges
                0x000002a8       0x48 ./src/hal_cpu.o
 .debug_aranges
                0x000002f0       0x48 ./src/hal_tick.o
 .debug_aranges
                0x00000338       0x70 ./src/hal_uart_dma.o
 .debug_aranges
                0x000003a8      0x190 ./src/hci.o
 .debug_aranges
                0x00000538       0x28 ./src/hci_cmds.o
 .debug_aranges
                0x00000560       0x38 ./src/hci_dump.o
 .debug_aranges
                0x00000598       0x80 ./src/hci_transport_h4_dma.o
 .debug_aranges
                0x00000618      0x188 ./src/l2cap.o
 .debug_aranges
                0x000007a0       0x30 ./src/l2cap_signaling.o
 .debug_aranges
                0x000007d0       0x50 ./src/linked_list.o
 .debug_aranges
                0x00000820       0x58 ./src/lpc17xx_clkpwr.o
 .debug_aranges
                0x00000878       0x20 ./src/lpc17xx_libcfg_default.o
 .debug_aranges
                0x00000898       0x48 ./src/lpc17xx_pinsel.o
 .debug_aranges
                0x000008e0       0x98 ./src/lpc17xx_timer.o
 .debug_aranges
                0x00000978      0x100 ./src/lpc17xx_uart.o
 .debug_aranges
                0x00000a78       0x38 ./src/main.o
 .debug_aranges
                0x00000ab0       0x30 ./src/memory_pool.o
 .debug_aranges
                0x00000ae0       0x68 ./src/remote_device_db_memory.o
 .debug_aranges
                0x00000b48      0x240 ./src/rfcomm.o
 .debug_aranges
                0x00000d88       0x68 ./src/run_loop.o
 .debug_aranges
                0x00000df0       0x78 ./src/run_loop_embedded.o
 .debug_aranges
                0x00000e68      0x148 ./src/sdp_util.o
 .debug_aranges
                0x00000fb0       0x78 ./src/utils.o
 .debug_aranges
                0x00001028       0x28 /home/chuby/Dropbox/WorkSpace/lpc1769/CMSISv2p00_LPC17xx/Debug/libCMSISv2p00_LPC17xx.a(system_LPC17xx.o)

.debug_ranges   0x00000000      0xfa8
 .debug_ranges  0x00000000      0x1b0 ./src/att.o
 .debug_ranges  0x000001b0       0xa0 ./src/btstack_memory.o
 .debug_ranges  0x00000250       0x70 ./src/cr_startup_lpc176x.o
 .debug_ranges  0x000002c0       0x38 ./src/hal_cpu.o
 .debug_ranges  0x000002f8       0x38 ./src/hal_tick.o
 .debug_ranges  0x00000330       0x60 ./src/hal_uart_dma.o
 .debug_ranges  0x00000390      0x180 ./src/hci.o
 .debug_ranges  0x00000510       0x18 ./src/hci_cmds.o
 .debug_ranges  0x00000528       0x28 ./src/hci_dump.o
 .debug_ranges  0x00000550       0x70 ./src/hci_transport_h4_dma.o
 .debug_ranges  0x000005c0      0x1d8 ./src/l2cap.o
 .debug_ranges  0x00000798       0x20 ./src/l2cap_signaling.o
 .debug_ranges  0x000007b8       0x40 ./src/linked_list.o
 .debug_ranges  0x000007f8       0x48 ./src/lpc17xx_clkpwr.o
 .debug_ranges  0x00000840       0x10 ./src/lpc17xx_libcfg_default.o
 .debug_ranges  0x00000850       0x38 ./src/lpc17xx_pinsel.o
 .debug_ranges  0x00000888       0x88 ./src/lpc17xx_timer.o
 .debug_ranges  0x00000910       0xf0 ./src/lpc17xx_uart.o
 .debug_ranges  0x00000a00       0x28 ./src/main.o
 .debug_ranges  0x00000a28       0x20 ./src/memory_pool.o
 .debug_ranges  0x00000a48       0x58 ./src/remote_device_db_memory.o
 .debug_ranges  0x00000aa0      0x230 ./src/rfcomm.o
 .debug_ranges  0x00000cd0       0x58 ./src/run_loop.o
 .debug_ranges  0x00000d28       0x98 ./src/run_loop_embedded.o
 .debug_ranges  0x00000dc0      0x168 ./src/sdp_util.o
 .debug_ranges  0x00000f28       0x68 ./src/utils.o
 .debug_ranges  0x00000f90       0x18 /home/chuby/Dropbox/WorkSpace/lpc1769/CMSISv2p00_LPC17xx/Debug/libCMSISv2p00_LPC17xx.a(system_LPC17xx.o)

.debug_line     0x00000000     0x9f9a
 .debug_line    0x00000000      0x8bc ./src/att.o
 .debug_line    0x000008bc      0x58c ./src/btstack_memory.o
 .debug_line    0x00000e48      0x3e2 ./src/cr_startup_lpc176x.o
 .debug_line    0x0000122a      0x451 ./src/hal_cpu.o
 .debug_line    0x0000167b      0x470 ./src/hal_tick.o
 .debug_line    0x00001aeb      0x4ca ./src/hal_uart_dma.o
 .debug_line    0x00001fb5      0xae6 ./src/hci.o
 .debug_line    0x00002a9b      0x483 ./src/hci_cmds.o
 .debug_line    0x00002f1e      0x42f ./src/hci_dump.o
 .debug_line    0x0000334d      0x575 ./src/hci_transport_h4_dma.o
 .debug_line    0x000038c2      0xaa4 ./src/l2cap.o
 .debug_line    0x00004366      0x3f2 ./src/l2cap_signaling.o
 .debug_line    0x00004758      0x36d ./src/linked_list.o
 .debug_line    0x00004ac5      0x4c2 ./src/lpc17xx_clkpwr.o
 .debug_line    0x00004f87      0x363 ./src/lpc17xx_libcfg_default.o
 .debug_line    0x000052ea      0x45a ./src/lpc17xx_pinsel.o
 .debug_line    0x00005744      0x77e ./src/lpc17xx_timer.o
 .debug_line    0x00005ec2      0xaf5 ./src/lpc17xx_uart.o
 .debug_line    0x000069b7      0x681 ./src/main.o
 .debug_line    0x00007038      0x386 ./src/memory_pool.o
 .debug_line    0x000073be      0x4ec ./src/remote_device_db_memory.o
 .debug_line    0x000078aa      0xd8e ./src/rfcomm.o
 .debug_line    0x00008638      0x45d ./src/run_loop.o
 .debug_line    0x00008a95      0x4e9 ./src/run_loop_embedded.o
 .debug_line    0x00008f7e      0x7ad ./src/sdp_util.o
 .debug_line    0x0000972b      0x465 ./src/utils.o
 .debug_line    0x00009b90      0x40a /home/chuby/Dropbox/WorkSpace/lpc1769/CMSISv2p00_LPC17xx/Debug/libCMSISv2p00_LPC17xx.a(system_LPC17xx.o)

.debug_macinfo  0x00000000    0xaf87d
 .debug_macinfo
                0x00000000     0x466d ./src/att.o
 .debug_macinfo
                0x0000466d     0x61d2 ./src/btstack_memory.o
 .debug_macinfo
                0x0000a83f     0x3d45 ./src/cr_startup_lpc176x.o
 .debug_macinfo
                0x0000e584     0x9767 ./src/hal_cpu.o
 .debug_macinfo
                0x00017ceb     0x8ce1 ./src/hal_tick.o
 .debug_macinfo
                0x000209cc     0x9cc6 ./src/hal_uart_dma.o
 .debug_macinfo
                0x0002a692     0x6483 ./src/hci.o
 .debug_macinfo
                0x00030b15     0x63e4 ./src/hci_cmds.o
 .debug_macinfo
                0x00036ef9     0x5fc1 ./src/hci_dump.o
 .debug_macinfo
                0x0003ceba     0x62d4 ./src/hci_transport_h4_dma.o
 .debug_macinfo
                0x0004318e     0x65a1 ./src/l2cap.o
 .debug_macinfo
                0x0004972f     0x526f ./src/l2cap_signaling.o
 .debug_macinfo
                0x0004e99e     0x297c ./src/linked_list.o
 .debug_macinfo
                0x0005131a     0x9763 ./src/lpc17xx_clkpwr.o
 .debug_macinfo
                0x0005aa7d     0x401b ./src/lpc17xx_libcfg_default.o
 .debug_macinfo
                0x0005ea98     0x8914 ./src/lpc17xx_pinsel.o
 .debug_macinfo
                0x000673ac     0xa629 ./src/lpc17xx_timer.o
 .debug_macinfo
                0x000719d5     0xb1bc ./src/lpc17xx_uart.o
 .debug_macinfo
                0x0007cb91     0xb418 ./src/main.o
 .debug_macinfo
                0x00087fa9     0x2984 ./src/memory_pool.o
 .debug_macinfo
                0x0008a92d     0x47cd ./src/remote_device_db_memory.o
 .debug_macinfo
                0x0008f0fa     0x6798 ./src/rfcomm.o
 .debug_macinfo
                0x00095892     0x450b ./src/run_loop.o
 .debug_macinfo
                0x00099d9d     0x4392 ./src/run_loop_embedded.o
 .debug_macinfo
                0x0009e12f     0x499d ./src/sdp_util.o
 .debug_macinfo
                0x000a2acc     0x4880 ./src/utils.o
 .debug_macinfo
                0x000a734c     0x8531 /home/chuby/Dropbox/WorkSpace/lpc1769/CMSISv2p00_LPC17xx/Debug/libCMSISv2p00_LPC17xx.a(system_LPC17xx.o)

.debug_str      0x00000000     0x6668
 .debug_str     0x00000000      0x6fa ./src/att.o
                                0x7c7 (size before relaxing)
 .debug_str     0x000006fa      0x637 ./src/btstack_memory.o
                                0x7ba (size before relaxing)
 .debug_str     0x00000d31      0x172 ./src/cr_startup_lpc176x.o
                                0x27b (size before relaxing)
 .debug_str     0x00000ea3      0x313 ./src/hal_cpu.o
                                0x43c (size before relaxing)
 .debug_str     0x000011b6      0x24c ./src/hal_tick.o
                                0x607 (size before relaxing)
 .debug_str     0x00001402      0x4a8 ./src/hal_uart_dma.o
                                0x654 (size before relaxing)
 .debug_str     0x000018aa      0x936 ./src/hci.o
                                0xecd (size before relaxing)
 .debug_str     0x000021e0      0x98e ./src/hci_cmds.o
                                0xc5f (size before relaxing)
 .debug_str     0x00002b6e       0x9c ./src/hci_dump.o
                                0x1ca (size before relaxing)
 .debug_str     0x00002c0a      0x23b ./src/hci_transport_h4_dma.o
                                0x483 (size before relaxing)
 .debug_str     0x00002e45      0xb35 ./src/l2cap.o
                               0x107b (size before relaxing)
 .debug_str     0x0000397a       0x8b ./src/l2cap_signaling.o
                                0x2e7 (size before relaxing)
 .debug_str     0x00003a05       0xac ./src/linked_list.o
                                0x1be (size before relaxing)
 .debug_str     0x00003ab1      0x222 ./src/lpc17xx_clkpwr.o
                                0x3c4 (size before relaxing)
 .debug_str     0x00003cd3       0x32 ./src/lpc17xx_libcfg_default.o
                                0x14b (size before relaxing)
 .debug_str     0x00003d05      0x242 ./src/lpc17xx_pinsel.o
                                0x39d (size before relaxing)
 .debug_str     0x00003f47      0x2a2 ./src/lpc17xx_timer.o
                                0x5cb (size before relaxing)
 .debug_str     0x000041e9      0x6a3 ./src/lpc17xx_uart.o
                                0xca6 (size before relaxing)
 .debug_str     0x0000488c       0xcf ./src/main.o
                                0x5bd (size before relaxing)
 .debug_str     0x0000495b       0x74 ./src/memory_pool.o
                                0x168 (size before relaxing)
 .debug_str     0x000049cf       0xcb ./src/remote_device_db_memory.o
                                0x339 (size before relaxing)
 .debug_str     0x00004a9a     0x10c1 ./src/rfcomm.o
                               0x1409 (size before relaxing)
 .debug_str     0x00005b5b      0x127 ./src/run_loop.o
                                0x334 (size before relaxing)
 .debug_str     0x00005c82      0x160 ./src/run_loop_embedded.o
                                0x369 (size before relaxing)
 .debug_str     0x00005de2      0x754 ./src/sdp_util.o
                                0x957 (size before relaxing)
 .debug_str     0x00006536       0xba ./src/utils.o
                                0x21c (size before relaxing)
 .debug_str     0x000065f0       0x78 /home/chuby/Dropbox/WorkSpace/lpc1769/CMSISv2p00_LPC17xx/Debug/libCMSISv2p00_LPC17xx.a(system_LPC17xx.o)
                                0x2b2 (size before relaxing)

.comment        0x00000000       0x70
 .comment       0x00000000       0x70 ./src/att.o
                                 0x71 (size before relaxing)
 .comment       0x00000000       0x71 ./src/btstack_memory.o
 .comment       0x00000000       0x71 ./src/cr_startup_lpc176x.o
 .comment       0x00000000       0x71 ./src/hal_cpu.o
 .comment       0x00000000       0x71 ./src/hal_tick.o
 .comment       0x00000000       0x71 ./src/hal_uart_dma.o
 .comment       0x00000000       0x71 ./src/hci.o
 .comment       0x00000000       0x71 ./src/hci_cmds.o
 .comment       0x00000000       0x71 ./src/hci_dump.o
 .comment       0x00000000       0x71 ./src/hci_transport_h4_dma.o
 .comment       0x00000000       0x71 ./src/l2cap.o
 .comment       0x00000000       0x71 ./src/l2cap_signaling.o
 .comment       0x00000000       0x71 ./src/linked_list.o
 .comment       0x00000000       0x71 ./src/lpc17xx_clkpwr.o
 .comment       0x00000000       0x71 ./src/lpc17xx_libcfg_default.o
 .comment       0x00000000       0x71 ./src/lpc17xx_pinsel.o
 .comment       0x00000000       0x71 ./src/lpc17xx_timer.o
 .comment       0x00000000       0x71 ./src/lpc17xx_uart.o
 .comment       0x00000000       0x71 ./src/main.o
 .comment       0x00000000       0x71 ./src/memory_pool.o
 .comment       0x00000000       0x71 ./src/remote_device_db_memory.o
 .comment       0x00000000       0x71 ./src/rfcomm.o
 .comment       0x00000000       0x71 ./src/run_loop.o
 .comment       0x00000000       0x71 ./src/run_loop_embedded.o
 .comment       0x00000000       0x71 ./src/sdp_util.o
 .comment       0x00000000       0x71 ./src/utils.o
 .comment       0x00000000       0x71 /home/chuby/Dropbox/WorkSpace/lpc1769/CMSISv2p00_LPC17xx/Debug/libCMSISv2p00_LPC17xx.a(system_LPC17xx.o)
 .comment       0x00000000       0x71 /usr/local/lpcxpresso_5.0.14_1063/lpcxpresso/tools/bin/../lib/gcc/arm-none-eabi/4.6.2/../../../../arm-none-eabi/lib/armv7-m/libcr_semihost.a(_cr__main.o)
 .comment       0x00000000       0x71 /usr/local/lpcxpresso_5.0.14_1063/lpcxpresso/tools/bin/../lib/gcc/arm-none-eabi/4.6.2/../../../../arm-none-eabi/lib/armv7-m/libcr_c.a(memcpy.o)
 .comment       0x00000000       0x71 /usr/local/lpcxpresso_5.0.14_1063/lpcxpresso/tools/bin/../lib/gcc/arm-none-eabi/4.6.2/../../../../arm-none-eabi/lib/armv7-m/libcr_c.a(memset.o)
 .comment       0x00000000       0x71 /usr/local/lpcxpresso_5.0.14_1063/lpcxpresso/tools/bin/../lib/gcc/arm-none-eabi/4.6.2/../../../../arm-none-eabi/lib/armv7-m/libcr_c.a(fpprintf.o)
 .comment       0x00000000       0x71 /usr/local/lpcxpresso_5.0.14_1063/lpcxpresso/tools/bin/../lib/gcc/arm-none-eabi/4.6.2/../../../../arm-none-eabi/lib/armv7-m/libcr_c.a(initio.o)
 .comment       0x00000000       0x71 /usr/local/lpcxpresso_5.0.14_1063/lpcxpresso/tools/bin/../lib/gcc/arm-none-eabi/4.6.2/../../../../arm-none-eabi/lib/armv7-m/libcr_c.a(memcmp.o)
 .comment       0x00000000       0x71 /usr/local/lpcxpresso_5.0.14_1063/lpcxpresso/tools/bin/../lib/gcc/arm-none-eabi/4.6.2/../../../../arm-none-eabi/lib/armv7-m/libcr_c.a(printf.o)
 .comment       0x00000000       0x71 /usr/local/lpcxpresso_5.0.14_1063/lpcxpresso/tools/bin/../lib/gcc/arm-none-eabi/4.6.2/../../../../arm-none-eabi/lib/armv7-m/libcr_c.a(setvbuf.o)
 .comment       0x00000000       0x71 /usr/local/lpcxpresso_5.0.14_1063/lpcxpresso/tools/bin/../lib/gcc/arm-none-eabi/4.6.2/../../../../arm-none-eabi/lib/armv7-m/libcr_c.a(stdio.o)
 .comment       0x00000000       0x71 /usr/local/lpcxpresso_5.0.14_1063/lpcxpresso/tools/bin/../lib/gcc/arm-none-eabi/4.6.2/../../../../arm-none-eabi/lib/armv7-m/libcr_c.a(strlen.o)
 .comment       0x00000000       0x71 /usr/local/lpcxpresso_5.0.14_1063/lpcxpresso/tools/bin/../lib/gcc/arm-none-eabi/4.6.2/../../../../arm-none-eabi/lib/armv7-m/libcr_c.a(strncmp.o)
 .comment       0x00000000       0x71 /usr/local/lpcxpresso_5.0.14_1063/lpcxpresso/tools/bin/../lib/gcc/arm-none-eabi/4.6.2/../../../../arm-none-eabi/lib/armv7-m/libcr_c.a(strncpy.o)
 .comment       0x00000000       0x71 /usr/local/lpcxpresso_5.0.14_1063/lpcxpresso/tools/bin/../lib/gcc/arm-none-eabi/4.6.2/../../../../arm-none-eabi/lib/armv7-m/libcr_c.a(__fillbuf.o)
 .comment       0x00000000       0x71 /usr/local/lpcxpresso_5.0.14_1063/lpcxpresso/tools/bin/../lib/gcc/arm-none-eabi/4.6.2/../../../../arm-none-eabi/lib/armv7-m/libcr_c.a(_deferredlazyseek.o)
 .comment       0x00000000       0x71 /usr/local/lpcxpresso_5.0.14_1063/lpcxpresso/tools/bin/../lib/gcc/arm-none-eabi/4.6.2/../../../../arm-none-eabi/lib/armv7-m/libcr_c.a(_fdopen.o)
 .comment       0x00000000       0x71 /usr/local/lpcxpresso_5.0.14_1063/lpcxpresso/tools/bin/../lib/gcc/arm-none-eabi/4.6.2/../../../../arm-none-eabi/lib/armv7-m/libcr_c.a(_fflush.o)
 .comment       0x00000000       0x71 /usr/local/lpcxpresso_5.0.14_1063/lpcxpresso/tools/bin/../lib/gcc/arm-none-eabi/4.6.2/../../../../arm-none-eabi/lib/armv7-m/libcr_c.a(_frexpl.o)
 .comment       0x00000000       0x71 /usr/local/lpcxpresso_5.0.14_1063/lpcxpresso/tools/bin/../lib/gcc/arm-none-eabi/4.6.2/../../../../arm-none-eabi/lib/armv7-m/libcr_c.a(_ldexpl.o)
 .comment       0x00000000       0x71 /usr/local/lpcxpresso_5.0.14_1063/lpcxpresso/tools/bin/../lib/gcc/arm-none-eabi/4.6.2/../../../../arm-none-eabi/lib/armv7-m/libcr_c.a(_writebuf.o)
 .comment       0x00000000       0x71 /usr/local/lpcxpresso_5.0.14_1063/lpcxpresso/tools/bin/../lib/gcc/arm-none-eabi/4.6.2/../../../../arm-none-eabi/lib/armv7-m/libcr_c.a(alloc.o)
 .comment       0x00000000       0x71 /usr/local/lpcxpresso_5.0.14_1063/lpcxpresso/tools/bin/../lib/gcc/arm-none-eabi/4.6.2/../../../../arm-none-eabi/lib/armv7-m/libcr_c.a(errno.o)
 .comment       0x00000000       0x71 /usr/local/lpcxpresso_5.0.14_1063/lpcxpresso/tools/bin/../lib/gcc/arm-none-eabi/4.6.2/../../../../arm-none-eabi/lib/armv7-m/libcr_c.a(fclose.o)
 .comment       0x00000000       0x71 /usr/local/lpcxpresso_5.0.14_1063/lpcxpresso/tools/bin/../lib/gcc/arm-none-eabi/4.6.2/../../../../arm-none-eabi/lib/armv7-m/libcr_c.a(fflush.o)
 .comment       0x00000000       0x71 /usr/local/lpcxpresso_5.0.14_1063/lpcxpresso/tools/bin/../lib/gcc/arm-none-eabi/4.6.2/../../../../arm-none-eabi/lib/armv7-m/libcr_c.a(fseek.o)
 .comment       0x00000000       0x71 /usr/local/lpcxpresso_5.0.14_1063/lpcxpresso/tools/bin/../lib/gcc/arm-none-eabi/4.6.2/../../../../arm-none-eabi/lib/armv7-m/libcr_c.a(ftell.o)
 .comment       0x00000000       0x71 /usr/local/lpcxpresso_5.0.14_1063/lpcxpresso/tools/bin/../lib/gcc/arm-none-eabi/4.6.2/../../../../arm-none-eabi/lib/armv7-m/libcr_c.a(remove.o)
 .comment       0x00000000       0x71 /usr/local/lpcxpresso_5.0.14_1063/lpcxpresso/tools/bin/../lib/gcc/arm-none-eabi/4.6.2/../../../../arm-none-eabi/lib/armv7-m/libcr_c.a(__init_alloc.o)
 .comment       0x00000000       0x71 /usr/local/lpcxpresso_5.0.14_1063/lpcxpresso/tools/bin/../lib/gcc/arm-none-eabi/4.6.2/../../../../arm-none-eabi/lib/armv7-m/libcr_c.a(_do_fflush.o)
 .comment       0x00000000       0x71 /usr/local/lpcxpresso_5.0.14_1063/lpcxpresso/tools/bin/../lib/gcc/arm-none-eabi/4.6.2/../../../../arm-none-eabi/lib/armv7-m/libcr_c.a(_hugeval.o)
 .comment       0x00000000       0x71 /usr/local/lpcxpresso_5.0.14_1063/lpcxpresso/tools/bin/../lib/gcc/arm-none-eabi/4.6.2/armv7-m/libcr_eabihelpers.a(double.o)
 .comment       0x00000000       0x71 /usr/local/lpcxpresso_5.0.14_1063/lpcxpresso/tools/bin/../lib/gcc/arm-none-eabi/4.6.2/../../../../arm-none-eabi/lib/armv7-m/libcr_semihost.a(_cr_sbrk.o)
 .comment       0x00000000       0x71 /usr/local/lpcxpresso_5.0.14_1063/lpcxpresso/tools/bin/../lib/gcc/arm-none-eabi/4.6.2/../../../../arm-none-eabi/lib/armv7-m/libcr_semihost.a(_cr_check_heap.o)

.ARM.attributes
                0x00000000       0x31
 .ARM.attributes
                0x00000000       0x33 ./src/att.o
 .ARM.attributes
                0x00000033       0x33 ./src/btstack_memory.o
 .ARM.attributes
                0x00000066       0x33 ./src/cr_startup_lpc176x.o
 .ARM.attributes
                0x00000099       0x33 ./src/hal_cpu.o
 .ARM.attributes
                0x000000cc       0x33 ./src/hal_tick.o
 .ARM.attributes
                0x000000ff       0x33 ./src/hal_uart_dma.o
 .ARM.attributes
                0x00000132       0x33 ./src/hci.o
 .ARM.attributes
                0x00000165       0x33 ./src/hci_cmds.o
 .ARM.attributes
                0x00000198       0x33 ./src/hci_dump.o
 .ARM.attributes
                0x000001cb       0x33 ./src/hci_transport_h4_dma.o
 .ARM.attributes
                0x000001fe       0x33 ./src/l2cap.o
 .ARM.attributes
                0x00000231       0x33 ./src/l2cap_signaling.o
 .ARM.attributes
                0x00000264       0x33 ./src/linked_list.o
 .ARM.attributes
                0x00000297       0x33 ./src/lpc17xx_clkpwr.o
 .ARM.attributes
                0x000002ca       0x33 ./src/lpc17xx_libcfg_default.o
 .ARM.attributes
                0x000002fd       0x33 ./src/lpc17xx_pinsel.o
 .ARM.attributes
                0x00000330       0x33 ./src/lpc17xx_timer.o
 .ARM.attributes
                0x00000363       0x33 ./src/lpc17xx_uart.o
 .ARM.attributes
                0x00000396       0x33 ./src/main.o
 .ARM.attributes
                0x000003c9       0x33 ./src/memory_pool.o
 .ARM.attributes
                0x000003fc       0x33 ./src/remote_device_db_memory.o
 .ARM.attributes
                0x0000042f       0x33 ./src/rfcomm.o
 .ARM.attributes
                0x00000462       0x33 ./src/run_loop.o
 .ARM.attributes
                0x00000495       0x33 ./src/run_loop_embedded.o
 .ARM.attributes
                0x000004c8       0x33 ./src/sdp_util.o
 .ARM.attributes
                0x000004fb       0x33 ./src/utils.o
 .ARM.attributes
                0x0000052e       0x33 /home/chuby/Dropbox/WorkSpace/lpc1769/CMSISv2p00_LPC17xx/Debug/libCMSISv2p00_LPC17xx.a(system_LPC17xx.o)
 .ARM.attributes
                0x00000561       0x33 /usr/local/lpcxpresso_5.0.14_1063/lpcxpresso/tools/bin/../lib/gcc/arm-none-eabi/4.6.2/../../../../arm-none-eabi/lib/armv7-m/libcr_semihost.a(_cr__main.o)
 .ARM.attributes
                0x00000594       0x33 /usr/local/lpcxpresso_5.0.14_1063/lpcxpresso/tools/bin/../lib/gcc/arm-none-eabi/4.6.2/../../../../arm-none-eabi/lib/armv7-m/libcr_c.a(memcpy.o)
 .ARM.attributes
                0x000005c7       0x33 /usr/local/lpcxpresso_5.0.14_1063/lpcxpresso/tools/bin/../lib/gcc/arm-none-eabi/4.6.2/../../../../arm-none-eabi/lib/armv7-m/libcr_c.a(memset.o)
 .ARM.attributes
                0x000005fa       0x33 /usr/local/lpcxpresso_5.0.14_1063/lpcxpresso/tools/bin/../lib/gcc/arm-none-eabi/4.6.2/../../../../arm-none-eabi/lib/armv7-m/libcr_c.a(fpprintf.o)
 .ARM.attributes
                0x0000062d       0x33 /usr/local/lpcxpresso_5.0.14_1063/lpcxpresso/tools/bin/../lib/gcc/arm-none-eabi/4.6.2/../../../../arm-none-eabi/lib/armv7-m/libcr_c.a(initio.o)
 .ARM.attributes
                0x00000660       0x33 /usr/local/lpcxpresso_5.0.14_1063/lpcxpresso/tools/bin/../lib/gcc/arm-none-eabi/4.6.2/../../../../arm-none-eabi/lib/armv7-m/libcr_c.a(memcmp.o)
 .ARM.attributes
                0x00000693       0x33 /usr/local/lpcxpresso_5.0.14_1063/lpcxpresso/tools/bin/../lib/gcc/arm-none-eabi/4.6.2/../../../../arm-none-eabi/lib/armv7-m/libcr_c.a(printf.o)
 .ARM.attributes
                0x000006c6       0x33 /usr/local/lpcxpresso_5.0.14_1063/lpcxpresso/tools/bin/../lib/gcc/arm-none-eabi/4.6.2/../../../../arm-none-eabi/lib/armv7-m/libcr_c.a(setvbuf.o)
 .ARM.attributes
                0x000006f9       0x33 /usr/local/lpcxpresso_5.0.14_1063/lpcxpresso/tools/bin/../lib/gcc/arm-none-eabi/4.6.2/../../../../arm-none-eabi/lib/armv7-m/libcr_c.a(stdio.o)
 .ARM.attributes
                0x0000072c       0x33 /usr/local/lpcxpresso_5.0.14_1063/lpcxpresso/tools/bin/../lib/gcc/arm-none-eabi/4.6.2/../../../../arm-none-eabi/lib/armv7-m/libcr_c.a(strlen.o)
 .ARM.attributes
                0x0000075f       0x33 /usr/local/lpcxpresso_5.0.14_1063/lpcxpresso/tools/bin/../lib/gcc/arm-none-eabi/4.6.2/../../../../arm-none-eabi/lib/armv7-m/libcr_c.a(strncmp.o)
 .ARM.attributes
                0x00000792       0x33 /usr/local/lpcxpresso_5.0.14_1063/lpcxpresso/tools/bin/../lib/gcc/arm-none-eabi/4.6.2/../../../../arm-none-eabi/lib/armv7-m/libcr_c.a(strncpy.o)
 .ARM.attributes
                0x000007c5       0x33 /usr/local/lpcxpresso_5.0.14_1063/lpcxpresso/tools/bin/../lib/gcc/arm-none-eabi/4.6.2/../../../../arm-none-eabi/lib/armv7-m/libcr_c.a(__fillbuf.o)
 .ARM.attributes
                0x000007f8       0x33 /usr/local/lpcxpresso_5.0.14_1063/lpcxpresso/tools/bin/../lib/gcc/arm-none-eabi/4.6.2/../../../../arm-none-eabi/lib/armv7-m/libcr_c.a(_deferredlazyseek.o)
 .ARM.attributes
                0x0000082b       0x33 /usr/local/lpcxpresso_5.0.14_1063/lpcxpresso/tools/bin/../lib/gcc/arm-none-eabi/4.6.2/../../../../arm-none-eabi/lib/armv7-m/libcr_c.a(_fdopen.o)
 .ARM.attributes
                0x0000085e       0x33 /usr/local/lpcxpresso_5.0.14_1063/lpcxpresso/tools/bin/../lib/gcc/arm-none-eabi/4.6.2/../../../../arm-none-eabi/lib/armv7-m/libcr_c.a(_fflush.o)
 .ARM.attributes
                0x00000891       0x33 /usr/local/lpcxpresso_5.0.14_1063/lpcxpresso/tools/bin/../lib/gcc/arm-none-eabi/4.6.2/../../../../arm-none-eabi/lib/armv7-m/libcr_c.a(_frexpl.o)
 .ARM.attributes
                0x000008c4       0x33 /usr/local/lpcxpresso_5.0.14_1063/lpcxpresso/tools/bin/../lib/gcc/arm-none-eabi/4.6.2/../../../../arm-none-eabi/lib/armv7-m/libcr_c.a(_ldexpl.o)
 .ARM.attributes
                0x000008f7       0x33 /usr/local/lpcxpresso_5.0.14_1063/lpcxpresso/tools/bin/../lib/gcc/arm-none-eabi/4.6.2/../../../../arm-none-eabi/lib/armv7-m/libcr_c.a(_writebuf.o)
 .ARM.attributes
                0x0000092a       0x33 /usr/local/lpcxpresso_5.0.14_1063/lpcxpresso/tools/bin/../lib/gcc/arm-none-eabi/4.6.2/../../../../arm-none-eabi/lib/armv7-m/libcr_c.a(alloc.o)
 .ARM.attributes
                0x0000095d       0x33 /usr/local/lpcxpresso_5.0.14_1063/lpcxpresso/tools/bin/../lib/gcc/arm-none-eabi/4.6.2/../../../../arm-none-eabi/lib/armv7-m/libcr_c.a(errno.o)
 .ARM.attributes
                0x00000990       0x33 /usr/local/lpcxpresso_5.0.14_1063/lpcxpresso/tools/bin/../lib/gcc/arm-none-eabi/4.6.2/../../../../arm-none-eabi/lib/armv7-m/libcr_c.a(fclose.o)
 .ARM.attributes
                0x000009c3       0x33 /usr/local/lpcxpresso_5.0.14_1063/lpcxpresso/tools/bin/../lib/gcc/arm-none-eabi/4.6.2/../../../../arm-none-eabi/lib/armv7-m/libcr_c.a(fflush.o)
 .ARM.attributes
                0x000009f6       0x33 /usr/local/lpcxpresso_5.0.14_1063/lpcxpresso/tools/bin/../lib/gcc/arm-none-eabi/4.6.2/../../../../arm-none-eabi/lib/armv7-m/libcr_c.a(fseek.o)
 .ARM.attributes
                0x00000a29       0x33 /usr/local/lpcxpresso_5.0.14_1063/lpcxpresso/tools/bin/../lib/gcc/arm-none-eabi/4.6.2/../../../../arm-none-eabi/lib/armv7-m/libcr_c.a(ftell.o)
 .ARM.attributes
                0x00000a5c       0x33 /usr/local/lpcxpresso_5.0.14_1063/lpcxpresso/tools/bin/../lib/gcc/arm-none-eabi/4.6.2/../../../../arm-none-eabi/lib/armv7-m/libcr_c.a(remove.o)
 .ARM.attributes
                0x00000a8f       0x33 /usr/local/lpcxpresso_5.0.14_1063/lpcxpresso/tools/bin/../lib/gcc/arm-none-eabi/4.6.2/../../../../arm-none-eabi/lib/armv7-m/libcr_c.a(__init_alloc.o)
 .ARM.attributes
                0x00000ac2       0x33 /usr/local/lpcxpresso_5.0.14_1063/lpcxpresso/tools/bin/../lib/gcc/arm-none-eabi/4.6.2/../../../../arm-none-eabi/lib/armv7-m/libcr_c.a(_do_fflush.o)
 .ARM.attributes
                0x00000af5       0x33 /usr/local/lpcxpresso_5.0.14_1063/lpcxpresso/tools/bin/../lib/gcc/arm-none-eabi/4.6.2/../../../../arm-none-eabi/lib/armv7-m/libcr_c.a(_hugeval.o)
 .ARM.attributes
                0x00000b28       0x21 /usr/local/lpcxpresso_5.0.14_1063/lpcxpresso/tools/bin/../lib/gcc/arm-none-eabi/4.6.2/armv7-m/libcr_eabihelpers.a(division.o)
 .ARM.attributes
                0x00000b49       0x33 /usr/local/lpcxpresso_5.0.14_1063/lpcxpresso/tools/bin/../lib/gcc/arm-none-eabi/4.6.2/armv7-m/libcr_eabihelpers.a(double.o)
 .ARM.attributes
                0x00000b7c       0x21 /usr/local/lpcxpresso_5.0.14_1063/lpcxpresso/tools/bin/../lib/gcc/arm-none-eabi/4.6.2/armv7-m/libcr_eabihelpers.a(memcpy.o)
 .ARM.attributes
                0x00000b9d       0x21 /usr/local/lpcxpresso_5.0.14_1063/lpcxpresso/tools/bin/../lib/gcc/arm-none-eabi/4.6.2/../../../../arm-none-eabi/lib/armv7-m/libcr_semihost.a(__sys_appexit.o)
 .ARM.attributes
                0x00000bbe       0x21 /usr/local/lpcxpresso_5.0.14_1063/lpcxpresso/tools/bin/../lib/gcc/arm-none-eabi/4.6.2/../../../../arm-none-eabi/lib/armv7-m/libcr_semihost.a(__sys_close.o)
 .ARM.attributes
                0x00000bdf       0x21 /usr/local/lpcxpresso_5.0.14_1063/lpcxpresso/tools/bin/../lib/gcc/arm-none-eabi/4.6.2/../../../../arm-none-eabi/lib/armv7-m/libcr_semihost.a(__sys_flen.o)
 .ARM.attributes
                0x00000c00       0x21 /usr/local/lpcxpresso_5.0.14_1063/lpcxpresso/tools/bin/../lib/gcc/arm-none-eabi/4.6.2/../../../../arm-none-eabi/lib/armv7-m/libcr_semihost.a(__sys_istty.o)
 .ARM.attributes
                0x00000c21       0x21 /usr/local/lpcxpresso_5.0.14_1063/lpcxpresso/tools/bin/../lib/gcc/arm-none-eabi/4.6.2/../../../../arm-none-eabi/lib/armv7-m/libcr_semihost.a(__sys_read.o)
 .ARM.attributes
                0x00000c42       0x21 /usr/local/lpcxpresso_5.0.14_1063/lpcxpresso/tools/bin/../lib/gcc/arm-none-eabi/4.6.2/../../../../arm-none-eabi/lib/armv7-m/libcr_semihost.a(__sys_readc.o)
 .ARM.attributes
                0x00000c63       0x21 /usr/local/lpcxpresso_5.0.14_1063/lpcxpresso/tools/bin/../lib/gcc/arm-none-eabi/4.6.2/../../../../arm-none-eabi/lib/armv7-m/libcr_semihost.a(__sys_remove.o)
 .ARM.attributes
                0x00000c84       0x21 /usr/local/lpcxpresso_5.0.14_1063/lpcxpresso/tools/bin/../lib/gcc/arm-none-eabi/4.6.2/../../../../arm-none-eabi/lib/armv7-m/libcr_semihost.a(__sys_rename.o)
 .ARM.attributes
                0x00000ca5       0x21 /usr/local/lpcxpresso_5.0.14_1063/lpcxpresso/tools/bin/../lib/gcc/arm-none-eabi/4.6.2/../../../../arm-none-eabi/lib/armv7-m/libcr_semihost.a(__sys_seek.o)
 .ARM.attributes
                0x00000cc6       0x21 /usr/local/lpcxpresso_5.0.14_1063/lpcxpresso/tools/bin/../lib/gcc/arm-none-eabi/4.6.2/../../../../arm-none-eabi/lib/armv7-m/libcr_semihost.a(__sys_tmpnam.o)
 .ARM.attributes
                0x00000ce7       0x21 /usr/local/lpcxpresso_5.0.14_1063/lpcxpresso/tools/bin/../lib/gcc/arm-none-eabi/4.6.2/../../../../arm-none-eabi/lib/armv7-m/libcr_semihost.a(__sys_write.o)
 .ARM.attributes
                0x00000d08       0x33 /usr/local/lpcxpresso_5.0.14_1063/lpcxpresso/tools/bin/../lib/gcc/arm-none-eabi/4.6.2/../../../../arm-none-eabi/lib/armv7-m/libcr_semihost.a(_cr_sbrk.o)
 .ARM.attributes
                0x00000d3b       0x33 /usr/local/lpcxpresso_5.0.14_1063/lpcxpresso/tools/bin/../lib/gcc/arm-none-eabi/4.6.2/../../../../arm-none-eabi/lib/armv7-m/libcr_semihost.a(_cr_check_heap.o)

.debug_frame    0x00000000     0x3554
 .debug_frame   0x00000000      0x57c ./src/att.o
 .debug_frame   0x0000057c      0x210 ./src/btstack_memory.o
 .debug_frame   0x0000078c       0xf4 ./src/cr_startup_lpc176x.o
 .debug_frame   0x00000880       0xbc ./src/hal_cpu.o
 .debug_frame   0x0000093c       0xb0 ./src/hal_tick.o
 .debug_frame   0x000009ec      0x14c ./src/hal_uart_dma.o
 .debug_frame   0x00000b38      0x5b4 ./src/hci.o
 .debug_frame   0x000010ec       0x58 ./src/hci_cmds.o
 .debug_frame   0x00001144       0x84 ./src/hci_dump.o
 .debug_frame   0x000011c8      0x188 ./src/hci_transport_h4_dma.o
 .debug_frame   0x00001350      0x5a8 ./src/l2cap.o
 .debug_frame   0x000018f8       0x60 ./src/l2cap_signaling.o
 .debug_frame   0x00001958       0xd4 ./src/linked_list.o
 .debug_frame   0x00001a2c       0xe4 ./src/lpc17xx_clkpwr.o
 .debug_frame   0x00001b10       0x2c ./src/lpc17xx_libcfg_default.o
 .debug_frame   0x00001b3c       0xbc ./src/lpc17xx_pinsel.o
 .debug_frame   0x00001bf8      0x208 ./src/lpc17xx_timer.o
 .debug_frame   0x00001e00      0x3a0 ./src/lpc17xx_uart.o
 .debug_frame   0x000021a0       0x90 ./src/main.o
 .debug_frame   0x00002230       0x68 ./src/memory_pool.o
 .debug_frame   0x00002298      0x140 ./src/remote_device_db_memory.o
 .debug_frame   0x000023d8      0x874 ./src/rfcomm.o
 .debug_frame   0x00002c4c      0x138 ./src/run_loop.o
 .debug_frame   0x00002d84      0x168 ./src/run_loop_embedded.o
 .debug_frame   0x00002eec      0x4b8 ./src/sdp_util.o
 .debug_frame   0x000033a4      0x174 ./src/utils.o
 .debug_frame   0x00003518       0x3c /home/chuby/Dropbox/WorkSpace/lpc1769/CMSISv2p00_LPC17xx/Debug/libCMSISv2p00_LPC17xx.a(system_LPC17xx.o)
