Archive member included because of file (symbol)

/home/chuby/Dropbox/WorkSpace/CMSISv2p00_LPC17xx/Debug/libCMSISv2p00_LPC17xx.a(system_LPC17xx.o)
                              ./src/cr_startup_lpc176x.o (SystemInit)
/usr/local/lpcxpresso_5.1.2_2065/lpcxpresso/tools/bin/../lib/gcc/arm-none-eabi/4.6.2/../../../../arm-none-eabi/lib/armv7-m/libcr_semihost.a(_cr__main.o)
                              ./src/cr_startup_lpc176x.o (__main)
/usr/local/lpcxpresso_5.1.2_2065/lpcxpresso/tools/bin/../lib/gcc/arm-none-eabi/4.6.2/../../../../arm-none-eabi/lib/armv7-m/libcr_c.a(memcpy.o)
                              ./src/BT_Stack/att.o (memcpy)
/usr/local/lpcxpresso_5.1.2_2065/lpcxpresso/tools/bin/../lib/gcc/arm-none-eabi/4.6.2/../../../../arm-none-eabi/lib/armv7-m/libcr_c.a(memset.o)
                              ./src/BT_Stack/hci_cmds.o (memset)
/usr/local/lpcxpresso_5.1.2_2065/lpcxpresso/tools/bin/../lib/gcc/arm-none-eabi/4.6.2/../../../../arm-none-eabi/lib/armv7-m/libcr_c.a(fpprintf.o)
                              ./src/BT_Stack/utils.o (sprintf)
/usr/local/lpcxpresso_5.1.2_2065/lpcxpresso/tools/bin/../lib/gcc/arm-none-eabi/4.6.2/../../../../arm-none-eabi/lib/armv7-m/libcr_c.a(initio.o)
                              /usr/local/lpcxpresso_5.1.2_2065/lpcxpresso/tools/bin/../lib/gcc/arm-none-eabi/4.6.2/../../../../arm-none-eabi/lib/armv7-m/libcr_semihost.a(_cr__main.o) (_initio)
/usr/local/lpcxpresso_5.1.2_2065/lpcxpresso/tools/bin/../lib/gcc/arm-none-eabi/4.6.2/../../../../arm-none-eabi/lib/armv7-m/libcr_c.a(memcmp.o)
                              ./src/BT_Stack/att.o (memcmp)
/usr/local/lpcxpresso_5.1.2_2065/lpcxpresso/tools/bin/../lib/gcc/arm-none-eabi/4.6.2/../../../../arm-none-eabi/lib/armv7-m/libcr_c.a(printf.o)
                              /usr/local/lpcxpresso_5.1.2_2065/lpcxpresso/tools/bin/../lib/gcc/arm-none-eabi/4.6.2/../../../../arm-none-eabi/lib/armv7-m/libcr_c.a(fpprintf.o) (__vfprintf)
/usr/local/lpcxpresso_5.1.2_2065/lpcxpresso/tools/bin/../lib/gcc/arm-none-eabi/4.6.2/../../../../arm-none-eabi/lib/armv7-m/libcr_c.a(setvbuf.o)
                              /usr/local/lpcxpresso_5.1.2_2065/lpcxpresso/tools/bin/../lib/gcc/arm-none-eabi/4.6.2/../../../../arm-none-eabi/lib/armv7-m/libcr_c.a(initio.o) (setvbuf)
/usr/local/lpcxpresso_5.1.2_2065/lpcxpresso/tools/bin/../lib/gcc/arm-none-eabi/4.6.2/../../../../arm-none-eabi/lib/armv7-m/libcr_c.a(stdio.o)
                              /usr/local/lpcxpresso_5.1.2_2065/lpcxpresso/tools/bin/../lib/gcc/arm-none-eabi/4.6.2/../../../../arm-none-eabi/lib/armv7-m/libcr_c.a(fpprintf.o) (__Ciob)
/usr/local/lpcxpresso_5.1.2_2065/lpcxpresso/tools/bin/../lib/gcc/arm-none-eabi/4.6.2/../../../../arm-none-eabi/lib/armv7-m/libcr_c.a(strlen.o)
                              ./src/BT_Stack/hci_cmds.o (strlen)
/usr/local/lpcxpresso_5.1.2_2065/lpcxpresso/tools/bin/../lib/gcc/arm-none-eabi/4.6.2/../../../../arm-none-eabi/lib/armv7-m/libcr_c.a(strncmp.o)
                              ./src/BT_Stack/remote_device_db_memory.o (strncmp)
/usr/local/lpcxpresso_5.1.2_2065/lpcxpresso/tools/bin/../lib/gcc/arm-none-eabi/4.6.2/../../../../arm-none-eabi/lib/armv7-m/libcr_c.a(strncpy.o)
                              ./src/BT_Stack/remote_device_db_memory.o (strncpy)
/usr/local/lpcxpresso_5.1.2_2065/lpcxpresso/tools/bin/../lib/gcc/arm-none-eabi/4.6.2/../../../../arm-none-eabi/lib/armv7-m/libcr_c.a(__fillbuf.o)
                              /usr/local/lpcxpresso_5.1.2_2065/lpcxpresso/tools/bin/../lib/gcc/arm-none-eabi/4.6.2/../../../../arm-none-eabi/lib/armv7-m/libcr_c.a(stdio.o) (__filbuf)
/usr/local/lpcxpresso_5.1.2_2065/lpcxpresso/tools/bin/../lib/gcc/arm-none-eabi/4.6.2/../../../../arm-none-eabi/lib/armv7-m/libcr_c.a(_deferredlazyseek.o)
                              /usr/local/lpcxpresso_5.1.2_2065/lpcxpresso/tools/bin/../lib/gcc/arm-none-eabi/4.6.2/../../../../arm-none-eabi/lib/armv7-m/libcr_c.a(__fillbuf.o) (_deferredlazyseek)
/usr/local/lpcxpresso_5.1.2_2065/lpcxpresso/tools/bin/../lib/gcc/arm-none-eabi/4.6.2/../../../../arm-none-eabi/lib/armv7-m/libcr_c.a(_fdopen.o)
                              /usr/local/lpcxpresso_5.1.2_2065/lpcxpresso/tools/bin/../lib/gcc/arm-none-eabi/4.6.2/../../../../arm-none-eabi/lib/armv7-m/libcr_c.a(initio.o) (_fdopen)
/usr/local/lpcxpresso_5.1.2_2065/lpcxpresso/tools/bin/../lib/gcc/arm-none-eabi/4.6.2/../../../../arm-none-eabi/lib/armv7-m/libcr_c.a(_fflush.o)
                              /usr/local/lpcxpresso_5.1.2_2065/lpcxpresso/tools/bin/../lib/gcc/arm-none-eabi/4.6.2/../../../../arm-none-eabi/lib/armv7-m/libcr_c.a(__fillbuf.o) (_fflush)
/usr/local/lpcxpresso_5.1.2_2065/lpcxpresso/tools/bin/../lib/gcc/arm-none-eabi/4.6.2/../../../../arm-none-eabi/lib/armv7-m/libcr_c.a(_frexpl.o)
                              /usr/local/lpcxpresso_5.1.2_2065/lpcxpresso/tools/bin/../lib/gcc/arm-none-eabi/4.6.2/../../../../arm-none-eabi/lib/armv7-m/libcr_c.a(fpprintf.o) (_frexpl)
[...]
Memory Configuration

Name             Origin             Length             Attributes
MFlash512        0x00000000         0x00080000         xr
RamLoc32         0x10000000         0x00008000         xrw
RamAHB32         0x2007c000         0x00008000         xrw
*default*        0x00000000         0xffffffff

Linker script and memory map

LOAD ./src/BT_Stack/Drivers/lpc17xx_clkpwr.o
LOAD ./src/BT_Stack/Drivers/lpc17xx_libcfg_default.o
LOAD ./src/BT_Stack/Drivers/lpc17xx_pinsel.o
LOAD ./src/BT_Stack/Drivers/lpc17xx_timer.o
LOAD ./src/BT_Stack/Drivers/lpc17xx_uart.o
LOAD ./src/BT_Stack/att.o
LOAD ./src/BT_Stack/btstack_memory.o
LOAD ./src/BT_Stack/hal_cpu.o
LOAD ./src/BT_Stack/hal_tick.o
LOAD ./src/BT_Stack/hal_uart_dma.o
LOAD ./src/BT_Stack/hci.o
LOAD ./src/BT_Stack/hci_cmds.o
LOAD ./src/BT_Stack/hci_dump.o
LOAD ./src/BT_Stack/hci_transport_h4_dma.o
LOAD ./src/BT_Stack/l2cap.o
LOAD ./src/BT_Stack/l2cap_signaling.o
LOAD ./src/BT_Stack/linked_list.o
LOAD ./src/BT_Stack/memory_pool.o
LOAD ./src/BT_Stack/remote_device_db_memory.o
LOAD ./src/BT_Stack/rfcomm.o
LOAD ./src/BT_Stack/run_loop.o
LOAD ./src/BT_Stack/run_loop_embedded.o
LOAD ./src/BT_Stack/sdp_util.o
LOAD ./src/BT_Stack/utils.o
LOAD ./src/cr_startup_lpc176x.o
LOAD ./src/main.o
LOAD /home/chuby/Dropbox/WorkSpace/CMSISv2p00_LPC17xx/Debug/libCMSISv2p00_LPC17xx.a
START GROUP
LOAD /usr/local/lpcxpresso_5.1.2_2065/lpcxpresso/tools/bin/../lib/gcc/arm-none-eabi/4.6.2/../../../../arm-none-eabi/lib/armv7-m/libcr_semihost.a
LOAD /usr/local/lpcxpresso_5.1.2_2065/lpcxpresso/tools/bin/../lib/gcc/arm-none-eabi/4.6.2/../../../../arm-none-eabi/lib/armv7-m/libcr_c.a
LOAD /usr/local/lpcxpresso_5.1.2_2065/lpcxpresso/tools/bin/../lib/gcc/arm-none-eabi/4.6.2/armv7-m/libcr_eabihelpers.a
END GROUP
                0x00080000                __top_MFlash512 = 0x80000
                0x10008000                __top_RamLoc32 = 0x10008000
                0x20084000                __top_RamAHB32 = 0x20084000

.text           0x00000000     0x88f0
 FILL mask 0xff
 *(.isr_vector)
 .isr_vector    0x00000000       0xcc ./src/cr_startup_lpc176x.o
                0x00000000                g_pfnVectors
                0x000000cc                . = ALIGN (0x4)
                0x000000cc                __section_table_start = .
                0x000000cc                __data_section_table = .
                0x000000cc        0x4 LONG 0x88f0 LOADADDR (.data)
                0x000000d0        0x4 LONG 0x10000000 ADDR (.data)
                0x000000d4        0x4 LONG 0x44 SIZEOF (.data)
                0x000000d8        0x4 LONG 0x88f0 LOADADDR (.data_RAM2)
                0x000000dc        0x4 LONG 0x2007c000 ADDR (.data_RAM2)
                0x000000e0        0x4 LONG 0x0 SIZEOF (.data_RAM2)
                0x000000e4                __data_section_table_end = .
                0x000000e4                __bss_section_table = .
                0x000000e4        0x4 LONG 0x10000044 ADDR (.bss)
                0x000000e8        0x4 LONG 0x4d4 SIZEOF (.bss)
                0x000000ec        0x4 LONG 0x2007c000 ADDR (.bss_RAM2)
                0x000000f0        0x4 LONG 0x0 SIZEOF (.bss_RAM2)
                0x000000f4                __bss_section_table_end = .
                0x000000f4                __section_table_end = .
 *(.after_vectors*)
 .after_vectors
                0x000000f4       0x78 ./src/cr_startup_lpc176x.o
                0x000000f4                NMI_Handler
                0x000000f6                HardFault_Handler
                0x000000f8                MemManage_Handler
                0x000000fa                BusFault_Handler
                0x000000fc                UsageFault_Handler
                0x000000fe                SVC_Handler
                0x00000100                DebugMon_Handler
                0x00000102                PendSV_Handler
                0x00000104                SysTick_Handler
                0x00000106                data_init
                0x00000118                bss_init
                0x00000128                ResetISR
                0x00000168                TIMER2_IRQHandler
                0x00000168                RIT_IRQHandler
                0x00000168                I2C0_IRQHandler
                0x00000168                USBActivity_IRQHandler
                0x00000168                PWM1_IRQHandler
                0x00000168                I2C1_IRQHandler
                0x00000168                EINT2_IRQHandler
                0x00000168                EINT3_IRQHandler
                0x00000168                CANActivity_IRQHandler
                0x00000168                TIMER3_IRQHandler
                0x00000168                UART0_IRQHandler
                0x00000168                IntDefaultHandler
                0x00000168                PLL0_IRQHandler
                0x00000168                CAN_IRQHandler
                0x00000168                PLL1_IRQHandler
                0x00000168                SSP0_IRQHandler
                0x00000168                I2S_IRQHandler
                0x00000168                I2C2_IRQHandler
                0x00000168                RTC_IRQHandler
                0x00000168                SPI_IRQHandler
                0x00000168                EINT1_IRQHandler
                0x00000168                TIMER1_IRQHandler
                0x00000168                UART2_IRQHandler
                0x00000168                ADC_IRQHandler
                0x00000168                SSP1_IRQHandler
                0x00000168                USB_IRQHandler
                0x00000168                BOD_IRQHandler
                0x00000168                WDT_IRQHandler
                0x00000168                QEI_IRQHandler
                0x00000168                EINT0_IRQHandler
                0x00000168                DMA_IRQHandler
                0x00000168                UART3_IRQHandler
                0x00000168                MCPWM_IRQHandler
                0x00000168                ENET_IRQHandler
                0x000002fc                . = 0x2fc
 *fill*         0x0000016c      0x190 ff
                0x000002fc                PROVIDE (__CRP_WORD_START__, .)
 *(.crp)
 .crp           0x000002fc        0x4 ./src/main.o
                0x000002fc                CRP_WORD
                0x00000300                PROVIDE (__CRP_WORD_END__, .)
                0x00000001                ASSERT (! ((__CRP_WORD_START__ == __CRP_WORD_END__)), Linker CRP Enabled, but no CRP_WORD provided within application)
 *(.text*)
 .text.CLKPWR_SetPCLKDiv
                0x00000300       0xcc ./src/BT_Stack/Drivers/lpc17xx_clkpwr.o
                0x00000300                CLKPWR_SetPCLKDiv
 .text.CLKPWR_GetPCLKSEL
                0x000003cc       0x54 ./src/BT_Stack/Drivers/lpc17xx_clkpwr.o
                0x000003cc                CLKPWR_GetPCLKSEL
 .text.CLKPWR_GetPCLK
                0x00000420       0x74 ./src/BT_Stack/Drivers/lpc17xx_clkpwr.o
                0x00000420                CLKPWR_GetPCLK
 .text.CLKPWR_ConfigPPWR
                0x00000494       0x78 ./src/BT_Stack/Drivers/lpc17xx_clkpwr.o
                0x00000494                CLKPWR_ConfigPPWR
 .text.CLKPWR_Sleep
                0x0000050c       0x1c ./src/BT_Stack/Drivers/lpc17xx_clkpwr.o
                0x0000050c                CLKPWR_Sleep
 .text.check_failed
                0x00000528        0xc ./src/BT_Stack/Drivers/lpc17xx_libcfg_default.o
                0x00000528                check_failed
 .text.set_PinFunc
                0x00000534       0x9c ./src/BT_Stack/Drivers/lpc17xx_pinsel.o
                0x00000534                set_PinFunc
 .text.getPClock
                0x000005d0       0x68 ./src/BT_Stack/Drivers/lpc17xx_timer.o
 .text.converUSecToVal
                0x00000638       0x64 ./src/BT_Stack/Drivers/lpc17xx_timer.o
 .text.converPtrToTimeNum
                0x0000069c       0x6c ./src/BT_Stack/Drivers/lpc17xx_timer.o
 .text.TIM_ClearIntPending
                0x00000708       0xa0 ./src/BT_Stack/Drivers/lpc17xx_timer.o
                0x00000708                TIM_ClearIntPending
 .text.TIM_Init
                0x000007a8      0x1cc ./src/BT_Stack/Drivers/lpc17xx_timer.o
                0x000007a8                TIM_Init
 .text.TIM_Cmd  0x00000974       0x78 ./src/BT_Stack/Drivers/lpc17xx_timer.o
                0x00000974                TIM_Cmd
 .text.TIM_ResetCounter
                0x000009ec       0x6c ./src/BT_Stack/Drivers/lpc17xx_timer.o
                0x000009ec                TIM_ResetCounter
 .text.TIM_ConfigMatch
                0x00000a58      0x1cc ./src/BT_Stack/Drivers/lpc17xx_timer.o
                0x00000a58                TIM_ConfigMatch
 .text.uart_set_divisors
                0x00000c24      0x26c ./src/BT_Stack/Drivers/lpc17xx_uart.o
 .text.UART_Init
                0x00000e90      0x3a8 ./src/BT_Stack/Drivers/lpc17xx_uart.o
                0x00000e90                UART_Init
 .text.UART_ConfigStructInit
                0x00001238       0x34 ./src/BT_Stack/Drivers/lpc17xx_uart.o
                0x00001238                UART_ConfigStructInit
 .text.UART_SendByte
                0x0000126c       0x78 ./src/BT_Stack/Drivers/lpc17xx_uart.o
                0x0000126c                UART_SendByte
 .text.UART_ReceiveByte
                0x000012e4       0x78 ./src/BT_Stack/Drivers/lpc17xx_uart.o
                0x000012e4                UART_ReceiveByte
 .text.UART_Send
                0x0000135c      0x10c ./src/BT_Stack/Drivers/lpc17xx_uart.o
                0x0000135c                UART_Send
 .text.UART_IntConfig
                0x00001468      0x1d0 ./src/BT_Stack/Drivers/lpc17xx_uart.o
                0x00001468                UART_IntConfig
 .text.UART_FIFOConfig
                0x00001638      0x184 ./src/BT_Stack/Drivers/lpc17xx_uart.o
                0x00001638                UART_FIFOConfig
 .text.UART_FIFOConfigStructInit
                0x000017bc       0x34 ./src/BT_Stack/Drivers/lpc17xx_uart.o
                0x000017bc                UART_FIFOConfigStructInit
 .text.UART_TxCmd
                0x000017f0       0xe8 ./src/BT_Stack/Drivers/lpc17xx_uart.o
                0x000017f0                UART_TxCmd
 .text.UART_FullModemForcePinState
                0x000018d8       0xcc ./src/BT_Stack/Drivers/lpc17xx_uart.o
                0x000018d8                UART_FullModemForcePinState
 .text.btstack_memory_hci_connection_get
                0x000019a4       0x18 ./src/BT_Stack/btstack_memory.o
                0x000019a4                btstack_memory_hci_connection_get
 .text.btstack_memory_hci_connection_free
                0x000019bc       0x20 ./src/BT_Stack/btstack_memory.o
                0x000019bc                btstack_memory_hci_connection_free
 .text.btstack_memory_db_mem_device_name_get
                0x000019dc       0x10 ./src/BT_Stack/btstack_memory.o
                0x000019dc                btstack_memory_db_mem_device_name_get
 .text.btstack_memory_db_mem_device_name_free
                0x000019ec       0x14 ./src/BT_Stack/btstack_memory.o
                0x000019ec                btstack_memory_db_mem_device_name_free
 .text.btstack_memory_db_mem_device_link_key_get
                0x00001a00       0x18 ./src/BT_Stack/btstack_memory.o
                0x00001a00                btstack_memory_db_mem_device_link_key_get
 .text.btstack_memory_db_mem_device_link_key_free
                0x00001a18       0x20 ./src/BT_Stack/btstack_memory.o
                0x00001a18                btstack_memory_db_mem_device_link_key_free
 .text.btstack_memory_db_mem_service_get
                0x00001a38       0x10 ./src/BT_Stack/btstack_memory.o
                0x00001a38                btstack_memory_db_mem_service_get
 .text.btstack_memory_init
                0x00001a48       0x40 ./src/BT_Stack/btstack_memory.o
                0x00001a48                btstack_memory_init
 .text.NVIC_EnableIRQ
                0x00001a88       0x38 ./src/BT_Stack/hal_cpu.o
 .text.NVIC_DisableIRQ
                0x00001ac0       0x3c ./src/BT_Stack/hal_cpu.o
 .text.hal_cpu_enable_irqs
                0x00001afc       0x20 ./src/BT_Stack/hal_cpu.o
                0x00001afc                hal_cpu_enable_irqs
 .text.hal_cpu_disable_irqs
                0x00001b1c       0x20 ./src/BT_Stack/hal_cpu.o
                0x00001b1c                hal_cpu_disable_irqs
 .text.hal_cpu_enable_irqs_and_sleep
                0x00001b3c       0x28 ./src/BT_Stack/hal_cpu.o
                0x00001b3c                hal_cpu_enable_irqs_and_sleep
 .text.NVIC_EnableIRQ
                0x00001b64       0x38 ./src/BT_Stack/hal_tick.o
 .text.dummy_handler
                0x00001b9c        0xc ./src/BT_Stack/hal_tick.o
 .text.hal_tick_init
                0x00001ba8       0xbc ./src/BT_Stack/hal_tick.o
                0x00001ba8                hal_tick_init
 .text.hal_tick_set_handler
                0x00001c64       0x38 ./src/BT_Stack/hal_tick.o
                0x00001c64                hal_tick_set_handler
 .text.hal_tick_get_tick_period_in_ms
                0x00001c9c       0x10 ./src/BT_Stack/hal_tick.o
                0x00001c9c                hal_tick_get_tick_period_in_ms
 .text.TIMER0_IRQHandler
                0x00001cac       0x20 ./src/BT_Stack/hal_tick.o
                0x00001cac                TIMER0_IRQHandler
 .text.dummy_handler
                0x00001ccc        0xc ./src/BT_Stack/hal_uart_dma.o
                0x00001ccc                dummy_handler
 .text.hal_uart_dma_enable_rx
                0x00001cd8       0x1c ./src/BT_Stack/hal_uart_dma.o
 .text.hal_uart_dma_disable_rx
                0x00001cf4       0x1c ./src/BT_Stack/hal_uart_dma.o
 .text.hal_uart_dma_init
                0x00001d10       0x4c ./src/BT_Stack/hal_uart_dma.o
                0x00001d10                hal_uart_dma_init
 .text.hal_uart_dma_set_baud
                0x00001d5c       0x18 ./src/BT_Stack/hal_uart_dma.o
                0x00001d5c                hal_uart_dma_set_baud
 .text.hal_uart_dma_set_block_received
                0x00001d74       0x20 ./src/BT_Stack/hal_uart_dma.o
                0x00001d74                hal_uart_dma_set_block_received
 .text.hal_uart_dma_set_block_sent
                0x00001d94       0x20 ./src/BT_Stack/hal_uart_dma.o
                0x00001d94                hal_uart_dma_set_block_sent
 .text.hal_uart_dma_send_block
                0x00001db4       0x5c ./src/BT_Stack/hal_uart_dma.o
                0x00001db4                hal_uart_dma_send_block
 .text.hal_uart_dma_receive_block
                0x00001e10       0x58 ./src/BT_Stack/hal_uart_dma.o
                0x00001e10                hal_uart_dma_receive_block
 .text.UART1_IRQHandler
                0x00001e68      0x1c8 ./src/BT_Stack/hal_uart_dma.o
                0x00001e68                UART1_IRQHandler
 .text.connection_for_handle
                0x00002030       0x44 ./src/BT_Stack/hci.o
                0x00002030                connection_for_handle
 .text.hci_connection_timeout_handler
                0x00002074       0x4c ./src/BT_Stack/hci.o
 .text.hci_connection_timestamp
                0x000020c0       0x1c ./src/BT_Stack/hci.o
 .text.create_connection_for_addr
                0x000020dc       0x98 ./src/BT_Stack/hci.o
 .text.connection_for_address
                0x00002174       0x4c ./src/BT_Stack/hci.o
 .text.connectionSetAuthenticationFlags
                0x000021c0       0x24 ./src/BT_Stack/hci.o
 .text.connectionClearAuthenticationFlags
                0x000021e4       0x30 ./src/BT_Stack/hci.o
 .text.hci_add_connection_flags_for_flipped_bd_addr
                0x00002214       0x44 ./src/BT_Stack/hci.o
 .text.hci_drop_link_key_for_bd_addr
                0x00002258       0x34 ./src/BT_Stack/hci.o
                0x00002258                hci_drop_link_key_for_bd_addr
 .text.nr_hci_connections
                0x0000228c       0x3c ./src/BT_Stack/hci.o
 .text.dummy_handler
                0x000022c8       0x1c ./src/BT_Stack/hci.o
 .text.hci_number_free_acl_slots
                0x000022e4       0x6c ./src/BT_Stack/hci.o
                0x000022e4                hci_number_free_acl_slots
 .text.hci_can_send_packet_now
                0x00002350       0x68 ./src/BT_Stack/hci.o
                0x00002350                hci_can_send_packet_now
 .text.acl_handler
                0x000023b8      0x20c ./src/BT_Stack/hci.o
 .text.hci_shutdown_connection
                0x000025c4       0x40 ./src/BT_Stack/hci.o
 .text.hci_acl_packet_types_for_buffer_size
                0x00002604       0x80 ./src/BT_Stack/hci.o
 .text.event_handler
                0x00002684      0x7cc ./src/BT_Stack/hci.o
 .text.packet_handler
                0x00002e50       0x3c ./src/BT_Stack/hci.o
 .text.hci_register_packet_handler
                0x00002e8c       0x20 ./src/BT_Stack/hci.o
                0x00002e8c                hci_register_packet_handler
 .text.hci_init
                0x00002eac       0xf8 ./src/BT_Stack/hci.o
                0x00002eac                hci_init
 .text.hci_power_control_on
                0x00002fa4       0xe4 ./src/BT_Stack/hci.o
 .text.hci_power_control_off
                0x00003088       0x68 ./src/BT_Stack/hci.o
 .text.hci_power_control_sleep
                0x000030f0       0x50 ./src/BT_Stack/hci.o
 .text.hci_power_control_wake
                0x00003140       0x44 ./src/BT_Stack/hci.o
 .text.hci_power_control
                0x00003184      0x228 ./src/BT_Stack/hci.o
                0x00003184                hci_power_control
 .text.hci_update_scan_enable
                0x000033ac       0x3c ./src/BT_Stack/hci.o
 .text.hci_discoverable_control
                0x000033e8       0x58 ./src/BT_Stack/hci.o
                0x000033e8                hci_discoverable_control
 .text.hci_run  0x00003440      0x518 ./src/BT_Stack/hci.o
                0x00003440                hci_run
 .text.hci_send_cmd_packet
                0x00003958      0x1f8 ./src/BT_Stack/hci.o
                0x00003958                hci_send_cmd_packet
 .text.hci_send_cmd
                0x00003b50       0x3c ./src/BT_Stack/hci.o
                0x00003b50                hci_send_cmd
 .text.hci_emit_state
                0x00003b8c       0x5c ./src/BT_Stack/hci.o
                0x00003b8c                hci_emit_state
 .text.hci_emit_connection_complete
                0x00003be8       0x8c ./src/BT_Stack/hci.o
                0x00003be8                hci_emit_connection_complete
 .text.hci_emit_disconnection_complete
                0x00003c74       0x70 ./src/BT_Stack/hci.o
                0x00003c74                hci_emit_disconnection_complete
 .text.hci_emit_l2cap_check_timeout
                0x00003ce4       0x64 ./src/BT_Stack/hci.o
                0x00003ce4                hci_emit_l2cap_check_timeout
 .text.hci_emit_nr_connections_changed
                0x00003d48       0x58 ./src/BT_Stack/hci.o
                0x00003d48                hci_emit_nr_connections_changed
 .text.hci_emit_hci_open_failed
                0x00003da0       0x4c ./src/BT_Stack/hci.o
                0x00003da0                hci_emit_hci_open_failed
 .text.hci_emit_discoverable_enabled
                0x00003dec       0x54 ./src/BT_Stack/hci.o
                0x00003dec                hci_emit_discoverable_enabled
 .text.hci_create_cmd_internal
                0x00003e40      0x378 ./src/BT_Stack/hci_cmds.o
                0x00003e40                hci_create_cmd_internal
 .text.hci_dump_packet
                0x000041b8       0x1c ./src/BT_Stack/hci_dump.o
                0x000041b8                hci_dump_packet
 .text.h4_init_sm
                0x000041d4       0x4c ./src/BT_Stack/hci_transport_h4_dma.o
 .text.h4_open  0x00004220       0x50 ./src/BT_Stack/hci_transport_h4_dma.o
 .text.h4_close
                0x00004270       0x18 ./src/BT_Stack/hci_transport_h4_dma.o
 .text.h4_block_received
                0x00004288      0x1ec ./src/BT_Stack/hci_transport_h4_dma.o
 .text.h4_block_sent
                0x00004474       0x5c ./src/BT_Stack/hci_transport_h4_dma.o
 .text.h4_register_packet_handler
                0x000044d0       0x20 ./src/BT_Stack/hci_transport_h4_dma.o
 .text.h4_process
                0x000044f0       0x9c ./src/BT_Stack/hci_transport_h4_dma.o
 .text.h4_send_packet
                0x0000458c       0xb0 ./src/BT_Stack/hci_transport_h4_dma.o
 .text.h4_set_baudrate
                0x0000463c       0x2c ./src/BT_Stack/hci_transport_h4_dma.o
 .text.h4_can_send_packet_now
                0x00004668       0x28 ./src/BT_Stack/hci_transport_h4_dma.o
 .text.h4_get_transport_name
                0x00004690       0x14 ./src/BT_Stack/hci_transport_h4_dma.o
 .text.dummy_handler
                0x000046a4       0x1c ./src/BT_Stack/hci_transport_h4_dma.o
 .text.hci_transport_h4_dma_instance
                0x000046c0       0x14 ./src/BT_Stack/hci_transport_h4_dma.o
                0x000046c0                hci_transport_h4_dma_instance
 .text.linked_list_get_last_item
                0x000046d4       0x3c ./src/BT_Stack/linked_list.o
                0x000046d4                linked_list_get_last_item
 .text.linked_list_add
                0x00004710       0x44 ./src/BT_Stack/linked_list.o
                0x00004710                linked_list_add
 .text.linked_list_remove
                0x00004754       0x44 ./src/BT_Stack/linked_list.o
                0x00004754                linked_list_remove
 .text.linked_item_set_user
                0x00004798       0x24 ./src/BT_Stack/linked_list.o
                0x00004798                linked_item_set_user
 .text.linked_item_get_user
                0x000047bc       0x18 ./src/BT_Stack/linked_list.o
                0x000047bc                linked_item_get_user
 .text.memory_pool_create
                0x000047d4       0x50 ./src/BT_Stack/memory_pool.o
                0x000047d4                memory_pool_create
 .text.memory_pool_get
                0x00004824       0x38 ./src/BT_Stack/memory_pool.o
                0x00004824                memory_pool_get
 .text.memory_pool_free
                0x0000485c       0x2c ./src/BT_Stack/memory_pool.o
                0x0000485c                memory_pool_free
 .text.db_open  0x00004888        0xc ./src/BT_Stack/remote_device_db_memory.o
 .text.db_close
                0x00004894        0xc ./src/BT_Stack/remote_device_db_memory.o
 .text.get_item
                0x000048a0       0x4c ./src/BT_Stack/remote_device_db_memory.o
 .text.get_name
                0x000048ec       0x68 ./src/BT_Stack/remote_device_db_memory.o
 .text.get_link_key
                0x00004954       0x6c ./src/BT_Stack/remote_device_db_memory.o
 .text.delete_link_key
                0x000049c0       0x44 ./src/BT_Stack/remote_device_db_memory.o
 .text.put_link_key
                0x00004a04       0xa8 ./src/BT_Stack/remote_device_db_memory.o
 .text.delete_name
                0x00004aac       0x44 ./src/BT_Stack/remote_device_db_memory.o
 .text.put_name
                0x00004af0       0xa0 ./src/BT_Stack/remote_device_db_memory.o
 .text.persistent_rfcomm_channel
                0x00004b90       0xb0 ./src/BT_Stack/remote_device_db_memory.o
 .text.run_loop_assert
                0x00004c40        0xc ./src/BT_Stack/run_loop.o
                0x00004c40                run_loop_assert
 .text.run_loop_add_data_source
                0x00004c4c       0x24 ./src/BT_Stack/run_loop.o
                0x00004c4c                run_loop_add_data_source
 .text.run_loop_remove_data_source
                0x00004c70       0x28 ./src/BT_Stack/run_loop.o
                0x00004c70                run_loop_remove_data_source
 .text.run_loop_add_timer
                0x00004c98       0x24 ./src/BT_Stack/run_loop.o
                0x00004c98                run_loop_add_timer
 .text.run_loop_remove_timer
                0x00004cbc       0x28 ./src/BT_Stack/run_loop.o
                0x00004cbc                run_loop_remove_timer
 .text.run_loop_execute
                0x00004ce4       0x18 ./src/BT_Stack/run_loop.o
                0x00004ce4                run_loop_execute
 .text.run_loop_init
                0x00004cfc       0x3c ./src/BT_Stack/run_loop.o
                0x00004cfc                run_loop_init
 .text.embedded_trigger
                0x00004d38       0x18 ./src/BT_Stack/run_loop_embedded.o
                0x00004d38                embedded_trigger
 .text.embedded_add_data_source
                0x00004d50       0x20 ./src/BT_Stack/run_loop_embedded.o
                0x00004d50                embedded_add_data_source
 .text.embedded_remove_data_source
                0x00004d70       0x24 ./src/BT_Stack/run_loop_embedded.o
                0x00004d70                embedded_remove_data_source
 .text.embedded_add_timer
                0x00004d94       0x4c ./src/BT_Stack/run_loop_embedded.o
                0x00004d94                embedded_add_timer
 .text.embedded_remove_timer
                0x00004de0       0x24 ./src/BT_Stack/run_loop_embedded.o
                0x00004de0                embedded_remove_timer
 .text.embedded_dump_timer
                0x00004e04        0xc ./src/BT_Stack/run_loop_embedded.o
                0x00004e04                embedded_dump_timer
 .text.embedded_execute
                0x00004e10       0x9c ./src/BT_Stack/run_loop_embedded.o
                0x00004e10                embedded_execute
 .text.embedded_tick_handler
                0x00004eac       0x30 ./src/BT_Stack/run_loop_embedded.o
 .text.embedded_get_ticks
                0x00004edc       0x18 ./src/BT_Stack/run_loop_embedded.o
                0x00004edc                embedded_get_ticks
 .text.embedded_ticks_for_ms
                0x00004ef4       0x20 ./src/BT_Stack/run_loop_embedded.o
                0x00004ef4                embedded_ticks_for_ms
 .text.run_loop_set_timer
                0x00004f14       0x3c ./src/BT_Stack/run_loop_embedded.o
                0x00004f14                run_loop_set_timer
 .text.embedded_init
                0x00004f50       0x40 ./src/BT_Stack/run_loop_embedded.o
                0x00004f50                embedded_init
 .text.bt_store_16
                0x00004f90       0x48 ./src/BT_Stack/utils.o
                0x00004f90                bt_store_16
 .text.bt_flip_addr
                0x00004fd8       0x58 ./src/BT_Stack/utils.o
                0x00004fd8                bt_flip_addr
 .text.bd_addr_to_str
                0x00005030       0x70 ./src/BT_Stack/utils.o
                0x00005030                bd_addr_to_str
 .text.packet_handler
                0x000050a0      0x4d4 ./src/main.o
 .text.main     0x00005574       0xcc ./src/main.o
                0x00005574                main
 .text.SystemInit
                0x00005640       0xe4 /home/chuby/Dropbox/WorkSpace/CMSISv2p00_LPC17xx/Debug/libCMSISv2p00_LPC17xx.a(system_LPC17xx.o)
                0x00005640                SystemInit
 .text.__main   0x00005724       0x14 /usr/local/lpcxpresso_5.1.2_2065/lpcxpresso/tools/bin/../lib/gcc/arm-none-eabi/4.6.2/../../../../arm-none-eabi/lib/armv7-m/libcr_semihost.a(_cr__main.o)
                0x00005724                __main
                0x00005724                __CR_SEMIHOST
 .text.memcpy   0x00005738        0x4 /usr/local/lpcxpresso_5.1.2_2065/lpcxpresso/tools/bin/../lib/gcc/arm-none-eabi/4.6.2/../../../../arm-none-eabi/lib/armv7-m/libcr_c.a(memcpy.o)
                0x00005738                memcpy
 .text.memset   0x0000573c        0x4 /usr/local/lpcxpresso_5.1.2_2065/lpcxpresso/tools/bin/../lib/gcc/arm-none-eabi/4.6.2/../../../../arm-none-eabi/lib/armv7-m/libcr_c.a(memset.o)
                0x0000573c                memset
 .text.lose_trailing_zeros
                0x00005740       0x1e /usr/local/lpcxpresso_5.1.2_2065/lpcxpresso/tools/bin/../lib/gcc/arm-none-eabi/4.6.2/../../../../arm-none-eabi/lib/armv7-m/libcr_c.a(fpprintf.o)
 .text.fp_round
                0x0000575e       0x54 /usr/local/lpcxpresso_5.1.2_2065/lpcxpresso/tools/bin/../lib/gcc/arm-none-eabi/4.6.2/../../../../arm-none-eabi/lib/armv7-m/libcr_c.a(fpprintf.o)
 .text.pr_dec.constprop.1
                0x000057b2       0x22 /usr/local/lpcxpresso_5.1.2_2065/lpcxpresso/tools/bin/../lib/gcc/arm-none-eabi/4.6.2/../../../../arm-none-eabi/lib/armv7-m/libcr_c.a(fpprintf.o)
 .text.sprintf  0x000057d4       0x70 /usr/local/lpcxpresso_5.1.2_2065/lpcxpresso/tools/bin/../lib/gcc/arm-none-eabi/4.6.2/../../../../arm-none-eabi/lib/armv7-m/libcr_c.a(fpprintf.o)
                0x000057d4                sprintf
 *fill*         0x00005844        0x4 00
 .text.fp_display
                0x00005848      0x908 /usr/local/lpcxpresso_5.1.2_2065/lpcxpresso/tools/bin/../lib/gcc/arm-none-eabi/4.6.2/../../../../arm-none-eabi/lib/armv7-m/libcr_c.a(fpprintf.o)
 .text.vsnprintf
                0x00006150       0x5c /usr/local/lpcxpresso_5.1.2_2065/lpcxpresso/tools/bin/../lib/gcc/arm-none-eabi/4.6.2/../../../../arm-none-eabi/lib/armv7-m/libcr_c.a(fpprintf.o)
                0x00006150                vsnprintf
 .text.printf   0x000061ac       0x54 /usr/local/lpcxpresso_5.1.2_2065/lpcxpresso/tools/bin/../lib/gcc/arm-none-eabi/4.6.2/../../../../arm-none-eabi/lib/armv7-m/libcr_c.a(fpprintf.o)
                0x000061ac                printf
 .text._initio  0x00006200       0x9c /usr/local/lpcxpresso_5.1.2_2065/lpcxpresso/tools/bin/../lib/gcc/arm-none-eabi/4.6.2/../../../../arm-none-eabi/lib/armv7-m/libcr_c.a(initio.o)
                0x00006200                _initio
 .text.memcmp   0x0000629c       0x38 /usr/local/lpcxpresso_5.1.2_2065/lpcxpresso/tools/bin/../lib/gcc/arm-none-eabi/4.6.2/../../../../arm-none-eabi/lib/armv7-m/libcr_c.a(memcmp.o)
                0x0000629c                memcmp
 .text.__vfprintf
                0x000062d4      0xd54 /usr/local/lpcxpresso_5.1.2_2065/lpcxpresso/tools/bin/../lib/gcc/arm-none-eabi/4.6.2/../../../../arm-none-eabi/lib/armv7-m/libcr_c.a(printf.o)
                0x000062d4                __vfprintf
 .text.setvbuf  0x00007028       0x48 /usr/local/lpcxpresso_5.1.2_2065/lpcxpresso/tools/bin/../lib/gcc/arm-none-eabi/4.6.2/../../../../arm-none-eabi/lib/armv7-m/libcr_c.a(setvbuf.o)
                0x00007028                setvbuf
 .text.strlen   0x00007070       0x4c /usr/local/lpcxpresso_5.1.2_2065/lpcxpresso/tools/bin/../lib/gcc/arm-none-eabi/4.6.2/../../../../arm-none-eabi/lib/armv7-m/libcr_c.a(strlen.o)
                0x00007070                strlen
 .text.strncmp  0x000070bc       0x4e /usr/local/lpcxpresso_5.1.2_2065/lpcxpresso/tools/bin/../lib/gcc/arm-none-eabi/4.6.2/../../../../arm-none-eabi/lib/armv7-m/libcr_c.a(strncmp.o)
                0x000070bc                strncmp
 .text.strncpy  0x0000710a       0x54 /usr/local/lpcxpresso_5.1.2_2065/lpcxpresso/tools/bin/../lib/gcc/arm-none-eabi/4.6.2/../../../../arm-none-eabi/lib/armv7-m/libcr_c.a(strncpy.o)
                0x0000710a                strncpy
 .text._deferredlazyseek
                0x0000715e       0x44 /usr/local/lpcxpresso_5.1.2_2065/lpcxpresso/tools/bin/../lib/gcc/arm-none-eabi/4.6.2/../../../../arm-none-eabi/lib/armv7-m/libcr_c.a(_deferredlazyseek.o)
                0x0000715e                _deferredlazyseek
 .text.__flsbuf
                0x000071a2      0x14e /usr/local/lpcxpresso_5.1.2_2065/lpcxpresso/tools/bin/../lib/gcc/arm-none-eabi/4.6.2/../../../../arm-none-eabi/lib/armv7-m/libcr_c.a(_deferredlazyseek.o)
                0x000071a2                __flsbuf
 .text._fdopen  0x000072f0       0x6c /usr/local/lpcxpresso_5.1.2_2065/lpcxpresso/tools/bin/../lib/gcc/arm-none-eabi/4.6.2/../../../../arm-none-eabi/lib/armv7-m/libcr_c.a(_fdopen.o)
                0x000072f0                _fdopen
 .text._fflush  0x0000735c       0x58 /usr/local/lpcxpresso_5.1.2_2065/lpcxpresso/tools/bin/../lib/gcc/arm-none-eabi/4.6.2/../../../../arm-none-eabi/lib/armv7-m/libcr_c.a(_fflush.o)
                0x0000735c                _fflush
 .text._frexpl  0x000073b4       0x60 /usr/local/lpcxpresso_5.1.2_2065/lpcxpresso/tools/bin/../lib/gcc/arm-none-eabi/4.6.2/../../../../arm-none-eabi/lib/armv7-m/libcr_c.a(_frexpl.o)
                0x000073b4                _frexpl
 .text._ldexpl  0x00007414       0x50 /usr/local/lpcxpresso_5.1.2_2065/lpcxpresso/tools/bin/../lib/gcc/arm-none-eabi/4.6.2/../../../../arm-none-eabi/lib/armv7-m/libcr_c.a(_ldexpl.o)
                0x00007414                _ldexpl
 .text._Cwritebuf
                0x00007464       0x84 /usr/local/lpcxpresso_5.1.2_2065/lpcxpresso/tools/bin/../lib/gcc/arm-none-eabi/4.6.2/../../../../arm-none-eabi/lib/armv7-m/libcr_c.a(_writebuf.o)
                0x00007464                _Cwritebuf
 .text.malloc   0x000074e8       0xbc /usr/local/lpcxpresso_5.1.2_2065/lpcxpresso/tools/bin/../lib/gcc/arm-none-eabi/4.6.2/../../../../arm-none-eabi/lib/armv7-m/libcr_c.a(alloc.o)
                0x000074e8                malloc
 .text.free     0x000075a4        0xa /usr/local/lpcxpresso_5.1.2_2065/lpcxpresso/tools/bin/../lib/gcc/arm-none-eabi/4.6.2/../../../../arm-none-eabi/lib/armv7-m/libcr_c.a(alloc.o)
                0x000075a4                free
 *fill*         0x000075ae        0x2 00
 .text._Csys_alloc
                0x000075b0       0x20 /usr/local/lpcxpresso_5.1.2_2065/lpcxpresso/tools/bin/../lib/gcc/arm-none-eabi/4.6.2/../../../../arm-none-eabi/lib/armv7-m/libcr_c.a(alloc.o)
                0x000075b0                _Csys_alloc
 .text.fclose   0x000075d0       0x6c /usr/local/lpcxpresso_5.1.2_2065/lpcxpresso/tools/bin/../lib/gcc/arm-none-eabi/4.6.2/../../../../arm-none-eabi/lib/armv7-m/libcr_c.a(fclose.o)
                0x000075d0                fclose
 .text.fflush   0x0000763c       0x34 /usr/local/lpcxpresso_5.1.2_2065/lpcxpresso/tools/bin/../lib/gcc/arm-none-eabi/4.6.2/../../../../arm-none-eabi/lib/armv7-m/libcr_c.a(fflush.o)
                0x0000763c                fflush
 .text.fseek    0x00007670      0x104 /usr/local/lpcxpresso_5.1.2_2065/lpcxpresso/tools/bin/../lib/gcc/arm-none-eabi/4.6.2/../../../../arm-none-eabi/lib/armv7-m/libcr_c.a(fseek.o)
                0x00007670                fseek
 .text.ftell    0x00007774       0x4c /usr/local/lpcxpresso_5.1.2_2065/lpcxpresso/tools/bin/../lib/gcc/arm-none-eabi/4.6.2/../../../../arm-none-eabi/lib/armv7-m/libcr_c.a(ftell.o)
                0x00007774                ftell
 .text.remove   0x000077c0       0x14 /usr/local/lpcxpresso_5.1.2_2065/lpcxpresso/tools/bin/../lib/gcc/arm-none-eabi/4.6.2/../../../../arm-none-eabi/lib/armv7-m/libcr_c.a(remove.o)
                0x000077c0                remove
 .text._do_fflush
                0x000077d4       0x42 /usr/local/lpcxpresso_5.1.2_2065/lpcxpresso/tools/bin/../lib/gcc/arm-none-eabi/4.6.2/../../../../arm-none-eabi/lib/armv7-m/libcr_c.a(_do_fflush.o)
                0x000077d4                _do_fflush
 .text.__aeabi_division_uldivmod
                0x00007816      0x174 /usr/local/lpcxpresso_5.1.2_2065/lpcxpresso/tools/bin/../lib/gcc/arm-none-eabi/4.6.2/armv7-m/libcr_eabihelpers.a(division.o)
                0x00007816                __aeabi_uldivmod
                0x0000781a                __bhs_ldivmod1
 .text.__aeabi_division_idiv0
                0x0000798a        0x2 /usr/local/lpcxpresso_5.1.2_2065/lpcxpresso/tools/bin/../lib/gcc/arm-none-eabi/4.6.2/armv7-m/libcr_eabihelpers.a(division.o)
                0x0000798a                __aeabi_idiv0
 .text.__aeabi_dmul
                0x0000798c      0x138 /usr/local/lpcxpresso_5.1.2_2065/lpcxpresso/tools/bin/../lib/gcc/arm-none-eabi/4.6.2/armv7-m/libcr_eabihelpers.a(double.o)
                0x0000798c                __aeabi_dmul
 .text.__aeabi_ddiv
                0x00007ac4      0x168 /usr/local/lpcxpresso_5.1.2_2065/lpcxpresso/tools/bin/../lib/gcc/arm-none-eabi/4.6.2/armv7-m/libcr_eabihelpers.a(double.o)
                0x00007ac4                __aeabi_ddiv
 .text.__aeabi_dsub
                0x00007c2c      0x1f4 /usr/local/lpcxpresso_5.1.2_2065/lpcxpresso/tools/bin/../lib/gcc/arm-none-eabi/4.6.2/armv7-m/libcr_eabihelpers.a(double.o)
                0x00007c2c                __aeabi_dsub
 .text.__aeabi_dadd
                0x00007e20      0x154 /usr/local/lpcxpresso_5.1.2_2065/lpcxpresso/tools/bin/../lib/gcc/arm-none-eabi/4.6.2/armv7-m/libcr_eabihelpers.a(double.o)
                0x00007e20                __aeabi_dadd
 .text.__aeabi_d2iz
                0x00007f74       0x40 /usr/local/lpcxpresso_5.1.2_2065/lpcxpresso/tools/bin/../lib/gcc/arm-none-eabi/4.6.2/armv7-m/libcr_eabihelpers.a(double.o)
                0x00007f74                __aeabi_d2iz
 .text.__bhs_ui2d
                0x00007fb4       0x5c /usr/local/lpcxpresso_5.1.2_2065/lpcxpresso/tools/bin/../lib/gcc/arm-none-eabi/4.6.2/armv7-m/libcr_eabihelpers.a(double.o)
                0x00007fb4                __bhs_ui2d
 .text.__aeabi_i2d
                0x00008010       0x10 /usr/local/lpcxpresso_5.1.2_2065/lpcxpresso/tools/bin/../lib/gcc/arm-none-eabi/4.6.2/armv7-m/libcr_eabihelpers.a(double.o)
                0x00008010                __aeabi_i2d
 .text.__aeabi_dcmpeq
                0x00008020       0x3c /usr/local/lpcxpresso_5.1.2_2065/lpcxpresso/tools/bin/../lib/gcc/arm-none-eabi/4.6.2/armv7-m/libcr_eabihelpers.a(double.o)
                0x00008020                __aeabi_dcmpeq
 .text.__aeabi_dcmplt
                0x0000805c       0x5c /usr/local/lpcxpresso_5.1.2_2065/lpcxpresso/tools/bin/../lib/gcc/arm-none-eabi/4.6.2/armv7-m/libcr_eabihelpers.a(double.o)
                0x0000805c                __aeabi_dcmplt
 .text.__aeabi_dcmple
                0x000080b8       0x58 /usr/local/lpcxpresso_5.1.2_2065/lpcxpresso/tools/bin/../lib/gcc/arm-none-eabi/4.6.2/armv7-m/libcr_eabihelpers.a(double.o)
                0x000080b8                __aeabi_dcmple
 .text.__aeabi_dcmpge
                0x00008110       0x5c /usr/local/lpcxpresso_5.1.2_2065/lpcxpresso/tools/bin/../lib/gcc/arm-none-eabi/4.6.2/armv7-m/libcr_eabihelpers.a(double.o)
                0x00008110                __aeabi_dcmpge
 .text.__aeabi_memcpy
                0x0000816c       0x26 /usr/local/lpcxpresso_5.1.2_2065/lpcxpresso/tools/bin/../lib/gcc/arm-none-eabi/4.6.2/armv7-m/libcr_eabihelpers.a(memcpy.o)
                0x0000816c                __aeabi_memcpy
                0x0000816c                __aeabi_memcpy4
                0x0000816c                __aeabi_memcpy8
 .text.__aeabi_memset_lowlevel
                0x00008192       0x24 /usr/local/lpcxpresso_5.1.2_2065/lpcxpresso/tools/bin/../lib/gcc/arm-none-eabi/4.6.2/armv7-m/libcr_eabihelpers.a(memcpy.o)
                0x00008192                __aeabi_lowlevel_memset
 *fill*         0x000081b6        0x2 00
 .text.__sys_appexit
                0x000081b8        0xc /usr/local/lpcxpresso_5.1.2_2065/lpcxpresso/tools/bin/../lib/gcc/arm-none-eabi/4.6.2/../../../../arm-none-eabi/lib/armv7-m/libcr_semihost.a(__sys_appexit.o)
                0x000081b8                __exit
                0x000081b8                __sys_appexit
 .text.__sys_close
                0x000081c4        0xc /usr/local/lpcxpresso_5.1.2_2065/lpcxpresso/tools/bin/../lib/gcc/arm-none-eabi/4.6.2/../../../../arm-none-eabi/lib/armv7-m/libcr_semihost.a(__sys_close.o)
                0x000081c4                __sys_close
 .text.__sys_flen
                0x000081d0        0xc /usr/local/lpcxpresso_5.1.2_2065/lpcxpresso/tools/bin/../lib/gcc/arm-none-eabi/4.6.2/../../../../arm-none-eabi/lib/armv7-m/libcr_semihost.a(__sys_flen.o)
                0x000081d0                __sys_flen
 .text.__sys_istty
                0x000081dc        0xc /usr/local/lpcxpresso_5.1.2_2065/lpcxpresso/tools/bin/../lib/gcc/arm-none-eabi/4.6.2/../../../../arm-none-eabi/lib/armv7-m/libcr_semihost.a(__sys_istty.o)
                0x000081dc                __sys_istty
 .text.__sys_remove
                0x000081e8        0xc /usr/local/lpcxpresso_5.1.2_2065/lpcxpresso/tools/bin/../lib/gcc/arm-none-eabi/4.6.2/../../../../arm-none-eabi/lib/armv7-m/libcr_semihost.a(__sys_remove.o)
                0x000081e8                __sys_remove
 .text.__sys_seek
                0x000081f4        0xc /usr/local/lpcxpresso_5.1.2_2065/lpcxpresso/tools/bin/../lib/gcc/arm-none-eabi/4.6.2/../../../../arm-none-eabi/lib/armv7-m/libcr_semihost.a(__sys_seek.o)
                0x000081f4                __sys_seek
 .text.__sys_tmpnam
                0x00008200        0xc /usr/local/lpcxpresso_5.1.2_2065/lpcxpresso/tools/bin/../lib/gcc/arm-none-eabi/4.6.2/../../../../arm-none-eabi/lib/armv7-m/libcr_semihost.a(__sys_tmpnam.o)
                0x00008200                __sys_tmpnam
 .text.__sys_write
                0x0000820c        0xc /usr/local/lpcxpresso_5.1.2_2065/lpcxpresso/tools/bin/../lib/gcc/arm-none-eabi/4.6.2/../../../../arm-none-eabi/lib/armv7-m/libcr_semihost.a(__sys_write.o)
                0x0000820c                __write
                0x0000820c                __sys_write
 .text._sbrk    0x00008218       0x40 /usr/local/lpcxpresso_5.1.2_2065/lpcxpresso/tools/bin/../lib/gcc/arm-none-eabi/4.6.2/../../../../arm-none-eabi/lib/armv7-m/libcr_semihost.a(_cr_sbrk.o)
                0x00008218                _sbrk
 .text.__check_heap_overflow
                0x00008258       0x2c /usr/local/lpcxpresso_5.1.2_2065/lpcxpresso/tools/bin/../lib/gcc/arm-none-eabi/4.6.2/../../../../arm-none-eabi/lib/armv7-m/libcr_semihost.a(_cr_check_heap.o)
                0x00008258                __check_heap_overflow
 *(.rodata .rodata.*)
 .rodata        0x00008284       0x28 ./src/BT_Stack/Drivers/lpc17xx_timer.o
 .rodata        0x000082ac       0x28 ./src/BT_Stack/Drivers/lpc17xx_uart.o
 .rodata        0x000082d4      0x20c ./src/BT_Stack/hci.o
 .rodata.packet_type_sizes
                0x000084e0       0x20 ./src/BT_Stack/hci.o
 .rodata        0x00008500       0xe0 ./src/BT_Stack/hci_cmds.o
 .rodata.hci_create_connection
                0x000085e0        0x8 ./src/BT_Stack/hci_cmds.o
                0x000085e0                hci_create_connection
 .rodata.hci_disconnect
                0x000085e8        0x8 ./src/BT_Stack/hci_cmds.o
                0x000085e8                hci_disconnect
 .rodata.hci_accept_connection_request
                0x000085f0        0x8 ./src/BT_Stack/hci_cmds.o
                0x000085f0                hci_accept_connection_request
 .rodata.hci_reject_connection_request
                0x000085f8        0x8 ./src/BT_Stack/hci_cmds.o
                0x000085f8                hci_reject_connection_request
 .rodata.hci_link_key_request_reply
                0x00008600        0x8 ./src/BT_Stack/hci_cmds.o
                0x00008600                hci_link_key_request_reply
 .rodata.hci_link_key_request_negative_reply
                0x00008608        0x8 ./src/BT_Stack/hci_cmds.o
                0x00008608                hci_link_key_request_negative_reply
 .rodata.hci_pin_code_request_reply
                0x00008610        0x8 ./src/BT_Stack/hci_cmds.o
                0x00008610                hci_pin_code_request_reply
 .rodata.hci_pin_code_request_negative_reply
                0x00008618        0x8 ./src/BT_Stack/hci_cmds.o
                0x00008618                hci_pin_code_request_negative_reply
 .rodata.hci_set_event_mask
                0x00008620        0x8 ./src/BT_Stack/hci_cmds.o
                0x00008620                hci_set_event_mask
 .rodata.hci_reset
                0x00008628        0x8 ./src/BT_Stack/hci_cmds.o
                0x00008628                hci_reset
 .rodata.hci_delete_stored_link_key
                0x00008630        0x8 ./src/BT_Stack/hci_cmds.o
                0x00008630                hci_delete_stored_link_key
 .rodata.hci_write_page_timeout
                0x00008638        0x8 ./src/BT_Stack/hci_cmds.o
                0x00008638                hci_write_page_timeout
 .rodata.hci_write_scan_enable
                0x00008640        0x8 ./src/BT_Stack/hci_cmds.o
                0x00008640                hci_write_scan_enable
 .rodata.hci_write_le_host_supported
                0x00008648        0x8 ./src/BT_Stack/hci_cmds.o
                0x00008648                hci_write_le_host_supported
 .rodata.hci_read_local_supported_features
                0x00008650        0x8 ./src/BT_Stack/hci_cmds.o
                0x00008650                hci_read_local_supported_features
 .rodata.hci_read_buffer_size
                0x00008658        0x8 ./src/BT_Stack/hci_cmds.o
                0x00008658                hci_read_buffer_size
 .rodata.hci_read_bd_addr
                0x00008660        0x8 ./src/BT_Stack/hci_cmds.o
                0x00008660                hci_read_bd_addr
 .rodata.hci_le_set_event_mask
                0x00008668        0x8 ./src/BT_Stack/hci_cmds.o
                0x00008668                hci_le_set_event_mask
 .rodata.hci_le_read_buffer_size
                0x00008670        0x8 ./src/BT_Stack/hci_cmds.o
                0x00008670                hci_le_read_buffer_size
 .rodata.hci_le_set_advertising_parameters
                0x00008678        0x8 ./src/BT_Stack/hci_cmds.o
                0x00008678                hci_le_set_advertising_parameters
 .rodata.hci_le_set_advertising_data
                0x00008680        0x8 ./src/BT_Stack/hci_cmds.o
                0x00008680                hci_le_set_advertising_data
 .rodata.hci_le_set_scan_response_data
                0x00008688        0x8 ./src/BT_Stack/hci_cmds.o
                0x00008688                hci_le_set_scan_response_data
 .rodata.hci_le_set_advertise_enable
                0x00008690        0x8 ./src/BT_Stack/hci_cmds.o
                0x00008690                hci_le_set_advertise_enable
 .rodata.hci_le_read_supported_states
                0x00008698        0x8 ./src/BT_Stack/hci_cmds.o
                0x00008698                hci_le_read_supported_states
 .rodata        0x000086a0       0x9c ./src/BT_Stack/hci_transport_h4_dma.o
 .rodata.remote_device_db_memory
                0x0000873c       0x24 ./src/BT_Stack/remote_device_db_memory.o
                0x0000873c                remote_device_db_memory
 .rodata.run_loop_embedded
                0x00008760       0x1c ./src/BT_Stack/run_loop_embedded.o
                0x00008760                run_loop_embedded
 .rodata        0x0000877c       0x2c ./src/BT_Stack/utils.o
 .rodata        0x000087a8       0xbc ./src/main.o
 .rodata.str1.1
                0x00008864       0x34 /usr/local/lpcxpresso_5.1.2_2065/lpcxpresso/tools/bin/../lib/gcc/arm-none-eabi/4.6.2/../../../../arm-none-eabi/lib/armv7-m/libcr_c.a(fpprintf.o)
                                 0x35 (size before relaxing)
 .rodata.str1.1
                0x00008898        0x4 /usr/local/lpcxpresso_5.1.2_2065/lpcxpresso/tools/bin/../lib/gcc/arm-none-eabi/4.6.2/../../../../arm-none-eabi/lib/armv7-m/libcr_c.a(initio.o)
 .rodata.str1.1
                0x0000889c       0x31 /usr/local/lpcxpresso_5.1.2_2065/lpcxpresso/tools/bin/../lib/gcc/arm-none-eabi/4.6.2/../../../../arm-none-eabi/lib/armv7-m/libcr_c.a(printf.o)
                                 0x38 (size before relaxing)
 .rodata.str1.1
                0x000088cd       0x18 /usr/local/lpcxpresso_5.1.2_2065/lpcxpresso/tools/bin/../lib/gcc/arm-none-eabi/4.6.2/../../../../arm-none-eabi/lib/armv7-m/libcr_c.a(alloc.o)
 *fill*         0x000088e5        0x3 00
 .rodata.__huge_vall
                0x000088e8        0x8 /usr/local/lpcxpresso_5.1.2_2065/lpcxpresso/tools/bin/../lib/gcc/arm-none-eabi/4.6.2/../../../../arm-none-eabi/lib/armv7-m/libcr_c.a(_hugeval.o)
                0x000088e8                __huge_vall
                0x000088f0                . = ALIGN (0x4)

.glue_7         0x000088f0        0x0
 .glue_7        0x00000000        0x0 linker stubs

.glue_7t        0x000088f0        0x0
 .glue_7t       0x00000000        0x0 linker stubs

.vfp11_veneer   0x000088f0        0x0
 .vfp11_veneer  0x00000000        0x0 linker stubs

.v4_bx          0x000088f0        0x0
 .v4_bx         0x00000000        0x0 linker stubs

.ARM.extab
 *(.ARM.extab* .gnu.linkonce.armextab.*)
                0x000088f0                __exidx_start = .

.ARM.exidx
 *(.ARM.exidx* .gnu.linkonce.armexidx.*)
                0x000088f0                __exidx_end = .
                0x000088f0                _etext = .

.data_RAM2      0x2007c000        0x0 load address 0x000088f0
 FILL mask 0xff
 *(.data.$RAM2*)
 *(.data.$RamAHB32*)
                0x2007c000                . = ALIGN (0x4)

.uninit_RESERVED
                0x10000000        0x0
 *(.bss.$RESERVED*)
                0x10000000                . = ALIGN (0x4)
                0x10000000                _end_uninit_RESERVED = .

.data           0x10000000       0x44 load address 0x000088f0
 FILL mask 0xff
                0x10000000                _data = .
 *(vtable)
 *(.data*)
 .data.tick_handler
                0x10000000        0x4 ./src/BT_Stack/hal_tick.o
 .data.rx_done_handler
                0x10000004        0x4 ./src/BT_Stack/hal_uart_dma.o
 .data.tx_done_handler
                0x10000008        0x4 ./src/BT_Stack/hal_uart_dma.o
 .data.packet_handler
                0x1000000c        0x4 ./src/BT_Stack/hci_transport_h4_dma.o
 .data.hci_transport_h4_dma_ds
                0x10000010       0x10 ./src/BT_Stack/hci_transport_h4_dma.o
 .data.hci_transport_h4_dma
                0x10000020       0x20 ./src/BT_Stack/hci_transport_h4_dma.o
 .data.SystemCoreClock
                0x10000040        0x4 /home/chuby/Dropbox/WorkSpace/CMSISv2p00_LPC17xx/Debug/libCMSISv2p00_LPC17xx.a(system_LPC17xx.o)
                0x10000040                SystemCoreClock
                0x10000044                . = ALIGN (0x4)
                0x10000044                _edata = .

.bss_RAM2       0x2007c000        0x0
 *(.bss.$RAM2*)
 *(.bss.$RamAHB32*)
                0x2007c000                . = ALIGN (0x4)

.bss            0x10000044      0x4d4
                0x10000044                _bss = .
 *(.bss*)
 .bss.hci_connection_storage
                0x10000044       0x6c ./src/BT_Stack/btstack_memory.o
 .bss.hci_connection_pool
                0x100000b0        0x4 ./src/BT_Stack/btstack_memory.o
 .bss.db_mem_device_link_key_storage
                0x100000b4       0x40 ./src/BT_Stack/btstack_memory.o
 .bss.db_mem_device_link_key_pool
                0x100000f4        0x4 ./src/BT_Stack/btstack_memory.o
 .bss.UART1IRQ_ON
                0x100000f8        0x1 ./src/BT_Stack/hal_cpu.o
                0x100000f8                UART1IRQ_ON
 *fill*         0x100000f9        0x3 00
 .bss.TTC0      0x100000fc        0x8 ./src/BT_Stack/hal_tick.o
 .bss.MATC0     0x10000104        0xc ./src/BT_Stack/hal_tick.o
 .bss.UART_CFG_1152
                0x10000110        0x8 ./src/BT_Stack/hal_uart_dma.o
 .bss.FIFO_DEFAULT
                0x10000118        0x4 ./src/BT_Stack/hal_uart_dma.o
 .bss.bytes_to_read
                0x1000011c        0x2 ./src/BT_Stack/hal_uart_dma.o
 *fill*         0x1000011e        0x2 00
 .bss.rx_buffer_ptr
                0x10000120        0x4 ./src/BT_Stack/hal_uart_dma.o
 .bss.tx_buffer_ptr
                0x10000124        0x4 ./src/BT_Stack/hal_uart_dma.o
 .bss.hci_stack
                0x10000128      0x138 ./src/BT_Stack/hci.o
 .bss.h4_state  0x10000260        0x1 ./src/BT_Stack/hci_transport_h4_dma.o
 *fill*         0x10000261        0x3 00
 .bss.read_pos  0x10000264        0x4 ./src/BT_Stack/hci_transport_h4_dma.o
 .bss.bytes_to_read
                0x10000268        0x4 ./src/BT_Stack/hci_transport_h4_dma.o
 .bss.hci_packet
                0x1000026c      0x104 ./src/BT_Stack/hci_transport_h4_dma.o
 .bss.tx_state  0x10000370        0x1 ./src/BT_Stack/hci_transport_h4_dma.o
 .bss.tx_packet_type
                0x10000371        0x1 ./src/BT_Stack/hci_transport_h4_dma.o
 *fill*         0x10000372        0x2 00
 .bss.tx_data   0x10000374        0x4 ./src/BT_Stack/hci_transport_h4_dma.o
 .bss.tx_len    0x10000378        0x2 ./src/BT_Stack/hci_transport_h4_dma.o
 *fill*         0x1000037a        0x2 00
 .bss.db_mem_link_keys
                0x1000037c        0x4 ./src/BT_Stack/remote_device_db_memory.o
                0x1000037c                db_mem_link_keys
 .bss.db_mem_names
                0x10000380        0x4 ./src/BT_Stack/remote_device_db_memory.o
                0x10000380                db_mem_names
 .bss.db_mem_services
                0x10000384        0x4 ./src/BT_Stack/remote_device_db_memory.o
 .bss.the_run_loop
                0x10000388        0x4 ./src/BT_Stack/run_loop.o
 .bss.data_sources
                0x1000038c        0x4 ./src/BT_Stack/run_loop_embedded.o
 .bss.timers    0x10000390        0x4 ./src/BT_Stack/run_loop_embedded.o
 .bss.system_ticks
                0x10000394        0x4 ./src/BT_Stack/run_loop_embedded.o
 .bss.trigger_event_received
                0x10000398        0x4 ./src/BT_Stack/run_loop_embedded.o
 .bss.bd_addr_to_str_buffer
                0x1000039c       0x14 ./src/BT_Stack/utils.o
 .bss.att_connection
                0x100003b0        0x4 ./src/main.o
 .bss.att_response_handle
                0x100003b4        0x2 ./src/main.o
 .bss.att_response_size
                0x100003b6        0x2 ./src/main.o
 .bss.config.5936
                0x100003b8       0x10 ./src/main.o
 .bss.errno     0x100003c8        0x4 /usr/local/lpcxpresso_5.1.2_2065/lpcxpresso/tools/bin/../lib/gcc/arm-none-eabi/4.6.2/../../../../arm-none-eabi/lib/armv7-m/libcr_c.a(errno.o)
                0x100003c8                errno
 *(COMMON)
 COMMON         0x100003cc        0x4 /usr/local/lpcxpresso_5.1.2_2065/lpcxpresso/tools/bin/../lib/gcc/arm-none-eabi/4.6.2/../../../../arm-none-eabi/lib/armv7-m/libcr_c.a(initio.o)
                0x100003cc                _extra
 COMMON         0x100003d0      0x140 /usr/local/lpcxpresso_5.1.2_2065/lpcxpresso/tools/bin/../lib/gcc/arm-none-eabi/4.6.2/../../../../arm-none-eabi/lib/armv7-m/libcr_c.a(stdio.o)
                0x100003d0                __Ciob
 COMMON         0x10000510        0x8 /usr/local/lpcxpresso_5.1.2_2065/lpcxpresso/tools/bin/../lib/gcc/arm-none-eabi/4.6.2/../../../../arm-none-eabi/lib/armv7-m/libcr_c.a(__init_alloc.o)
                0x10000510                __heaps
                0x10000514                __end_of_heap
                0x10000518                . = ALIGN (0x4)
                0x10000518                _ebss = .
                0x10000518                PROVIDE (end, .)

.noinit_RAM2    0x2007c000        0x0
 *(.noinit.$RAM2*)
 *(.noinit.$RamAHB32*)
                0x2007c000                . = ALIGN (0x4)

.noinit         0x10000518        0x0
                0x10000518                _noinit = .
 *(.noinit*)
                0x10000518                . = ALIGN (0x4)
                0x10000518                _end_noinit = .
                0x10000518                PROVIDE (_pvHeapStart, .)
                0x10008000                PROVIDE (_vStackTop, (__top_RamLoc32 - 0x0))
OUTPUT(EBN_Anchor_Node.axf elf32-littlearm)

.debug_info     0x00000000     0xed09
 .debug_info    0x00000000      0x6d7 ./src/BT_Stack/Drivers/lpc17xx_clkpwr.o
 .debug_info    0x000006d7       0xcd ./src/BT_Stack/Drivers/lpc17xx_libcfg_default.o
 .debug_info    0x000007a4      0x4ba ./src/BT_Stack/Drivers/lpc17xx_pinsel.o
 .debug_info    0x00000c5e      0x891 ./src/BT_Stack/Drivers/lpc17xx_timer.o
 .debug_info    0x000014ef     0x12e9 ./src/BT_Stack/Drivers/lpc17xx_uart.o
 .debug_info    0x000027d8     0x12d1 ./src/BT_Stack/att.o
 .debug_info    0x00003aa9      0x5ed ./src/BT_Stack/btstack_memory.o
 .debug_info    0x00004096      0x3f8 ./src/BT_Stack/hal_cpu.o
 .debug_info    0x0000448e      0x69b ./src/BT_Stack/hal_tick.o
 .debug_info    0x00004b29      0xa2b ./src/BT_Stack/hal_uart_dma.o
 .debug_info    0x00005554     0x1661 ./src/BT_Stack/hci.o
 .debug_info    0x00006bb5      0x996 ./src/BT_Stack/hci_cmds.o
 .debug_info    0x0000754b      0x193 ./src/BT_Stack/hci_dump.o
 .debug_info    0x000076de      0x5cd ./src/BT_Stack/hci_transport_h4_dma.o
 .debug_info    0x00007cab     0x16aa ./src/BT_Stack/l2cap.o
 .debug_info    0x00009355      0x257 ./src/BT_Stack/l2cap_signaling.o
 .debug_info    0x000095ac      0x250 ./src/BT_Stack/linked_list.o
 .debug_info    0x000097fc      0x1ba ./src/BT_Stack/memory_pool.o
 .debug_info    0x000099b6      0x647 ./src/BT_Stack/remote_device_db_memory.o
 .debug_info    0x00009ffd     0x1f3f ./src/BT_Stack/rfcomm.o
 .debug_info    0x0000bf3c      0x424 ./src/BT_Stack/run_loop.o
 .debug_info    0x0000c360      0x499 ./src/BT_Stack/run_loop_embedded.o
 .debug_info    0x0000c7f9     0x1335 ./src/BT_Stack/sdp_util.o
 .debug_info    0x0000db2e      0x3e2 ./src/BT_Stack/utils.o
 .debug_info    0x0000df10      0x2dd ./src/cr_startup_lpc176x.o
 .debug_info    0x0000e1ed      0x78d ./src/main.o
 .debug_info    0x0000e97a      0x38f /home/chuby/Dropbox/WorkSpace/CMSISv2p00_LPC17xx/Debug/libCMSISv2p00_LPC17xx.a(system_LPC17xx.o)

.debug_abbrev   0x00000000     0x2649
 .debug_abbrev  0x00000000      0x197 ./src/BT_Stack/Drivers/lpc17xx_clkpwr.o
 .debug_abbrev  0x00000197       0x6a ./src/BT_Stack/Drivers/lpc17xx_libcfg_default.o
 .debug_abbrev  0x00000201      0x11f ./src/BT_Stack/Drivers/lpc17xx_pinsel.o
 .debug_abbrev  0x00000320      0x1b6 ./src/BT_Stack/Drivers/lpc17xx_timer.o
 .debug_abbrev  0x000004d6      0x1d0 ./src/BT_Stack/Drivers/lpc17xx_uart.o
 .debug_abbrev  0x000006a6      0x1c4 ./src/BT_Stack/att.o
 .debug_abbrev  0x0000086a      0x177 ./src/BT_Stack/btstack_memory.o
 .debug_abbrev  0x000009e1      0x132 ./src/BT_Stack/hal_cpu.o
 .debug_abbrev  0x00000b13      0x1b2 ./src/BT_Stack/hal_tick.o
 .debug_abbrev  0x00000cc5      0x18c ./src/BT_Stack/hal_uart_dma.o
 .debug_abbrev  0x00000e51      0x2ca ./src/BT_Stack/hci.o
 .debug_abbrev  0x0000111b      0x11c ./src/BT_Stack/hci_cmds.o
 .debug_abbrev  0x00001237       0xb0 ./src/BT_Stack/hci_dump.o
 .debug_abbrev  0x000012e7      0x1c5 ./src/BT_Stack/hci_transport_h4_dma.o
 .debug_abbrev  0x000014ac      0x279 ./src/BT_Stack/l2cap.o
 .debug_abbrev  0x00001725      0x124 ./src/BT_Stack/l2cap_signaling.o
 .debug_abbrev  0x00001849       0xdd ./src/BT_Stack/linked_list.o
 .debug_abbrev  0x00001926       0xdb ./src/BT_Stack/memory_pool.o
 .debug_abbrev  0x00001a01      0x148 ./src/BT_Stack/remote_device_db_memory.o
 .debug_abbrev  0x00001b49      0x1f1 ./src/BT_Stack/rfcomm.o
 .debug_abbrev  0x00001d3a      0x147 ./src/BT_Stack/run_loop.o
 .debug_abbrev  0x00001e81      0x171 ./src/BT_Stack/run_loop_embedded.o
 .debug_abbrev  0x00001ff2      0x1eb ./src/BT_Stack/sdp_util.o
 .debug_abbrev  0x000021dd       0xd0 ./src/BT_Stack/utils.o
 .debug_abbrev  0x000022ad      0x12b ./src/cr_startup_lpc176x.o
 .debug_abbrev  0x000023d8      0x18e ./src/main.o
 .debug_abbrev  0x00002566       0xe3 /home/chuby/Dropbox/WorkSpace/CMSISv2p00_LPC17xx/Debug/libCMSISv2p00_LPC17xx.a(system_LPC17xx.o)

.debug_loc      0x00000000     0x5bd8
 .debug_loc     0x00000000      0x190 ./src/BT_Stack/Drivers/lpc17xx_clkpwr.o
 .debug_loc     0x00000190       0x38 ./src/BT_Stack/Drivers/lpc17xx_libcfg_default.o
 .debug_loc     0x000001c8      0x150 ./src/BT_Stack/Drivers/lpc17xx_pinsel.o
 .debug_loc     0x00000318      0x380 ./src/BT_Stack/Drivers/lpc17xx_timer.o
 .debug_loc     0x00000698      0x65a ./src/BT_Stack/Drivers/lpc17xx_uart.o
 .debug_loc     0x00000cf2      0x9ae ./src/BT_Stack/att.o
 .debug_loc     0x000016a0      0x3b0 ./src/BT_Stack/btstack_memory.o
 .debug_loc     0x00001a50      0x12c ./src/BT_Stack/hal_cpu.o
 .debug_loc     0x00001b7c      0x120 ./src/BT_Stack/hal_tick.o
 .debug_loc     0x00001c9c      0x22c ./src/BT_Stack/hal_uart_dma.o
 .debug_loc     0x00001ec8      0x9f6 ./src/BT_Stack/hci.o
 .debug_loc     0x000028be       0x7c ./src/BT_Stack/hci_cmds.o
 .debug_loc     0x0000293a       0xd4 ./src/BT_Stack/hci_dump.o
 .debug_loc     0x00002a0e      0x290 ./src/BT_Stack/hci_transport_h4_dma.o
 .debug_loc     0x00002c9e      0x9fc ./src/BT_Stack/l2cap.o
 .debug_loc     0x0000369a       0x90 ./src/BT_Stack/l2cap_signaling.o
 .debug_loc     0x0000372a      0x188 ./src/BT_Stack/linked_list.o
 .debug_loc     0x000038b2       0xa8 ./src/BT_Stack/memory_pool.o
 .debug_loc     0x0000395a      0x218 ./src/BT_Stack/remote_device_db_memory.o
 .debug_loc     0x00003b72      0xf02 ./src/BT_Stack/rfcomm.o
 .debug_loc     0x00004a74      0x20c ./src/BT_Stack/run_loop.o
 .debug_loc     0x00004c80      0x264 ./src/BT_Stack/run_loop_embedded.o
 .debug_loc     0x00004ee4      0x851 ./src/BT_Stack/sdp_util.o
 .debug_loc     0x00005735      0x2a0 ./src/BT_Stack/utils.o
 .debug_loc     0x000059d5      0x102 ./src/cr_startup_lpc176x.o
 .debug_loc     0x00005ad7       0xe1 ./src/main.o
 .debug_loc     0x00005bb8       0x20 /home/chuby/Dropbox/WorkSpace/CMSISv2p00_LPC17xx/Debug/libCMSISv2p00_LPC17xx.a(system_LPC17xx.o)

.debug_aranges  0x00000000     0x1050
 .debug_aranges
                0x00000000       0x58 ./src/BT_Stack/Drivers/lpc17xx_clkpwr.o
 .debug_aranges
                0x00000058       0x20 ./src/BT_Stack/Drivers/lpc17xx_libcfg_default.o
 .debug_aranges
                0x00000078       0x48 ./src/BT_Stack/Drivers/lpc17xx_pinsel.o
 .debug_aranges
                0x000000c0       0x98 ./src/BT_Stack/Drivers/lpc17xx_timer.o
 .debug_aranges
                0x00000158      0x100 ./src/BT_Stack/Drivers/lpc17xx_uart.o
 .debug_aranges
                0x00000258      0x178 ./src/BT_Stack/att.o
 .debug_aranges
                0x000003d0       0xb0 ./src/BT_Stack/btstack_memory.o
 .debug_aranges
                0x00000480       0x48 ./src/BT_Stack/hal_cpu.o
 .debug_aranges
                0x000004c8       0x48 ./src/BT_Stack/hal_tick.o
 .debug_aranges
                0x00000510       0x70 ./src/BT_Stack/hal_uart_dma.o
 .debug_aranges
                0x00000580      0x190 ./src/BT_Stack/hci.o
 .debug_aranges
                0x00000710       0x28 ./src/BT_Stack/hci_cmds.o
 .debug_aranges
                0x00000738       0x38 ./src/BT_Stack/hci_dump.o
 .debug_aranges
                0x00000770       0x80 ./src/BT_Stack/hci_transport_h4_dma.o
 .debug_aranges
                0x000007f0      0x188 ./src/BT_Stack/l2cap.o
 .debug_aranges
                0x00000978       0x30 ./src/BT_Stack/l2cap_signaling.o
 .debug_aranges
                0x000009a8       0x50 ./src/BT_Stack/linked_list.o
 .debug_aranges
                0x000009f8       0x30 ./src/BT_Stack/memory_pool.o
 .debug_aranges
                0x00000a28       0x68 ./src/BT_Stack/remote_device_db_memory.o
 .debug_aranges
                0x00000a90      0x240 ./src/BT_Stack/rfcomm.o
 .debug_aranges
                0x00000cd0       0x68 ./src/BT_Stack/run_loop.o
 .debug_aranges
                0x00000d38       0x78 ./src/BT_Stack/run_loop_embedded.o
 .debug_aranges
                0x00000db0      0x148 ./src/BT_Stack/sdp_util.o
 .debug_aranges
                0x00000ef8       0x78 ./src/BT_Stack/utils.o
 .debug_aranges
                0x00000f70       0x80 ./src/cr_startup_lpc176x.o
 .debug_aranges
                0x00000ff0       0x38 ./src/main.o
 .debug_aranges
                0x00001028       0x28 /home/chuby/Dropbox/WorkSpace/CMSISv2p00_LPC17xx/Debug/libCMSISv2p00_LPC17xx.a(system_LPC17xx.o)

.debug_ranges   0x00000000      0xfa8
 .debug_ranges  0x00000000       0x48 ./src/BT_Stack/Drivers/lpc17xx_clkpwr.o
 .debug_ranges  0x00000048       0x10 ./src/BT_Stack/Drivers/lpc17xx_libcfg_default.o
 .debug_ranges  0x00000058       0x38 ./src/BT_Stack/Drivers/lpc17xx_pinsel.o
 .debug_ranges  0x00000090       0x88 ./src/BT_Stack/Drivers/lpc17xx_timer.o
 .debug_ranges  0x00000118       0xf0 ./src/BT_Stack/Drivers/lpc17xx_uart.o
 .debug_ranges  0x00000208      0x1b0 ./src/BT_Stack/att.o
 .debug_ranges  0x000003b8       0xa0 ./src/BT_Stack/btstack_memory.o
 .debug_ranges  0x00000458       0x38 ./src/BT_Stack/hal_cpu.o
 .debug_ranges  0x00000490       0x38 ./src/BT_Stack/hal_tick.o
 .debug_ranges  0x000004c8       0x60 ./src/BT_Stack/hal_uart_dma.o
 .debug_ranges  0x00000528      0x180 ./src/BT_Stack/hci.o
 .debug_ranges  0x000006a8       0x18 ./src/BT_Stack/hci_cmds.o
 .debug_ranges  0x000006c0       0x28 ./src/BT_Stack/hci_dump.o
 .debug_ranges  0x000006e8       0x70 ./src/BT_Stack/hci_transport_h4_dma.o
 .debug_ranges  0x00000758      0x1d8 ./src/BT_Stack/l2cap.o
 .debug_ranges  0x00000930       0x20 ./src/BT_Stack/l2cap_signaling.o
 .debug_ranges  0x00000950       0x40 ./src/BT_Stack/linked_list.o
 .debug_ranges  0x00000990       0x20 ./src/BT_Stack/memory_pool.o
 .debug_ranges  0x000009b0       0x58 ./src/BT_Stack/remote_device_db_memory.o
 .debug_ranges  0x00000a08      0x230 ./src/BT_Stack/rfcomm.o
 .debug_ranges  0x00000c38       0x58 ./src/BT_Stack/run_loop.o
 .debug_ranges  0x00000c90       0x98 ./src/BT_Stack/run_loop_embedded.o
 .debug_ranges  0x00000d28      0x168 ./src/BT_Stack/sdp_util.o
 .debug_ranges  0x00000e90       0x68 ./src/BT_Stack/utils.o
 .debug_ranges  0x00000ef8       0x70 ./src/cr_startup_lpc176x.o
 .debug_ranges  0x00000f68       0x28 ./src/main.o
 .debug_ranges  0x00000f90       0x18 /home/chuby/Dropbox/WorkSpace/CMSISv2p00_LPC17xx/Debug/libCMSISv2p00_LPC17xx.a(system_LPC17xx.o)

.debug_line     0x00000000     0xa2e7
 .debug_line    0x00000000      0x4e7 ./src/BT_Stack/Drivers/lpc17xx_clkpwr.o
 .debug_line    0x000004e7      0x390 ./src/BT_Stack/Drivers/lpc17xx_libcfg_default.o
 .debug_line    0x00000877      0x47f ./src/BT_Stack/Drivers/lpc17xx_pinsel.o
 .debug_line    0x00000cf6      0x7a3 ./src/BT_Stack/Drivers/lpc17xx_timer.o
 .debug_line    0x00001499      0xb34 ./src/BT_Stack/Drivers/lpc17xx_uart.o
 .debug_line    0x00001fcd      0x8d9 ./src/BT_Stack/att.o
 .debug_line    0x000028a6      0x5a9 ./src/BT_Stack/btstack_memory.o
 .debug_line    0x00002e4f      0x487 ./src/BT_Stack/hal_cpu.o
 .debug_line    0x000032d6      0x4a6 ./src/BT_Stack/hal_tick.o
 .debug_line    0x0000377c      0x500 ./src/BT_Stack/hal_uart_dma.o
 .debug_line    0x00003c7c      0xb03 ./src/BT_Stack/hci.o
 .debug_line    0x0000477f      0x4a0 ./src/BT_Stack/hci_cmds.o
 .debug_line    0x00004c1f      0x44c ./src/BT_Stack/hci_dump.o
 .debug_line    0x0000506b      0x592 ./src/BT_Stack/hci_transport_h4_dma.o
 .debug_line    0x000055fd      0xac1 ./src/BT_Stack/l2cap.o
 .debug_line    0x000060be      0x40f ./src/BT_Stack/l2cap_signaling.o
 .debug_line    0x000064cd      0x38b ./src/BT_Stack/linked_list.o
 .debug_line    0x00006858      0x3a3 ./src/BT_Stack/memory_pool.o
 .debug_line    0x00006bfb      0x509 ./src/BT_Stack/remote_device_db_memory.o
 .debug_line    0x00007104      0xdab ./src/BT_Stack/rfcomm.o
 .debug_line    0x00007eaf      0x47a ./src/BT_Stack/run_loop.o
 .debug_line    0x00008329      0x506 ./src/BT_Stack/run_loop_embedded.o
 .debug_line    0x0000882f      0x7ca ./src/BT_Stack/sdp_util.o
 .debug_line    0x00008ff9      0x482 ./src/BT_Stack/utils.o
 .debug_line    0x0000947b      0x3d5 ./src/cr_startup_lpc176x.o
 .debug_line    0x00009850      0x692 ./src/main.o
 .debug_line    0x00009ee2      0x405 /home/chuby/Dropbox/WorkSpace/CMSISv2p00_LPC17xx/Debug/libCMSISv2p00_LPC17xx.a(system_LPC17xx.o)

.debug_macinfo  0x00000000    0xafd90
 .debug_macinfo
                0x00000000     0x9763 ./src/BT_Stack/Drivers/lpc17xx_clkpwr.o
 .debug_macinfo
                0x00009763     0x401b ./src/BT_Stack/Drivers/lpc17xx_libcfg_default.o
 .debug_macinfo
                0x0000d77e     0x8914 ./src/BT_Stack/Drivers/lpc17xx_pinsel.o
 .debug_macinfo
                0x00016092     0xa629 ./src/BT_Stack/Drivers/lpc17xx_timer.o
 .debug_macinfo
                0x000206bb     0xb6cf ./src/BT_Stack/Drivers/lpc17xx_uart.o
 .debug_macinfo
                0x0002bd8a     0x466d ./src/BT_Stack/att.o
 .debug_macinfo
                0x000303f7     0x61d2 ./src/BT_Stack/btstack_memory.o
 .debug_macinfo
                0x000365c9     0x9767 ./src/BT_Stack/hal_cpu.o
 .debug_macinfo
                0x0003fd30     0x8ce1 ./src/BT_Stack/hal_tick.o
 .debug_macinfo
                0x00048a11     0x9cc6 ./src/BT_Stack/hal_uart_dma.o
 .debug_macinfo
                0x000526d7     0x6483 ./src/BT_Stack/hci.o
 .debug_macinfo
                0x00058b5a     0x63e4 ./src/BT_Stack/hci_cmds.o
 .debug_macinfo
                0x0005ef3e     0x5fc1 ./src/BT_Stack/hci_dump.o
 .debug_macinfo
                0x00064eff     0x62d4 ./src/BT_Stack/hci_transport_h4_dma.o
 .debug_macinfo
                0x0006b1d3     0x65a1 ./src/BT_Stack/l2cap.o
 .debug_macinfo
                0x00071774     0x526f ./src/BT_Stack/l2cap_signaling.o
 .debug_macinfo
                0x000769e3     0x297c ./src/BT_Stack/linked_list.o
 .debug_macinfo
                0x0007935f     0x2984 ./src/BT_Stack/memory_pool.o
 .debug_macinfo
                0x0007bce3     0x47cd ./src/BT_Stack/remote_device_db_memory.o
 .debug_macinfo
                0x000804b0     0x6798 ./src/BT_Stack/rfcomm.o
 .debug_macinfo
                0x00086c48     0x450b ./src/BT_Stack/run_loop.o
 .debug_macinfo
                0x0008b153     0x4392 ./src/BT_Stack/run_loop_embedded.o
 .debug_macinfo
                0x0008f4e5     0x499d ./src/BT_Stack/sdp_util.o
 .debug_macinfo
                0x00093e82     0x4880 ./src/BT_Stack/utils.o
 .debug_macinfo
                0x00098702     0x3d45 ./src/cr_startup_lpc176x.o
 .debug_macinfo
                0x0009c447     0xb418 ./src/main.o
 .debug_macinfo
                0x000a785f     0x8531 /home/chuby/Dropbox/WorkSpace/CMSISv2p00_LPC17xx/Debug/libCMSISv2p00_LPC17xx.a(system_LPC17xx.o)

.debug_str      0x00000000     0x6758
 .debug_str     0x00000000      0x39e ./src/BT_Stack/Drivers/lpc17xx_clkpwr.o
                                0x3cd (size before relaxing)
 .debug_str     0x0000039e       0x43 ./src/BT_Stack/Drivers/lpc17xx_libcfg_default.o
                                0x154 (size before relaxing)
 .debug_str     0x000003e1      0x253 ./src/BT_Stack/Drivers/lpc17xx_pinsel.o
                                0x3a6 (size before relaxing)
 .debug_str     0x00000634      0x467 ./src/BT_Stack/Drivers/lpc17xx_timer.o
                                0x5d4 (size before relaxing)
 .debug_str     0x00000a9b      0x9aa ./src/BT_Stack/Drivers/lpc17xx_uart.o
                                0xba3 (size before relaxing)
 .debug_str     0x00001445      0x616 ./src/BT_Stack/att.o
                                0x7c8 (size before relaxing)
 .debug_str     0x00001a5b      0x637 ./src/BT_Stack/btstack_memory.o
                                0x7bb (size before relaxing)
 .debug_str     0x00002092      0x2dd ./src/BT_Stack/hal_cpu.o
                                0x43d (size before relaxing)
 .debug_str     0x0000236f       0x88 ./src/BT_Stack/hal_tick.o
                                0x608 (size before relaxing)
 .debug_str     0x000023f7      0x19b ./src/BT_Stack/hal_uart_dma.o
                                0x655 (size before relaxing)
 .debug_str     0x00002592      0x93f ./src/BT_Stack/hci.o
                                0xece (size before relaxing)
 .debug_str     0x00002ed1      0x997 ./src/BT_Stack/hci_cmds.o
                                0xc60 (size before relaxing)
 .debug_str     0x00003868       0xa5 ./src/BT_Stack/hci_dump.o
                                0x1cb (size before relaxing)
 .debug_str     0x0000390d      0x244 ./src/BT_Stack/hci_transport_h4_dma.o
                                0x484 (size before relaxing)
 .debug_str     0x00003b51      0xb39 ./src/BT_Stack/l2cap.o
                               0x107c (size before relaxing)
 .debug_str     0x0000468a       0x94 ./src/BT_Stack/l2cap_signaling.o
                                0x2e8 (size before relaxing)
 .debug_str     0x0000471e       0xb5 ./src/BT_Stack/linked_list.o
                                0x1bf (size before relaxing)
 .debug_str     0x000047d3       0x7d ./src/BT_Stack/memory_pool.o
                                0x169 (size before relaxing)
 .debug_str     0x00004850       0xec ./src/BT_Stack/remote_device_db_memory.o
                                0x33a (size before relaxing)
 .debug_str     0x0000493c     0x10ca ./src/BT_Stack/rfcomm.o
                               0x140a (size before relaxing)
 .debug_str     0x00005a06      0x160 ./src/BT_Stack/run_loop.o
                                0x335 (size before relaxing)
 .debug_str     0x00005b66      0x169 ./src/BT_Stack/run_loop_embedded.o
                                0x36a (size before relaxing)
 .debug_str     0x00005ccf      0x75d ./src/BT_Stack/sdp_util.o
                                0x958 (size before relaxing)
 .debug_str     0x0000642c       0xc3 ./src/BT_Stack/utils.o
                                0x21d (size before relaxing)
 .debug_str     0x000064ef      0x172 ./src/cr_startup_lpc176x.o
                                0x273 (size before relaxing)
 .debug_str     0x00006661       0x87 ./src/main.o
                                0x5a2 (size before relaxing)
 .debug_str     0x000066e8       0x70 /home/chuby/Dropbox/WorkSpace/CMSISv2p00_LPC17xx/Debug/libCMSISv2p00_LPC17xx.a(system_LPC17xx.o)
                                0x2aa (size before relaxing)

.comment        0x00000000       0xe0
 .comment       0x00000000       0x70 ./src/BT_Stack/Drivers/lpc17xx_clkpwr.o
                                 0x71 (size before relaxing)
 .comment       0x00000000       0x71 ./src/BT_Stack/Drivers/lpc17xx_libcfg_default.o
 .comment       0x00000000       0x71 ./src/BT_Stack/Drivers/lpc17xx_pinsel.o
 .comment       0x00000000       0x71 ./src/BT_Stack/Drivers/lpc17xx_timer.o
 .comment       0x00000000       0x71 ./src/BT_Stack/Drivers/lpc17xx_uart.o
 .comment       0x00000000       0x71 ./src/BT_Stack/att.o
 .comment       0x00000000       0x71 ./src/BT_Stack/btstack_memory.o
 .comment       0x00000000       0x71 ./src/BT_Stack/hal_cpu.o
 .comment       0x00000000       0x71 ./src/BT_Stack/hal_tick.o
 .comment       0x00000000       0x71 ./src/BT_Stack/hal_uart_dma.o
 .comment       0x00000000       0x71 ./src/BT_Stack/hci.o
 .comment       0x00000000       0x71 ./src/BT_Stack/hci_cmds.o
 .comment       0x00000000       0x71 ./src/BT_Stack/hci_dump.o
 .comment       0x00000000       0x71 ./src/BT_Stack/hci_transport_h4_dma.o
 .comment       0x00000000       0x71 ./src/BT_Stack/l2cap.o
 .comment       0x00000000       0x71 ./src/BT_Stack/l2cap_signaling.o
 .comment       0x00000000       0x71 ./src/BT_Stack/linked_list.o
 .comment       0x00000000       0x71 ./src/BT_Stack/memory_pool.o
 .comment       0x00000000       0x71 ./src/BT_Stack/remote_device_db_memory.o
 .comment       0x00000000       0x71 ./src/BT_Stack/rfcomm.o
 .comment       0x00000000       0x71 ./src/BT_Stack/run_loop.o
 .comment       0x00000000       0x71 ./src/BT_Stack/run_loop_embedded.o
 .comment       0x00000000       0x71 ./src/BT_Stack/sdp_util.o
 .comment       0x00000000       0x71 ./src/BT_Stack/utils.o
 .comment       0x00000000       0x71 ./src/cr_startup_lpc176x.o
 .comment       0x00000000       0x71 ./src/main.o
 .comment       0x00000000       0x71 /home/chuby/Dropbox/WorkSpace/CMSISv2p00_LPC17xx/Debug/libCMSISv2p00_LPC17xx.a(system_LPC17xx.o)
 .comment       0x00000070       0x70 /usr/local/lpcxpresso_5.1.2_2065/lpcxpresso/tools/bin/../lib/gcc/arm-none-eabi/4.6.2/../../../../arm-none-eabi/lib/armv7-m/libcr_semihost.a(_cr__main.o)
                                 0x71 (size before relaxing)
 .comment       0x00000000       0x71 /usr/local/lpcxpresso_5.1.2_2065/lpcxpresso/tools/bin/../lib/gcc/arm-none-eabi/4.6.2/../../../../arm-none-eabi/lib/armv7-m/libcr_c.a(memcpy.o)
 .comment       0x00000000       0x71 /usr/local/lpcxpresso_5.1.2_2065/lpcxpresso/tools/bin/../lib/gcc/arm-none-eabi/4.6.2/../../../../arm-none-eabi/lib/armv7-m/libcr_c.a(memset.o)
 .comment       0x00000000       0x71 /usr/local/lpcxpresso_5.1.2_2065/lpcxpresso/tools/bin/../lib/gcc/arm-none-eabi/4.6.2/../../../../arm-none-eabi/lib/armv7-m/libcr_c.a(fpprintf.o)
 .comment       0x00000000       0x71 /usr/local/lpcxpresso_5.1.2_2065/lpcxpresso/tools/bin/../lib/gcc/arm-none-eabi/4.6.2/../../../../arm-none-eabi/lib/armv7-m/libcr_c.a(initio.o)
 .comment       0x00000000       0x71 /usr/local/lpcxpresso_5.1.2_2065/lpcxpresso/tools/bin/../lib/gcc/arm-none-eabi/4.6.2/../../../../arm-none-eabi/lib/armv7-m/libcr_c.a(memcmp.o)
 .comment       0x00000000       0x71 /usr/local/lpcxpresso_5.1.2_2065/lpcxpresso/tools/bin/../lib/gcc/arm-none-eabi/4.6.2/../../../../arm-none-eabi/lib/armv7-m/libcr_c.a(printf.o)
 .comment       0x00000000       0x71 /usr/local/lpcxpresso_5.1.2_2065/lpcxpresso/tools/bin/../lib/gcc/arm-none-eabi/4.6.2/../../../../arm-none-eabi/lib/armv7-m/libcr_c.a(setvbuf.o)
 .comment       0x00000000       0x71 /usr/local/lpcxpresso_5.1.2_2065/lpcxpresso/tools/bin/../lib/gcc/arm-none-eabi/4.6.2/../../../../arm-none-eabi/lib/armv7-m/libcr_c.a(stdio.o)
 .comment       0x00000000       0x71 /usr/local/lpcxpresso_5.1.2_2065/lpcxpresso/tools/bin/../lib/gcc/arm-none-eabi/4.6.2/../../../../arm-none-eabi/lib/armv7-m/libcr_c.a(strlen.o)
 .comment       0x00000000       0x71 /usr/local/lpcxpresso_5.1.2_2065/lpcxpresso/tools/bin/../lib/gcc/arm-none-eabi/4.6.2/../../../../arm-none-eabi/lib/armv7-m/libcr_c.a(strncmp.o)
 .comment       0x00000000       0x71 /usr/local/lpcxpresso_5.1.2_2065/lpcxpresso/tools/bin/../lib/gcc/arm-none-eabi/4.6.2/../../../../arm-none-eabi/lib/armv7-m/libcr_c.a(strncpy.o)
 .comment       0x00000000       0x71 /usr/local/lpcxpresso_5.1.2_2065/lpcxpresso/tools/bin/../lib/gcc/arm-none-eabi/4.6.2/../../../../arm-none-eabi/lib/armv7-m/libcr_c.a(__fillbuf.o)
 .comment       0x00000000       0x71 /usr/local/lpcxpresso_5.1.2_2065/lpcxpresso/tools/bin/../lib/gcc/arm-none-eabi/4.6.2/../../../../arm-none-eabi/lib/armv7-m/libcr_c.a(_deferredlazyseek.o)
 .comment       0x00000000       0x71 /usr/local/lpcxpresso_5.1.2_2065/lpcxpresso/tools/bin/../lib/gcc/arm-none-eabi/4.6.2/../../../../arm-none-eabi/lib/armv7-m/libcr_c.a(_fdopen.o)
 .comment       0x00000000       0x71 /usr/local/lpcxpresso_5.1.2_2065/lpcxpresso/tools/bin/../lib/gcc/arm-none-eabi/4.6.2/../../../../arm-none-eabi/lib/armv7-m/libcr_c.a(_fflush.o)
 .comment       0x00000000       0x71 /usr/local/lpcxpresso_5.1.2_2065/lpcxpresso/tools/bin/../lib/gcc/arm-none-eabi/4.6.2/../../../../arm-none-eabi/lib/armv7-m/libcr_c.a(_frexpl.o)
 .comment       0x00000000       0x71 /usr/local/lpcxpresso_5.1.2_2065/lpcxpresso/tools/bin/../lib/gcc/arm-none-eabi/4.6.2/../../../../arm-none-eabi/lib/armv7-m/libcr_c.a(_ldexpl.o)
 .comment       0x00000000       0x71 /usr/local/lpcxpresso_5.1.2_2065/lpcxpresso/tools/bin/../lib/gcc/arm-none-eabi/4.6.2/../../../../arm-none-eabi/lib/armv7-m/libcr_c.a(_writebuf.o)
 .comment       0x00000000       0x71 /usr/local/lpcxpresso_5.1.2_2065/lpcxpresso/tools/bin/../lib/gcc/arm-none-eabi/4.6.2/../../../../arm-none-eabi/lib/armv7-m/libcr_c.a(alloc.o)
 .comment       0x00000000       0x71 /usr/local/lpcxpresso_5.1.2_2065/lpcxpresso/tools/bin/../lib/gcc/arm-none-eabi/4.6.2/../../../../arm-none-eabi/lib/armv7-m/libcr_c.a(errno.o)
 .comment       0x00000000       0x71 /usr/local/lpcxpresso_5.1.2_2065/lpcxpresso/tools/bin/../lib/gcc/arm-none-eabi/4.6.2/../../../../arm-none-eabi/lib/armv7-m/libcr_c.a(fclose.o)
 .comment       0x00000000       0x71 /usr/local/lpcxpresso_5.1.2_2065/lpcxpresso/tools/bin/../lib/gcc/arm-none-eabi/4.6.2/../../../../arm-none-eabi/lib/armv7-m/libcr_c.a(fflush.o)
 .comment       0x00000000       0x71 /usr/local/lpcxpresso_5.1.2_2065/lpcxpresso/tools/bin/../lib/gcc/arm-none-eabi/4.6.2/../../../../arm-none-eabi/lib/armv7-m/libcr_c.a(fseek.o)
 .comment       0x00000000       0x71 /usr/local/lpcxpresso_5.1.2_2065/lpcxpresso/tools/bin/../lib/gcc/arm-none-eabi/4.6.2/../../../../arm-none-eabi/lib/armv7-m/libcr_c.a(ftell.o)
 .comment       0x00000000       0x71 /usr/local/lpcxpresso_5.1.2_2065/lpcxpresso/tools/bin/../lib/gcc/arm-none-eabi/4.6.2/../../../../arm-none-eabi/lib/armv7-m/libcr_c.a(remove.o)
 .comment       0x00000000       0x71 /usr/local/lpcxpresso_5.1.2_2065/lpcxpresso/tools/bin/../lib/gcc/arm-none-eabi/4.6.2/../../../../arm-none-eabi/lib/armv7-m/libcr_c.a(__init_alloc.o)
 .comment       0x00000000       0x71 /usr/local/lpcxpresso_5.1.2_2065/lpcxpresso/tools/bin/../lib/gcc/arm-none-eabi/4.6.2/../../../../arm-none-eabi/lib/armv7-m/libcr_c.a(_do_fflush.o)
 .comment       0x00000000       0x71 /usr/local/lpcxpresso_5.1.2_2065/lpcxpresso/tools/bin/../lib/gcc/arm-none-eabi/4.6.2/../../../../arm-none-eabi/lib/armv7-m/libcr_c.a(_hugeval.o)
 .comment       0x00000000       0x71 /usr/local/lpcxpresso_5.1.2_2065/lpcxpresso/tools/bin/../lib/gcc/arm-none-eabi/4.6.2/armv7-m/libcr_eabihelpers.a(double.o)
 .comment       0x00000000       0x71 /usr/local/lpcxpresso_5.1.2_2065/lpcxpresso/tools/bin/../lib/gcc/arm-none-eabi/4.6.2/../../../../arm-none-eabi/lib/armv7-m/libcr_semihost.a(_cr_sbrk.o)
 .comment       0x00000000       0x71 /usr/local/lpcxpresso_5.1.2_2065/lpcxpresso/tools/bin/../lib/gcc/arm-none-eabi/4.6.2/../../../../arm-none-eabi/lib/armv7-m/libcr_semihost.a(_cr_check_heap.o)

.ARM.attributes
                0x00000000       0x31
 .ARM.attributes
                0x00000000       0x33 ./src/BT_Stack/Drivers/lpc17xx_clkpwr.o
 .ARM.attributes
                0x00000033       0x33 ./src/BT_Stack/Drivers/lpc17xx_libcfg_default.o
 .ARM.attributes
                0x00000066       0x33 ./src/BT_Stack/Drivers/lpc17xx_pinsel.o
 .ARM.attributes
                0x00000099       0x33 ./src/BT_Stack/Drivers/lpc17xx_timer.o
 .ARM.attributes
                0x000000cc       0x33 ./src/BT_Stack/Drivers/lpc17xx_uart.o
 .ARM.attributes
                0x000000ff       0x33 ./src/BT_Stack/att.o
 .ARM.attributes
                0x00000132       0x33 ./src/BT_Stack/btstack_memory.o
 .ARM.attributes
                0x00000165       0x33 ./src/BT_Stack/hal_cpu.o
 .ARM.attributes
                0x00000198       0x33 ./src/BT_Stack/hal_tick.o
 .ARM.attributes
                0x000001cb       0x33 ./src/BT_Stack/hal_uart_dma.o
 .ARM.attributes
                0x000001fe       0x33 ./src/BT_Stack/hci.o
 .ARM.attributes
                0x00000231       0x33 ./src/BT_Stack/hci_cmds.o
 .ARM.attributes
                0x00000264       0x33 ./src/BT_Stack/hci_dump.o
 .ARM.attributes
                0x00000297       0x33 ./src/BT_Stack/hci_transport_h4_dma.o
 .ARM.attributes
                0x000002ca       0x33 ./src/BT_Stack/l2cap.o
 .ARM.attributes
                0x000002fd       0x33 ./src/BT_Stack/l2cap_signaling.o
 .ARM.attributes
                0x00000330       0x33 ./src/BT_Stack/linked_list.o
 .ARM.attributes
                0x00000363       0x33 ./src/BT_Stack/memory_pool.o
 .ARM.attributes
                0x00000396       0x33 ./src/BT_Stack/remote_device_db_memory.o
 .ARM.attributes
                0x000003c9       0x33 ./src/BT_Stack/rfcomm.o
 .ARM.attributes
                0x000003fc       0x33 ./src/BT_Stack/run_loop.o
 .ARM.attributes
                0x0000042f       0x33 ./src/BT_Stack/run_loop_embedded.o
 .ARM.attributes
                0x00000462       0x33 ./src/BT_Stack/sdp_util.o
 .ARM.attributes
                0x00000495       0x33 ./src/BT_Stack/utils.o
 .ARM.attributes
                0x000004c8       0x33 ./src/cr_startup_lpc176x.o
 .ARM.attributes
                0x000004fb       0x33 ./src/main.o
 .ARM.attributes
                0x0000052e       0x33 /home/chuby/Dropbox/WorkSpace/CMSISv2p00_LPC17xx/Debug/libCMSISv2p00_LPC17xx.a(system_LPC17xx.o)
 .ARM.attributes
                0x00000561       0x33 /usr/local/lpcxpresso_5.1.2_2065/lpcxpresso/tools/bin/../lib/gcc/arm-none-eabi/4.6.2/../../../../arm-none-eabi/lib/armv7-m/libcr_semihost.a(_cr__main.o)
 .ARM.attributes
                0x00000594       0x33 /usr/local/lpcxpresso_5.1.2_2065/lpcxpresso/tools/bin/../lib/gcc/arm-none-eabi/4.6.2/../../../../arm-none-eabi/lib/armv7-m/libcr_c.a(memcpy.o)
 .ARM.attributes
                0x000005c7       0x33 /usr/local/lpcxpresso_5.1.2_2065/lpcxpresso/tools/bin/../lib/gcc/arm-none-eabi/4.6.2/../../../../arm-none-eabi/lib/armv7-m/libcr_c.a(memset.o)
 .ARM.attributes
                0x000005fa       0x33 /usr/local/lpcxpresso_5.1.2_2065/lpcxpresso/tools/bin/../lib/gcc/arm-none-eabi/4.6.2/../../../../arm-none-eabi/lib/armv7-m/libcr_c.a(fpprintf.o)
 .ARM.attributes
                0x0000062d       0x33 /usr/local/lpcxpresso_5.1.2_2065/lpcxpresso/tools/bin/../lib/gcc/arm-none-eabi/4.6.2/../../../../arm-none-eabi/lib/armv7-m/libcr_c.a(initio.o)
 .ARM.attributes
                0x00000660       0x33 /usr/local/lpcxpresso_5.1.2_2065/lpcxpresso/tools/bin/../lib/gcc/arm-none-eabi/4.6.2/../../../../arm-none-eabi/lib/armv7-m/libcr_c.a(memcmp.o)
 .ARM.attributes
                0x00000693       0x33 /usr/local/lpcxpresso_5.1.2_2065/lpcxpresso/tools/bin/../lib/gcc/arm-none-eabi/4.6.2/../../../../arm-none-eabi/lib/armv7-m/libcr_c.a(printf.o)
 .ARM.attributes
                0x000006c6       0x33 /usr/local/lpcxpresso_5.1.2_2065/lpcxpresso/tools/bin/../lib/gcc/arm-none-eabi/4.6.2/../../../../arm-none-eabi/lib/armv7-m/libcr_c.a(setvbuf.o)
 .ARM.attributes
                0x000006f9       0x33 /usr/local/lpcxpresso_5.1.2_2065/lpcxpresso/tools/bin/../lib/gcc/arm-none-eabi/4.6.2/../../../../arm-none-eabi/lib/armv7-m/libcr_c.a(stdio.o)
 .ARM.attributes
                0x0000072c       0x33 /usr/local/lpcxpresso_5.1.2_2065/lpcxpresso/tools/bin/../lib/gcc/arm-none-eabi/4.6.2/../../../../arm-none-eabi/lib/armv7-m/libcr_c.a(strlen.o)
 .ARM.attributes
                0x0000075f       0x33 /usr/local/lpcxpresso_5.1.2_2065/lpcxpresso/tools/bin/../lib/gcc/arm-none-eabi/4.6.2/../../../../arm-none-eabi/lib/armv7-m/libcr_c.a(strncmp.o)
 .ARM.attributes
                0x00000792       0x33 /usr/local/lpcxpresso_5.1.2_2065/lpcxpresso/tools/bin/../lib/gcc/arm-none-eabi/4.6.2/../../../../arm-none-eabi/lib/armv7-m/libcr_c.a(strncpy.o)
 .ARM.attributes
                0x000007c5       0x33 /usr/local/lpcxpresso_5.1.2_2065/lpcxpresso/tools/bin/../lib/gcc/arm-none-eabi/4.6.2/../../../../arm-none-eabi/lib/armv7-m/libcr_c.a(__fillbuf.o)
 .ARM.attributes
                0x000007f8       0x33 /usr/local/lpcxpresso_5.1.2_2065/lpcxpresso/tools/bin/../lib/gcc/arm-none-eabi/4.6.2/../../../../arm-none-eabi/lib/armv7-m/libcr_c.a(_deferredlazyseek.o)
 .ARM.attributes
                0x0000082b       0x33 /usr/local/lpcxpresso_5.1.2_2065/lpcxpresso/tools/bin/../lib/gcc/arm-none-eabi/4.6.2/../../../../arm-none-eabi/lib/armv7-m/libcr_c.a(_fdopen.o)
 .ARM.attributes
                0x0000085e       0x33 /usr/local/lpcxpresso_5.1.2_2065/lpcxpresso/tools/bin/../lib/gcc/arm-none-eabi/4.6.2/../../../../arm-none-eabi/lib/armv7-m/libcr_c.a(_fflush.o)
 .ARM.attributes
                0x00000891       0x33 /usr/local/lpcxpresso_5.1.2_2065/lpcxpresso/tools/bin/../lib/gcc/arm-none-eabi/4.6.2/../../../../arm-none-eabi/lib/armv7-m/libcr_c.a(_frexpl.o)
 .ARM.attributes
                0x000008c4       0x33 /usr/local/lpcxpresso_5.1.2_2065/lpcxpresso/tools/bin/../lib/gcc/arm-none-eabi/4.6.2/../../../../arm-none-eabi/lib/armv7-m/libcr_c.a(_ldexpl.o)
 .ARM.attributes
                0x000008f7       0x33 /usr/local/lpcxpresso_5.1.2_2065/lpcxpresso/tools/bin/../lib/gcc/arm-none-eabi/4.6.2/../../../../arm-none-eabi/lib/armv7-m/libcr_c.a(_writebuf.o)
 .ARM.attributes
                0x0000092a       0x33 /usr/local/lpcxpresso_5.1.2_2065/lpcxpresso/tools/bin/../lib/gcc/arm-none-eabi/4.6.2/../../../../arm-none-eabi/lib/armv7-m/libcr_c.a(alloc.o)
 .ARM.attributes
                0x0000095d       0x33 /usr/local/lpcxpresso_5.1.2_2065/lpcxpresso/tools/bin/../lib/gcc/arm-none-eabi/4.6.2/../../../../arm-none-eabi/lib/armv7-m/libcr_c.a(errno.o)
 .ARM.attributes
                0x00000990       0x33 /usr/local/lpcxpresso_5.1.2_2065/lpcxpresso/tools/bin/../lib/gcc/arm-none-eabi/4.6.2/../../../../arm-none-eabi/lib/armv7-m/libcr_c.a(fclose.o)
 .ARM.attributes
                0x000009c3       0x33 /usr/local/lpcxpresso_5.1.2_2065/lpcxpresso/tools/bin/../lib/gcc/arm-none-eabi/4.6.2/../../../../arm-none-eabi/lib/armv7-m/libcr_c.a(fflush.o)
 .ARM.attributes
                0x000009f6       0x33 /usr/local/lpcxpresso_5.1.2_2065/lpcxpresso/tools/bin/../lib/gcc/arm-none-eabi/4.6.2/../../../../arm-none-eabi/lib/armv7-m/libcr_c.a(fseek.o)
 .ARM.attributes
                0x00000a29       0x33 /usr/local/lpcxpresso_5.1.2_2065/lpcxpresso/tools/bin/../lib/gcc/arm-none-eabi/4.6.2/../../../../arm-none-eabi/lib/armv7-m/libcr_c.a(ftell.o)
 .ARM.attributes
                0x00000a5c       0x33 /usr/local/lpcxpresso_5.1.2_2065/lpcxpresso/tools/bin/../lib/gcc/arm-none-eabi/4.6.2/../../../../arm-none-eabi/lib/armv7-m/libcr_c.a(remove.o)
 .ARM.attributes
                0x00000a8f       0x33 /usr/local/lpcxpresso_5.1.2_2065/lpcxpresso/tools/bin/../lib/gcc/arm-none-eabi/4.6.2/../../../../arm-none-eabi/lib/armv7-m/libcr_c.a(__init_alloc.o)
 .ARM.attributes
                0x00000ac2       0x33 /usr/local/lpcxpresso_5.1.2_2065/lpcxpresso/tools/bin/../lib/gcc/arm-none-eabi/4.6.2/../../../../arm-none-eabi/lib/armv7-m/libcr_c.a(_do_fflush.o)
 .ARM.attributes
                0x00000af5       0x33 /usr/local/lpcxpresso_5.1.2_2065/lpcxpresso/tools/bin/../lib/gcc/arm-none-eabi/4.6.2/../../../../arm-none-eabi/lib/armv7-m/libcr_c.a(_hugeval.o)
 .ARM.attributes
                0x00000b28       0x21 /usr/local/lpcxpresso_5.1.2_2065/lpcxpresso/tools/bin/../lib/gcc/arm-none-eabi/4.6.2/armv7-m/libcr_eabihelpers.a(division.o)
 .ARM.attributes
                0x00000b49       0x33 /usr/local/lpcxpresso_5.1.2_2065/lpcxpresso/tools/bin/../lib/gcc/arm-none-eabi/4.6.2/armv7-m/libcr_eabihelpers.a(double.o)
 .ARM.attributes
                0x00000b7c       0x21 /usr/local/lpcxpresso_5.1.2_2065/lpcxpresso/tools/bin/../lib/gcc/arm-none-eabi/4.6.2/armv7-m/libcr_eabihelpers.a(memcpy.o)
 .ARM.attributes
                0x00000b9d       0x21 /usr/local/lpcxpresso_5.1.2_2065/lpcxpresso/tools/bin/../lib/gcc/arm-none-eabi/4.6.2/../../../../arm-none-eabi/lib/armv7-m/libcr_semihost.a(__sys_appexit.o)
 .ARM.attributes
                0x00000bbe       0x21 /usr/local/lpcxpresso_5.1.2_2065/lpcxpresso/tools/bin/../lib/gcc/arm-none-eabi/4.6.2/../../../../arm-none-eabi/lib/armv7-m/libcr_semihost.a(__sys_close.o)
 .ARM.attributes
                0x00000bdf       0x21 /usr/local/lpcxpresso_5.1.2_2065/lpcxpresso/tools/bin/../lib/gcc/arm-none-eabi/4.6.2/../../../../arm-none-eabi/lib/armv7-m/libcr_semihost.a(__sys_flen.o)
 .ARM.attributes
                0x00000c00       0x21 /usr/local/lpcxpresso_5.1.2_2065/lpcxpresso/tools/bin/../lib/gcc/arm-none-eabi/4.6.2/../../../../arm-none-eabi/lib/armv7-m/libcr_semihost.a(__sys_istty.o)
 .ARM.attributes
                0x00000c21       0x21 /usr/local/lpcxpresso_5.1.2_2065/lpcxpresso/tools/bin/../lib/gcc/arm-none-eabi/4.6.2/../../../../arm-none-eabi/lib/armv7-m/libcr_semihost.a(__sys_read.o)
 .ARM.attributes
                0x00000c42       0x21 /usr/local/lpcxpresso_5.1.2_2065/lpcxpresso/tools/bin/../lib/gcc/arm-none-eabi/4.6.2/../../../../arm-none-eabi/lib/armv7-m/libcr_semihost.a(__sys_readc.o)
 .ARM.attributes
                0x00000c63       0x21 /usr/local/lpcxpresso_5.1.2_2065/lpcxpresso/tools/bin/../lib/gcc/arm-none-eabi/4.6.2/../../../../arm-none-eabi/lib/armv7-m/libcr_semihost.a(__sys_remove.o)
 .ARM.attributes
                0x00000c84       0x21 /usr/local/lpcxpresso_5.1.2_2065/lpcxpresso/tools/bin/../lib/gcc/arm-none-eabi/4.6.2/../../../../arm-none-eabi/lib/armv7-m/libcr_semihost.a(__sys_rename.o)
 .ARM.attributes
                0x00000ca5       0x21 /usr/local/lpcxpresso_5.1.2_2065/lpcxpresso/tools/bin/../lib/gcc/arm-none-eabi/4.6.2/../../../../arm-none-eabi/lib/armv7-m/libcr_semihost.a(__sys_seek.o)
 .ARM.attributes
                0x00000cc6       0x21 /usr/local/lpcxpresso_5.1.2_2065/lpcxpresso/tools/bin/../lib/gcc/arm-none-eabi/4.6.2/../../../../arm-none-eabi/lib/armv7-m/libcr_semihost.a(__sys_tmpnam.o)
 .ARM.attributes
                0x00000ce7       0x21 /usr/local/lpcxpresso_5.1.2_2065/lpcxpresso/tools/bin/../lib/gcc/arm-none-eabi/4.6.2/../../../../arm-none-eabi/lib/armv7-m/libcr_semihost.a(__sys_write.o)
 .ARM.attributes
                0x00000d08       0x33 /usr/local/lpcxpresso_5.1.2_2065/lpcxpresso/tools/bin/../lib/gcc/arm-none-eabi/4.6.2/../../../../arm-none-eabi/lib/armv7-m/libcr_semihost.a(_cr_sbrk.o)
 .ARM.attributes
                0x00000d3b       0x33 /usr/local/lpcxpresso_5.1.2_2065/lpcxpresso/tools/bin/../lib/gcc/arm-none-eabi/4.6.2/../../../../arm-none-eabi/lib/armv7-m/libcr_semihost.a(_cr_check_heap.o)

.debug_frame    0x00000000     0x3554
 .debug_frame   0x00000000       0xe4 ./src/BT_Stack/Drivers/lpc17xx_clkpwr.o
 .debug_frame   0x000000e4       0x2c ./src/BT_Stack/Drivers/lpc17xx_libcfg_default.o
 .debug_frame   0x00000110       0xbc ./src/BT_Stack/Drivers/lpc17xx_pinsel.o
 .debug_frame   0x000001cc      0x208 ./src/BT_Stack/Drivers/lpc17xx_timer.o
 .debug_frame   0x000003d4      0x3a0 ./src/BT_Stack/Drivers/lpc17xx_uart.o
 .debug_frame   0x00000774      0x57c ./src/BT_Stack/att.o
 .debug_frame   0x00000cf0      0x210 ./src/BT_Stack/btstack_memory.o
 .debug_frame   0x00000f00       0xbc ./src/BT_Stack/hal_cpu.o
 .debug_frame   0x00000fbc       0xb0 ./src/BT_Stack/hal_tick.o
 .debug_frame   0x0000106c      0x14c ./src/BT_Stack/hal_uart_dma.o
 .debug_frame   0x000011b8      0x5b4 ./src/BT_Stack/hci.o
 .debug_frame   0x0000176c       0x58 ./src/BT_Stack/hci_cmds.o
 .debug_frame   0x000017c4       0x84 ./src/BT_Stack/hci_dump.o
 .debug_frame   0x00001848      0x188 ./src/BT_Stack/hci_transport_h4_dma.o
 .debug_frame   0x000019d0      0x5a8 ./src/BT_Stack/l2cap.o
 .debug_frame   0x00001f78       0x60 ./src/BT_Stack/l2cap_signaling.o
 .debug_frame   0x00001fd8       0xd4 ./src/BT_Stack/linked_list.o
 .debug_frame   0x000020ac       0x68 ./src/BT_Stack/memory_pool.o
 .debug_frame   0x00002114      0x140 ./src/BT_Stack/remote_device_db_memory.o
 .debug_frame   0x00002254      0x874 ./src/BT_Stack/rfcomm.o
 .debug_frame   0x00002ac8      0x138 ./src/BT_Stack/run_loop.o
 .debug_frame   0x00002c00      0x168 ./src/BT_Stack/run_loop_embedded.o
 .debug_frame   0x00002d68      0x4b8 ./src/BT_Stack/sdp_util.o
 .debug_frame   0x00003220      0x174 ./src/BT_Stack/utils.o
 .debug_frame   0x00003394       0xf4 ./src/cr_startup_lpc176x.o
 .debug_frame   0x00003488       0x90 ./src/main.o
 .debug_frame   0x00003518       0x3c /home/chuby/Dropbox/WorkSpace/CMSISv2p00_LPC17xx/Debug/libCMSISv2p00_LPC17xx.a(system_LPC17xx.o)