15:27:45 **** Build of configuration Debug for project EBN_Anchor_Node ****
make all 
Building file: ../src/att.c
Invoking: MCU C Compiler
arm-none-eabi-gcc -D__REDLIB__ -DDEBUG -D__CODE_RED -D__USE_CMSIS=CMSISv2p00_LPC17xx -I"/home/chuby/Dropbox/WorkSpace/CMSISv2p00_LPC17xx/inc" -O0 -g3 -Wall -c -fmessage-length=0 -fno-builtin -ffunction-sections -fdata-sections -mcpu=cortex-m3 -mthumb -MMD -MP -MF"src/att.d" -MT"src/att.d" -o "src/att.o" "../src/att.c"
Finished building: ../src/att.c
 
Building file: ../src/btstack_memory.c
Invoking: MCU C Compiler
arm-none-eabi-gcc -D__REDLIB__ -DDEBUG -D__CODE_RED -D__USE_CMSIS=CMSISv2p00_LPC17xx -I"/home/chuby/Dropbox/WorkSpace/CMSISv2p00_LPC17xx/inc" -O0 -g3 -Wall -c -fmessage-length=0 -fno-builtin -ffunction-sections -fdata-sections -mcpu=cortex-m3 -mthumb -MMD -MP -MF"src/btstack_memory.d" -MT"src/btstack_memory.d" -o "src/btstack_memory.o" "../src/btstack_memory.c"
Finished building: ../src/btstack_memory.c
 
Building file: ../src/cr_startup_lpc176x.c
Invoking: MCU C Compiler
arm-none-eabi-gcc -D__REDLIB__ -DDEBUG -D__CODE_RED -D__USE_CMSIS=CMSISv2p00_LPC17xx -I"/home/chuby/Dropbox/WorkSpace/CMSISv2p00_LPC17xx/inc" -Os -g3 -Wall -c -fmessage-length=0 -fno-builtin -ffunction-sections -fdata-sections -mcpu=cortex-m3 -mthumb -MMD -MP -MF"src/cr_startup_lpc176x.d" -MT"src/cr_startup_lpc176x.d" -o "src/cr_startup_lpc176x.o" "../src/cr_startup_lpc176x.c"
Finished building: ../src/cr_startup_lpc176x.c
 
Building file: ../src/hal_cpu.c
Invoking: MCU C Compiler
arm-none-eabi-gcc -D__REDLIB__ -DDEBUG -D__CODE_RED -D__USE_CMSIS=CMSISv2p00_LPC17xx -I"/home/chuby/Dropbox/WorkSpace/CMSISv2p00_LPC17xx/inc" -O0 -g3 -Wall -c -fmessage-length=0 -fno-builtin -ffunction-sections -fdata-sections -mcpu=cortex-m3 -mthumb -MMD -MP -MF"src/hal_cpu.d" -MT"src/hal_cpu.d" -o "src/hal_cpu.o" "../src/hal_cpu.c"
Finished building: ../src/hal_cpu.c
 
Building file: ../src/hal_tick.c
Invoking: MCU C Compiler
arm-none-eabi-gcc -D__REDLIB__ -DDEBUG -D__CODE_RED -D__USE_CMSIS=CMSISv2p00_LPC17xx -I"/home/chuby/Dropbox/WorkSpace/CMSISv2p00_LPC17xx/inc" -O0 -g3 -Wall -c -fmessage-length=0 -fno-builtin -ffunction-sections -fdata-sections -mcpu=cortex-m3 -mthumb -MMD -MP -MF"src/hal_tick.d" -MT"src/hal_tick.d" -o "src/hal_tick.o" "../src/hal_tick.c"
../src/hal_uart_dma.c: In function 'hal_uart_dma_enable_rx':
Finished building: ../src/hal_tick.c
../src/hal_uart_dma.c:27:2: warning: passing argument 1 of 'UART_FullModemForcePinState' from incompatible pointer type [enabled by default]
 
../src/lpc17xx_uart.h:616:6: note: expected 'struct LPC_UART1_TypeDef *' but argument is of type 'struct LPC_UART_TypeDef *'
Building file: ../src/hal_uart_dma.c
../src/hal_uart_dma.c: In function 'hal_uart_dma_disable_rx':
Invoking: MCU C Compiler
arm-none-eabi-gcc -D__REDLIB__ -DDEBUG -D__CODE_RED -D__USE_CMSIS=CMSISv2p00_LPC17xx -I"/home/chuby/Dropbox/WorkSpace/CMSISv2p00_LPC17xx/inc" -O0 -g3 -Wall -c -fmessage-length=0 -fno-builtin -ffunction-sections -fdata-sections -mcpu=cortex-m3 -mthumb -MMD -MP -MF"src/hal_uart_dma.d" -MT"src/hal_uart_dma.d" -o "src/hal_uart_dma.o" "../src/hal_uart_dma.c"
../src/hal_uart_dma.c:31:2: warning: passing argument 1 of 'UART_FullModemForcePinState' from incompatible pointer type [enabled by default]
Finished building: ../src/hal_uart_dma.c
../src/lpc17xx_uart.h:616:6: note: expected 'struct LPC_UART1_TypeDef *' but argument is of type 'struct LPC_UART_TypeDef *'
 
../src/hal_uart_dma.c: In function 'hal_uart_dma_send_block':
Building file: ../src/hci.c
Invoking: MCU C Compiler
arm-none-eabi-gcc -D__REDLIB__ -DDEBUG -D__CODE_RED -D__USE_CMSIS=CMSISv2p00_LPC17xx -I"/home/chuby/Dropbox/WorkSpace/CMSISv2p00_LPC17xx/inc" -O0 -g3 -Wall -c -fmessage-length=0 -fno-builtin -ffunction-sections -fdata-sections -mcpu=cortex-m3 -mthumb -MMD -MP -MF"src/hci.d" -MT"src/hci.d" -o "src/hci.o" "../src/hci.c"
../src/hal_uart_dma.c:77:2: warning: passing argument 1 of 'UART_Send' from incompatible pointer type [enabled by default]
Finished building: ../src/hci.c
../src/lpc17xx_uart.h:590:10: note: expected 'struct LPC_UART_TypeDef *' but argument is of type 'struct LPC_UART0_TypeDef *'
 
Building file: ../src/hci_cmds.c
Invoking: MCU C Compiler
arm-none-eabi-gcc -D__REDLIB__ -DDEBUG -D__CODE_RED -D__USE_CMSIS=CMSISv2p00_LPC17xx -I"/home/chuby/Dropbox/WorkSpace/CMSISv2p00_LPC17xx/inc" -O0 -g3 -Wall -c -fmessage-length=0 -fno-builtin -ffunction-sections -fdata-sections -mcpu=cortex-m3 -mthumb -MMD -MP -MF"src/hci_cmds.d" -MT"src/hci_cmds.d" -o "src/hci_cmds.o" "../src/hci_cmds.c"
Finished building: ../src/hci_cmds.c
 
Building file: ../src/hci_dump.c
Invoking: MCU C Compiler
arm-none-eabi-gcc -D__REDLIB__ -DDEBUG -D__CODE_RED -D__USE_CMSIS=CMSISv2p00_LPC17xx -I"/home/chuby/Dropbox/WorkSpace/CMSISv2p00_LPC17xx/inc" -O0 -g3 -Wall -c -fmessage-length=0 -fno-builtin -ffunction-sections -fdata-sections -mcpu=cortex-m3 -mthumb -MMD -MP -MF"src/hci_dump.d" -MT"src/hci_dump.d" -o "src/hci_dump.o" "../src/hci_dump.c"
Finished building: ../src/hci_dump.c
 
Building file: ../src/hci_transport_h4_dma.c
Invoking: MCU C Compiler
arm-none-eabi-gcc -D__REDLIB__ -DDEBUG -D__CODE_RED -D__USE_CMSIS=CMSISv2p00_LPC17xx -I"/home/chuby/Dropbox/WorkSpace/CMSISv2p00_LPC17xx/inc" -O0 -g3 -Wall -c -fmessage-length=0 -fno-builtin -ffunction-sections -fdata-sections -mcpu=cortex-m3 -mthumb -MMD -MP -MF"src/hci_transport_h4_dma.d" -MT"src/hci_transport_h4_dma.d" -o "src/hci_transport_h4_dma.o" "../src/hci_transport_h4_dma.c"
Finished building: ../src/hci_transport_h4_dma.c
 
Building file: ../src/l2cap.c
Invoking: MCU C Compiler
arm-none-eabi-gcc -D__REDLIB__ -DDEBUG -D__CODE_RED -D__USE_CMSIS=CMSISv2p00_LPC17xx -I"/home/chuby/Dropbox/WorkSpace/CMSISv2p00_LPC17xx/inc" -O0 -g3 -Wall -c -fmessage-length=0 -fno-builtin -ffunction-sections -fdata-sections -mcpu=cortex-m3 -mthumb -MMD -MP -MF"src/l2cap.d" -MT"src/l2cap.d" -o "src/l2cap.o" "../src/l2cap.c"
Finished building: ../src/l2cap.c
 
Building file: ../src/l2cap_signaling.c
Invoking: MCU C Compiler
arm-none-eabi-gcc -D__REDLIB__ -DDEBUG -D__CODE_RED -D__USE_CMSIS=CMSISv2p00_LPC17xx -I"/home/chuby/Dropbox/WorkSpace/CMSISv2p00_LPC17xx/inc" -O0 -g3 -Wall -c -fmessage-length=0 -fno-builtin -ffunction-sections -fdata-sections -mcpu=cortex-m3 -mthumb -MMD -MP -MF"src/l2cap_signaling.d" -MT"src/l2cap_signaling.d" -o "src/l2cap_signaling.o" "../src/l2cap_signaling.c"
Finished building: ../src/l2cap_signaling.c
 
Building file: ../src/linked_list.c
Invoking: MCU C Compiler
arm-none-eabi-gcc -D__REDLIB__ -DDEBUG -D__CODE_RED -D__USE_CMSIS=CMSISv2p00_LPC17xx -I"/home/chuby/Dropbox/WorkSpace/CMSISv2p00_LPC17xx/inc" -O0 -g3 -Wall -c -fmessage-length=0 -fno-builtin -ffunction-sections -fdata-sections -mcpu=cortex-m3 -mthumb -MMD -MP -MF"src/linked_list.d" -MT"src/linked_list.d" -o "src/linked_list.o" "../src/linked_list.c"
Finished building: ../src/linked_list.c
 
Building file: ../src/lpc17xx_clkpwr.c
Invoking: MCU C Compiler
arm-none-eabi-gcc -D__REDLIB__ -DDEBUG -D__CODE_RED -D__USE_CMSIS=CMSISv2p00_LPC17xx -I"/home/chuby/Dropbox/WorkSpace/CMSISv2p00_LPC17xx/inc" -O0 -g3 -Wall -c -fmessage-length=0 -fno-builtin -ffunction-sections -fdata-sections -mcpu=cortex-m3 -mthumb -MMD -MP -MF"src/lpc17xx_clkpwr.d" -MT"src/lpc17xx_clkpwr.d" -o "src/lpc17xx_clkpwr.o" "../src/lpc17xx_clkpwr.c"
../src/main.c:59:13: warning: 'att_packet_handler' defined but not used [-Wunused-function]
Finished building: ../src/lpc17xx_clkpwr.c
 
Building file: ../src/lpc17xx_libcfg_default.c
Invoking: MCU C Compiler
arm-none-eabi-gcc -D__REDLIB__ -DDEBUG -D__CODE_RED -D__USE_CMSIS=CMSISv2p00_LPC17xx -I"/home/chuby/Dropbox/WorkSpace/CMSISv2p00_LPC17xx/inc" -O0 -g3 -Wall -c -fmessage-length=0 -fno-builtin -ffunction-sections -fdata-sections -mcpu=cortex-m3 -mthumb -MMD -MP -MF"src/lpc17xx_libcfg_default.d" -MT"src/lpc17xx_libcfg_default.d" -o "src/lpc17xx_libcfg_default.o" "../src/lpc17xx_libcfg_default.c"
Finished building: ../src/lpc17xx_libcfg_default.c
 
Building file: ../src/lpc17xx_pinsel.c
Invoking: MCU C Compiler
arm-none-eabi-gcc -D__REDLIB__ -DDEBUG -D__CODE_RED -D__USE_CMSIS=CMSISv2p00_LPC17xx -I"/home/chuby/Dropbox/WorkSpace/CMSISv2p00_LPC17xx/inc" -O0 -g3 -Wall -c -fmessage-length=0 -fno-builtin -ffunction-sections -fdata-sections -mcpu=cortex-m3 -mthumb -MMD -MP -MF"src/lpc17xx_pinsel.d" -MT"src/lpc17xx_pinsel.d" -o "src/lpc17xx_pinsel.o" "../src/lpc17xx_pinsel.c"
Finished building: ../src/lpc17xx_pinsel.c
 
Building file: ../src/lpc17xx_timer.c
Invoking: MCU C Compiler
arm-none-eabi-gcc -D__REDLIB__ -DDEBUG -D__CODE_RED -D__USE_CMSIS=CMSISv2p00_LPC17xx -I"/home/chuby/Dropbox/WorkSpace/CMSISv2p00_LPC17xx/inc" -O0 -g3 -Wall -c -fmessage-length=0 -fno-builtin -ffunction-sections -fdata-sections -mcpu=cortex-m3 -mthumb -MMD -MP -MF"src/lpc17xx_timer.d" -MT"src/lpc17xx_timer.d" -o "src/lpc17xx_timer.o" "../src/lpc17xx_timer.c"
Finished building: ../src/lpc17xx_timer.c
 
Building file: ../src/lpc17xx_uart.c
Invoking: MCU C Compiler
arm-none-eabi-gcc -D__REDLIB__ -DDEBUG -D__CODE_RED -D__USE_CMSIS=CMSISv2p00_LPC17xx -I"/home/chuby/Dropbox/WorkSpace/CMSISv2p00_LPC17xx/inc" -O0 -g3 -Wall -c -fmessage-length=0 -fno-builtin -ffunction-sections -fdata-sections -mcpu=cortex-m3 -mthumb -MMD -MP -MF"src/lpc17xx_uart.d" -MT"src/lpc17xx_uart.d" -o "src/lpc17xx_uart.o" "../src/lpc17xx_uart.c"
Finished building: ../src/lpc17xx_uart.c
 
Building file: ../src/main.c
Invoking: MCU C Compiler
arm-none-eabi-gcc -D__REDLIB__ -DDEBUG -D__CODE_RED -D__USE_CMSIS=CMSISv2p00_LPC17xx -I"/home/chuby/Dropbox/WorkSpace/CMSISv2p00_LPC17xx/inc" -O0 -g3 -Wall -c -fmessage-length=0 -fno-builtin -ffunction-sections -fdata-sections -mcpu=cortex-m3 -mthumb -MMD -MP -MF"src/main.d" -MT"src/main.d" -o "src/main.o" "../src/main.c"
Finished building: ../src/main.c
 
Building file: ../src/memory_pool.c
Invoking: MCU C Compiler
arm-none-eabi-gcc -D__REDLIB__ -DDEBUG -D__CODE_RED -D__USE_CMSIS=CMSISv2p00_LPC17xx -I"/home/chuby/Dropbox/WorkSpace/CMSISv2p00_LPC17xx/inc" -O0 -g3 -Wall -c -fmessage-length=0 -fno-builtin -ffunction-sections -fdata-sections -mcpu=cortex-m3 -mthumb -MMD -MP -MF"src/memory_pool.d" -MT"src/memory_pool.d" -o "src/memory_pool.o" "../src/memory_pool.c"
Finished building: ../src/memory_pool.c
 
Building file: ../src/remote_device_db_memory.c
Invoking: MCU C Compiler
arm-none-eabi-gcc -D__REDLIB__ -DDEBUG -D__CODE_RED -D__USE_CMSIS=CMSISv2p00_LPC17xx -I"/home/chuby/Dropbox/WorkSpace/CMSISv2p00_LPC17xx/inc" -O0 -g3 -Wall -c -fmessage-length=0 -fno-builtin -ffunction-sections -fdata-sections -mcpu=cortex-m3 -mthumb -MMD -MP -MF"src/remote_device_db_memory.d" -MT"src/remote_device_db_memory.d" -o "src/remote_device_db_memory.o" "../src/remote_device_db_memory.c"
Finished building: ../src/remote_device_db_memory.c
 
Building file: ../src/rfcomm.c
Invoking: MCU C Compiler
arm-none-eabi-gcc -D__REDLIB__ -DDEBUG -D__CODE_RED -D__USE_CMSIS=CMSISv2p00_LPC17xx -I"/home/chuby/Dropbox/WorkSpace/CMSISv2p00_LPC17xx/inc" -O0 -g3 -Wall -c -fmessage-length=0 -fno-builtin -ffunction-sections -fdata-sections -mcpu=cortex-m3 -mthumb -MMD -MP -MF"src/rfcomm.d" -MT"src/rfcomm.d" -o "src/rfcomm.o" "../src/rfcomm.c"
Finished building: ../src/rfcomm.c
 
Building file: ../src/run_loop.c
Invoking: MCU C Compiler
arm-none-eabi-gcc -D__REDLIB__ -DDEBUG -D__CODE_RED -D__USE_CMSIS=CMSISv2p00_LPC17xx -I"/home/chuby/Dropbox/WorkSpace/CMSISv2p00_LPC17xx/inc" -O0 -g3 -Wall -c -fmessage-length=0 -fno-builtin -ffunction-sections -fdata-sections -mcpu=cortex-m3 -mthumb -MMD -MP -MF"src/run_loop.d" -MT"src/run_loop.d" -o "src/run_loop.o" "../src/run_loop.c"
Finished building: ../src/run_loop.c
 
Building file: ../src/run_loop_embedded.c
Invoking: MCU C Compiler
arm-none-eabi-gcc -D__REDLIB__ -DDEBUG -D__CODE_RED -D__USE_CMSIS=CMSISv2p00_LPC17xx -I"/home/chuby/Dropbox/WorkSpace/CMSISv2p00_LPC17xx/inc" -O0 -g3 -Wall -c -fmessage-length=0 -fno-builtin -ffunction-sections -fdata-sections -mcpu=cortex-m3 -mthumb -MMD -MP -MF"src/run_loop_embedded.d" -MT"src/run_loop_embedded.d" -o "src/run_loop_embedded.o" "../src/run_loop_embedded.c"
Finished building: ../src/run_loop_embedded.c
 
Building file: ../src/sdp_util.c
Invoking: MCU C Compiler
arm-none-eabi-gcc -D__REDLIB__ -DDEBUG -D__CODE_RED -D__USE_CMSIS=CMSISv2p00_LPC17xx -I"/home/chuby/Dropbox/WorkSpace/CMSISv2p00_LPC17xx/inc" -O0 -g3 -Wall -c -fmessage-length=0 -fno-builtin -ffunction-sections -fdata-sections -mcpu=cortex-m3 -mthumb -MMD -MP -MF"src/sdp_util.d" -MT"src/sdp_util.d" -o "src/sdp_util.o" "../src/sdp_util.c"
Finished building: ../src/sdp_util.c
 
Building file: ../src/utils.c
Invoking: MCU C Compiler
arm-none-eabi-gcc -D__REDLIB__ -DDEBUG -D__CODE_RED -D__USE_CMSIS=CMSISv2p00_LPC17xx -I"/home/chuby/Dropbox/WorkSpace/CMSISv2p00_LPC17xx/inc" -O0 -g3 -Wall -c -fmessage-length=0 -fno-builtin -ffunction-sections -fdata-sections -mcpu=cortex-m3 -mthumb -MMD -MP -MF"src/utils.d" -MT"src/utils.d" -o "src/utils.o" "../src/utils.c"
Finished building: ../src/utils.c
 
Building target: EBN_Anchor_Node.axf
Invoking: MCU Linker
arm-none-eabi-gcc -nostdlib -L"/home/chuby/Dropbox/WorkSpace/CMSISv2p00_LPC17xx/Debug" -Xlinker -Map="EBN_Anchor_Node.map" -Xlinker --gc-sections -mcpu=cortex-m3 -mthumb -T "EBN_Anchor_Node_Debug.ld" -o "EBN_Anchor_Node.axf"  ./src/att.o ./src/btstack_memory.o ./src/cr_startup_lpc176x.o ./src/hal_cpu.o ./src/hal_tick.o ./src/hal_uart_dma.o ./src/hci.o ./src/hci_cmds.o ./src/hci_dump.o ./src/hci_transport_h4_dma.o ./src/l2cap.o ./src/l2cap_signaling.o ./src/linked_list.o ./src/lpc17xx_clkpwr.o ./src/lpc17xx_libcfg_default.o ./src/lpc17xx_pinsel.o ./src/lpc17xx_timer.o ./src/lpc17xx_uart.o ./src/main.o ./src/memory_pool.o ./src/remote_device_db_memory.o ./src/rfcomm.o ./src/run_loop.o ./src/run_loop_embedded.o ./src/sdp_util.o ./src/utils.o   -lCMSISv2p00_LPC17xx
Finished building target: EBN_Anchor_Node.axf
 
make --no-print-directory post-build
Performing post-build steps
arm-none-eabi-size "EBN_Anchor_Node.axf"; # arm-none-eabi-objcopy -O binary "EBN_Anchor_Node.axf" "EBN_Anchor_Node.bin" ; checksum -p LPC1769 -d "EBN_Anchor_Node.bin";
   text	   data	    bss	    dec	    hex	filename
  35024	     68	   1236	  36328	   8de8	EBN_Anchor_Node.axf
 

15:27:50 Build Finished (took 5s.92ms)

